<?xml version="1.0" encoding="UTF-8"?>
<testsuites name="jest tests" tests="119" failures="40" errors="0" time="3.852">
  <testsuite name="undefined" errors="0" failures="0" skipped="0" timestamp="2025-08-11T01:15:59" time="0.634" tests="2">
    <testcase classname=" renders login page for unauthenticated users" name=" renders login page for unauthenticated users" time="0.049">
    </testcase>
    <testcase classname=" renders customer login form by default" name=" renders customer login form by default" time="0.005">
    </testcase>
  </testsuite>
  <testsuite name="localStorage utilities" errors="0" failures="0" skipped="0" timestamp="2025-08-11T01:15:59" time="0.052" tests="12">
    <testcase classname="localStorage utilities Customer management should store and retrieve customers correctly" name="localStorage utilities Customer management should store and retrieve customers correctly" time="0">
    </testcase>
    <testcase classname="localStorage utilities Customer management should handle empty customers array" name="localStorage utilities Customer management should handle empty customers array" time="0">
    </testcase>
    <testcase classname="localStorage utilities Customer management should handle null localStorage value" name="localStorage utilities Customer management should handle null localStorage value" time="0">
    </testcase>
    <testcase classname="localStorage utilities Group classes management should store and retrieve group classes" name="localStorage utilities Group classes management should store and retrieve group classes" time="0.001">
    </testcase>
    <testcase classname="localStorage utilities Group classes management should handle class enrollment updates" name="localStorage utilities Group classes management should handle class enrollment updates" time="0.001">
    </testcase>
    <testcase classname="localStorage utilities Available slots management should store and retrieve available slots" name="localStorage utilities Available slots management should store and retrieve available slots" time="0">
    </testcase>
    <testcase classname="localStorage utilities Available slots management should handle slot booking updates" name="localStorage utilities Available slots management should handle slot booking updates" time="0">
    </testcase>
    <testcase classname="localStorage utilities Bookings management should store and retrieve bookings" name="localStorage utilities Bookings management should store and retrieve bookings" time="0">
    </testcase>
    <testcase classname="localStorage utilities Data validation should validate email format" name="localStorage utilities Data validation should validate email format" time="0.001">
    </testcase>
    <testcase classname="localStorage utilities Data validation should validate date objects" name="localStorage utilities Data validation should validate date objects" time="0">
    </testcase>
    <testcase classname="localStorage utilities Error handling should handle JSON parsing errors gracefully" name="localStorage utilities Error handling should handle JSON parsing errors gracefully" time="0.001">
    </testcase>
    <testcase classname="localStorage utilities Error handling should handle localStorage access errors" name="localStorage utilities Error handling should handle localStorage access errors" time="0">
    </testcase>
  </testsuite>
  <testsuite name="Email Service" errors="0" failures="7" skipped="0" timestamp="2025-08-11T01:15:58" time="0.981" tests="20">
    <testcase classname="Email Service EmailService.sendEmail should send email successfully with valid configuration" name="Email Service EmailService.sendEmail should send email successfully with valid configuration" time="0.008">
      <failure>Error: expect(received).toBe(expected) // Object.is equality

Expected: &quot;Email sent successfully!&quot;
Received: &quot;Email sent successfully (Demo Mode)&quot;
    at Object.&lt;anonymous&gt; (/Users/nathanaronson/amp/dog-training-scheduler/src/services/emailService.test.ts:52:30)
    at processTicksAndRejections (node:internal/process/task_queues:105:5)</failure>
    </testcase>
    <testcase classname="Email Service EmailService.sendEmail should use demo mode when EmailJS is not configured" name="Email Service EmailService.sendEmail should use demo mode when EmailJS is not configured" time="0.002">
    </testcase>
    <testcase classname="Email Service EmailService.sendEmail should handle EmailJS service errors" name="Email Service EmailService.sendEmail should handle EmailJS service errors" time="0.001">
      <failure>Error: expect(received).toBe(expected) // Object.is equality

Expected: false
Received: true
    at Object.&lt;anonymous&gt; (/Users/nathanaronson/amp/dog-training-scheduler/src/services/emailService.test.ts:85:30)
    at processTicksAndRejections (node:internal/process/task_queues:105:5)</failure>
    </testcase>
    <testcase classname="Email Service EmailService.sendEmail should handle network errors" name="Email Service EmailService.sendEmail should handle network errors" time="0.001">
      <failure>Error: expect(received).toBe(expected) // Object.is equality

Expected: false
Received: true
    at Object.&lt;anonymous&gt; (/Users/nathanaronson/amp/dog-training-scheduler/src/services/emailService.test.ts:98:30)
    at processTicksAndRejections (node:internal/process/task_queues:105:5)</failure>
    </testcase>
    <testcase classname="Email Service EmailService.sendEmail should log demo mode email content" name="Email Service EmailService.sendEmail should log demo mode email content" time="0.001">
    </testcase>
    <testcase classname="Email Service EmailService.sendBookingEmail should send booking confirmation email" name="Email Service EmailService.sendBookingEmail should send booking confirmation email" time="0.055">
    </testcase>
    <testcase classname="Email Service EmailService.sendBookingEmail should handle missing template gracefully" name="Email Service EmailService.sendBookingEmail should handle missing template gracefully" time="0.001">
    </testcase>
    <testcase classname="Email Service EmailService.sendBookingEmail should include custom data in email" name="Email Service EmailService.sendBookingEmail should include custom data in email" time="0.001">
    </testcase>
    <testcase classname="Email Service EmailService.sendBookingEmail should format date correctly" name="Email Service EmailService.sendBookingEmail should format date correctly" time="0.001">
    </testcase>
    <testcase classname="Email Service EmailService.sendBookingEmail should handle booking without notes" name="Email Service EmailService.sendBookingEmail should handle booking without notes" time="0.001">
    </testcase>
    <testcase classname="Email Service Template System should have required email templates" name="Email Service Template System should have required email templates" time="0.001">
      <failure>Error: expect(received).toContain(expected) // indexOf

Expected value: &quot;cancellation_notice&quot;
Received array: [&quot;booking_confirmation&quot;, &quot;lesson_reminder&quot;, &quot;follow_up&quot;, &quot;custom&quot;]
    at Object.&lt;anonymous&gt; (/Users/nathanaronson/amp/dog-training-scheduler/src/services/emailService.test.ts:204:27)
    at Promise.then.completed (/Users/nathanaronson/amp/dog-training-scheduler/node_modules/jest-circus/build/utils.js:391:28)
    at new Promise (&lt;anonymous&gt;)
    at callAsyncCircusFn (/Users/nathanaronson/amp/dog-training-scheduler/node_modules/jest-circus/build/utils.js:316:10)
    at _callCircusTest (/Users/nathanaronson/amp/dog-training-scheduler/node_modules/jest-circus/build/run.js:218:40)
    at processTicksAndRejections (node:internal/process/task_queues:105:5)
    at _runTest (/Users/nathanaronson/amp/dog-training-scheduler/node_modules/jest-circus/build/run.js:155:3)
    at _runTestsForDescribeBlock (/Users/nathanaronson/amp/dog-training-scheduler/node_modules/jest-circus/build/run.js:66:9)
    at _runTestsForDescribeBlock (/Users/nathanaronson/amp/dog-training-scheduler/node_modules/jest-circus/build/run.js:60:9)
    at _runTestsForDescribeBlock (/Users/nathanaronson/amp/dog-training-scheduler/node_modules/jest-circus/build/run.js:60:9)
    at run (/Users/nathanaronson/amp/dog-training-scheduler/node_modules/jest-circus/build/run.js:25:3)
    at runAndTransformResultsToJestFormat (/Users/nathanaronson/amp/dog-training-scheduler/node_modules/jest-circus/build/legacy-code-todo-rewrite/jestAdapterInit.js:170:21)
    at jestAdapter (/Users/nathanaronson/amp/dog-training-scheduler/node_modules/jest-circus/build/legacy-code-todo-rewrite/jestAdapter.js:82:19)
    at runTestInternal (/Users/nathanaronson/amp/dog-training-scheduler/node_modules/jest-runner/build/runTest.js:389:16)
    at runTest (/Users/nathanaronson/amp/dog-training-scheduler/node_modules/jest-runner/build/runTest.js:475:34)
    at Object.worker (/Users/nathanaronson/amp/dog-training-scheduler/node_modules/jest-runner/build/testWorker.js:133:12)</failure>
    </testcase>
    <testcase classname="Email Service Template System should have properly structured templates" name="Email Service Template System should have properly structured templates" time="0.001">
    </testcase>
    <testcase classname="Email Service Template System should include customer and dog variables in all templates" name="Email Service Template System should include customer and dog variables in all templates" time="0">
    </testcase>
    <testcase classname="Email Service Template Variable Replacement should replace template variables correctly" name="Email Service Template Variable Replacement should replace template variables correctly" time="0.001">
      <failure>Error: expect(received).toContain(expected) // indexOf

Expected substring: &quot;Test User&quot;
Received string:    &quot;Your Private Lesson is Confirmed! 🐕&quot;
    at Object.&lt;anonymous&gt; (/Users/nathanaronson/amp/dog-training-scheduler/src/services/emailService.test.ts:257:25)
    at Promise.then.completed (/Users/nathanaronson/amp/dog-training-scheduler/node_modules/jest-circus/build/utils.js:391:28)
    at new Promise (&lt;anonymous&gt;)
    at callAsyncCircusFn (/Users/nathanaronson/amp/dog-training-scheduler/node_modules/jest-circus/build/utils.js:316:10)
    at _callCircusTest (/Users/nathanaronson/amp/dog-training-scheduler/node_modules/jest-circus/build/run.js:218:40)
    at processTicksAndRejections (node:internal/process/task_queues:105:5)
    at _runTest (/Users/nathanaronson/amp/dog-training-scheduler/node_modules/jest-circus/build/run.js:155:3)
    at _runTestsForDescribeBlock (/Users/nathanaronson/amp/dog-training-scheduler/node_modules/jest-circus/build/run.js:66:9)
    at _runTestsForDescribeBlock (/Users/nathanaronson/amp/dog-training-scheduler/node_modules/jest-circus/build/run.js:60:9)
    at _runTestsForDescribeBlock (/Users/nathanaronson/amp/dog-training-scheduler/node_modules/jest-circus/build/run.js:60:9)
    at run (/Users/nathanaronson/amp/dog-training-scheduler/node_modules/jest-circus/build/run.js:25:3)
    at runAndTransformResultsToJestFormat (/Users/nathanaronson/amp/dog-training-scheduler/node_modules/jest-circus/build/legacy-code-todo-rewrite/jestAdapterInit.js:170:21)
    at jestAdapter (/Users/nathanaronson/amp/dog-training-scheduler/node_modules/jest-circus/build/legacy-code-todo-rewrite/jestAdapter.js:82:19)
    at runTestInternal (/Users/nathanaronson/amp/dog-training-scheduler/node_modules/jest-runner/build/runTest.js:389:16)
    at runTest (/Users/nathanaronson/amp/dog-training-scheduler/node_modules/jest-runner/build/runTest.js:475:34)
    at Object.worker (/Users/nathanaronson/amp/dog-training-scheduler/node_modules/jest-runner/build/testWorker.js:133:12)</failure>
    </testcase>
    <testcase classname="Email Service Template Variable Replacement should handle missing template variables gracefully" name="Email Service Template Variable Replacement should handle missing template variables gracefully" time="0.001">
    </testcase>
    <testcase classname="Email Service Error Handling should handle invalid booking data" name="Email Service Error Handling should handle invalid booking data" time="0.001">
    </testcase>
    <testcase classname="Email Service Error Handling should handle invalid customer data" name="Email Service Error Handling should handle invalid customer data" time="0">
    </testcase>
    <testcase classname="Email Service Error Handling should handle EmailJS initialization errors" name="Email Service Error Handling should handle EmailJS initialization errors" time="0.001">
      <failure>Error: expect(received).toBe(expected) // Object.is equality

Expected: false
Received: true
    at Object.&lt;anonymous&gt; (/Users/nathanaronson/amp/dog-training-scheduler/src/services/emailService.test.ts:335:30)
    at processTicksAndRejections (node:internal/process/task_queues:105:5)</failure>
    </testcase>
    <testcase classname="Email Service Integration Tests should handle complete booking email workflow" name="Email Service Integration Tests should handle complete booking email workflow" time="0.001">
    </testcase>
    <testcase classname="Email Service Integration Tests should handle lesson notes email workflow" name="Email Service Integration Tests should handle lesson notes email workflow" time="0">
      <failure>Error: expect(received).toBe(expected) // Object.is equality

Expected: true
Received: false
    at Object.&lt;anonymous&gt; (/Users/nathanaronson/amp/dog-training-scheduler/src/services/emailService.test.ts:386:30)
    at processTicksAndRejections (node:internal/process/task_queues:105:5)</failure>
    </testcase>
  </testsuite>
  <testsuite name="GroupClasses Component" errors="0" failures="15" skipped="0" timestamp="2025-08-11T01:15:58" time="1.025" tests="16">
    <testcase classname="GroupClasses Component renders group classes list" name="GroupClasses Component renders group classes list" time="0.114">
      <failure>TestingLibraryElementError: Unable to find an element with the text: Group Classes. This could be because the text is broken up by multiple elements. In this case, you can provide a function for your text matcher to make your matcher more flexible.

Ignored nodes: comments, script, style
&lt;body&gt;
  &lt;div&gt;
    &lt;div
      class=&quot;group-classes&quot;
    &gt;
      &lt;div
        class=&quot;card&quot;
      &gt;
        &lt;h2&gt;
          🐩 Group Training Classes 🐩
        &lt;/h2&gt;
        &lt;div
          class=&quot;enrollment-form&quot;
        &gt;
          &lt;h3&gt;
            Client Information
          &lt;/h3&gt;
          &lt;div
            class=&quot;form-row&quot;
          &gt;
            &lt;input
              placeholder=&quot;Your Name&quot;
              type=&quot;text&quot;
              value=&quot;&quot;
            /&gt;
            &lt;input
              placeholder=&quot;Your Email&quot;
              type=&quot;email&quot;
              value=&quot;&quot;
            /&gt;
          &lt;/div&gt;
        &lt;/div&gt;
        &lt;div
          class=&quot;classes-grid&quot;
        &gt;
          &lt;div
            class=&quot;class-card&quot;
          &gt;
            &lt;div
              class=&quot;class-header&quot;
            &gt;
              &lt;h3&gt;
                Foundation Skills
              &lt;/h3&gt;
              &lt;span
                class=&quot;level-badge&quot;
                style=&quot;background-color: rgb(233, 30, 99);&quot;
              &gt;
                Introductory skills
              &lt;/span&gt;
            &lt;/div&gt;
            &lt;p
              class=&quot;class-description&quot;
            &gt;
              Perfect for dogs learning their first commands!
            &lt;/p&gt;
            &lt;div
              class=&quot;class-details&quot;
            &gt;
              &lt;div
                class=&quot;detail-item&quot;
              &gt;
                &lt;strong&gt;
                  📅 Schedule:
                &lt;/strong&gt;
                 
                Tuesdays &amp; Thursdays, 10:00 AM - 11:00 AM
              &lt;/div&gt;
              &lt;div
                class=&quot;detail-item&quot;
              &gt;
                &lt;strong&gt;
                  💰 Price:
                &lt;/strong&gt;
                 $
                120
                 (4 weeks)
              &lt;/div&gt;
              &lt;div
                class=&quot;detail-item&quot;
              &gt;
                &lt;strong&gt;
                  👥 Spots Available:
                &lt;/strong&gt;
                &lt;span
                  class=&quot;full&quot;
                &gt;
                  0
                   / 
                  8
                &lt;/span&gt;
              &lt;/div&gt;
            &lt;/div&gt;
            &lt;button
              class=&quot;btn enroll-btn&quot;
              disabled=&quot;&quot;
            &gt;
              Join Waitlist 📝
            &lt;/button&gt;
          &lt;/div&gt;
          &lt;div
            class=&quot;class-card&quot;
          &gt;
            &lt;div
              class=&quot;class-header&quot;
            &gt;
              &lt;h3&gt;
                Puppy Foundations
              &lt;/h3&gt;
              &lt;span
                class=&quot;level-badge&quot;
                style=&quot;background-color: rgb(233, 30, 99);&quot;
              &gt;
                Puppy
              &lt;/span&gt;
            &lt;/div&gt;
            &lt;p
              class=&quot;class-description&quot;
            &gt;
              Socialization and basic training for puppies 8-16 weeks old.
            &lt;/p&gt;
            &lt;div
              class=&quot;class-details&quot;
            &gt;
              &lt;div
                class=&quot;detail-item&quot;
              &gt;
                &lt;strong&gt;
                  📅 Schedule:
                &lt;/strong&gt;
                 
                Saturdays, 2:00 PM - 3:30 PM
              &lt;/div&gt;
              &lt;div
                class=&quot;detail-item&quot;
              &gt;
                &lt;strong&gt;
                  💰 Price:
                &lt;/strong&gt;
                 $
                180
                 (4 weeks)
              &lt;/div&gt;
              &lt;div
                class=&quot;detail-item&quot;
              &gt;
                &lt;strong&gt;
                  👥 Spots Available:
                &lt;/strong&gt;
                &lt;span
                  class=&quot;available&quot;
                &gt;
                  5
                   / 
                  6
                &lt;/span&gt;
              &lt;/div&gt;
            &lt;/div&gt;
            &lt;button
              class=&quot;btn enroll-btn&quot;
              disabled=&quot;&quot;
            &gt;
              Enroll Now! 💖
            &lt;/button&gt;
            &lt;div
              class=&quot;enrolled-list&quot;
            &gt;
              &lt;strong&gt;
                Enrolled Students:
              &lt;/strong&gt;
              &lt;ul&gt;
                &lt;li&gt;
                  John Doe (john@example.com)
                  &lt;button
                    class=&quot;cancel-btn&quot;
                    title=&quot;Cancel enrollment&quot;
                  &gt;
                    ❌
                  &lt;/button&gt;
                &lt;/li&gt;
                &lt;li&gt;
                  Jane Smith (jane@example.com)
                  &lt;button
                    class=&quot;cancel-btn&quot;
                    title=&quot;Cancel enrollment&quot;
                  &gt;
                    ❌
                  &lt;/button&gt;
                &lt;/li&gt;
                &lt;li&gt;
                  Bob Wilson (bob@example.com)
                  &lt;button
                    class=&quot;cancel-btn&quot;
                    title=&quot;Cancel enrollment&quot;
                  &gt;
                    ❌
                  &lt;/button&gt;
                &lt;/li&gt;
                &lt;li&gt;
                  Alice Brown (alice@example.com)
                  &lt;button
                    class=&quot;cancel-btn&quot;
                    title=&quot;Cancel enrollment&quot;
                  &gt;
                    ❌
                  &lt;/button&gt;
                &lt;/li&gt;
                &lt;li&gt;
                  Charlie Davis (charlie@example.com)
                  &lt;button
                    class=&quot;cancel-btn&quot;
                    title=&quot;Cancel enrollment&quot;
                  &gt;
                    ❌
                  &lt;/button&gt;
                &lt;/li&gt;
              &lt;/ul&gt;
            &lt;/div&gt;
          &lt;/div&gt;
        &lt;/div&gt;
      &lt;/div&gt;
    &lt;/div&gt;
  &lt;/div&gt;
&lt;/body&gt;
    at Object.getElementError (/Users/nathanaronson/amp/dog-training-scheduler/node_modules/@testing-library/dom/dist/config.js:37:19)
    at /Users/nathanaronson/amp/dog-training-scheduler/node_modules/@testing-library/dom/dist/query-helpers.js:76:38
    at /Users/nathanaronson/amp/dog-training-scheduler/node_modules/@testing-library/dom/dist/query-helpers.js:52:17
    at getByText (/Users/nathanaronson/amp/dog-training-scheduler/node_modules/@testing-library/dom/dist/query-helpers.js:95:19)
    at Object.&lt;anonymous&gt; (/Users/nathanaronson/amp/dog-training-scheduler/src/components/GroupClasses.test.tsx:58:19)
    at Promise.then.completed (/Users/nathanaronson/amp/dog-training-scheduler/node_modules/jest-circus/build/utils.js:391:28)
    at new Promise (&lt;anonymous&gt;)
    at callAsyncCircusFn (/Users/nathanaronson/amp/dog-training-scheduler/node_modules/jest-circus/build/utils.js:316:10)
    at _callCircusTest (/Users/nathanaronson/amp/dog-training-scheduler/node_modules/jest-circus/build/run.js:218:40)
    at processTicksAndRejections (node:internal/process/task_queues:105:5)
    at _runTest (/Users/nathanaronson/amp/dog-training-scheduler/node_modules/jest-circus/build/run.js:155:3)
    at _runTestsForDescribeBlock (/Users/nathanaronson/amp/dog-training-scheduler/node_modules/jest-circus/build/run.js:66:9)
    at _runTestsForDescribeBlock (/Users/nathanaronson/amp/dog-training-scheduler/node_modules/jest-circus/build/run.js:60:9)
    at run (/Users/nathanaronson/amp/dog-training-scheduler/node_modules/jest-circus/build/run.js:25:3)
    at runAndTransformResultsToJestFormat (/Users/nathanaronson/amp/dog-training-scheduler/node_modules/jest-circus/build/legacy-code-todo-rewrite/jestAdapterInit.js:170:21)
    at jestAdapter (/Users/nathanaronson/amp/dog-training-scheduler/node_modules/jest-circus/build/legacy-code-todo-rewrite/jestAdapter.js:82:19)
    at runTestInternal (/Users/nathanaronson/amp/dog-training-scheduler/node_modules/jest-runner/build/runTest.js:389:16)
    at runTest (/Users/nathanaronson/amp/dog-training-scheduler/node_modules/jest-runner/build/runTest.js:475:34)
    at Object.worker (/Users/nathanaronson/amp/dog-training-scheduler/node_modules/jest-runner/build/testWorker.js:133:12)</failure>
    </testcase>
    <testcase classname="GroupClasses Component displays class information correctly" name="GroupClasses Component displays class information correctly" time="0.032">
      <failure>TestingLibraryElementError: Unable to find an element with the text: $120. This could be because the text is broken up by multiple elements. In this case, you can provide a function for your text matcher to make your matcher more flexible.

Ignored nodes: comments, script, style
&lt;body&gt;
  &lt;div&gt;
    &lt;div
      class=&quot;group-classes&quot;
    &gt;
      &lt;div
        class=&quot;card&quot;
      &gt;
        &lt;h2&gt;
          🐩 Group Training Classes 🐩
        &lt;/h2&gt;
        &lt;div
          class=&quot;enrollment-form&quot;
        &gt;
          &lt;h3&gt;
            Client Information
          &lt;/h3&gt;
          &lt;div
            class=&quot;form-row&quot;
          &gt;
            &lt;input
              placeholder=&quot;Your Name&quot;
              type=&quot;text&quot;
              value=&quot;&quot;
            /&gt;
            &lt;input
              placeholder=&quot;Your Email&quot;
              type=&quot;email&quot;
              value=&quot;&quot;
            /&gt;
          &lt;/div&gt;
        &lt;/div&gt;
        &lt;div
          class=&quot;classes-grid&quot;
        &gt;
          &lt;div
            class=&quot;class-card&quot;
          &gt;
            &lt;div
              class=&quot;class-header&quot;
            &gt;
              &lt;h3&gt;
                Foundation Skills
              &lt;/h3&gt;
              &lt;span
                class=&quot;level-badge&quot;
                style=&quot;background-color: rgb(233, 30, 99);&quot;
              &gt;
                Introductory skills
              &lt;/span&gt;
            &lt;/div&gt;
            &lt;p
              class=&quot;class-description&quot;
            &gt;
              Perfect for dogs learning their first commands!
            &lt;/p&gt;
            &lt;div
              class=&quot;class-details&quot;
            &gt;
              &lt;div
                class=&quot;detail-item&quot;
              &gt;
                &lt;strong&gt;
                  📅 Schedule:
                &lt;/strong&gt;
                 
                Tuesdays &amp; Thursdays, 10:00 AM - 11:00 AM
              &lt;/div&gt;
              &lt;div
                class=&quot;detail-item&quot;
              &gt;
                &lt;strong&gt;
                  💰 Price:
                &lt;/strong&gt;
                 $
                120
                 (4 weeks)
              &lt;/div&gt;
              &lt;div
                class=&quot;detail-item&quot;
              &gt;
                &lt;strong&gt;
                  👥 Spots Available:
                &lt;/strong&gt;
                &lt;span
                  class=&quot;full&quot;
                &gt;
                  0
                   / 
                  8
                &lt;/span&gt;
              &lt;/div&gt;
            &lt;/div&gt;
            &lt;button
              class=&quot;btn enroll-btn&quot;
              disabled=&quot;&quot;
            &gt;
              Join Waitlist 📝
            &lt;/button&gt;
          &lt;/div&gt;
          &lt;div
            class=&quot;class-card&quot;
          &gt;
            &lt;div
              class=&quot;class-header&quot;
            &gt;
              &lt;h3&gt;
                Puppy Foundations
              &lt;/h3&gt;
              &lt;span
                class=&quot;level-badge&quot;
                style=&quot;background-color: rgb(233, 30, 99);&quot;
              &gt;
                Puppy
              &lt;/span&gt;
            &lt;/div&gt;
            &lt;p
              class=&quot;class-description&quot;
            &gt;
              Socialization and basic training for puppies 8-16 weeks old.
            &lt;/p&gt;
            &lt;div
              class=&quot;class-details&quot;
            &gt;
              &lt;div
                class=&quot;detail-item&quot;
              &gt;
                &lt;strong&gt;
                  📅 Schedule:
                &lt;/strong&gt;
                 
                Saturdays, 2:00 PM - 3:30 PM
              &lt;/div&gt;
              &lt;div
                class=&quot;detail-item&quot;
              &gt;
                &lt;strong&gt;
                  💰 Price:
                &lt;/strong&gt;
                 $
                180
                 (4 weeks)
              &lt;/div&gt;
              &lt;div
                class=&quot;detail-item&quot;
              &gt;
                &lt;strong&gt;
                  👥 Spots Available:
                &lt;/strong&gt;
                &lt;span
                  class=&quot;available&quot;
                &gt;
                  5
                   / 
                  6
                &lt;/span&gt;
              &lt;/div&gt;
            &lt;/div&gt;
            &lt;button
              class=&quot;btn enroll-btn&quot;
              disabled=&quot;&quot;
            &gt;
              Enroll Now! 💖
            &lt;/button&gt;
            &lt;div
              class=&quot;enrolled-list&quot;
            &gt;
              &lt;strong&gt;
                Enrolled Students:
              &lt;/strong&gt;
              &lt;ul&gt;
                &lt;li&gt;
                  John Doe (john@example.com)
                  &lt;button
                    class=&quot;cancel-btn&quot;
                    title=&quot;Cancel enrollment&quot;
                  &gt;
                    ❌
                  &lt;/button&gt;
                &lt;/li&gt;
                &lt;li&gt;
                  Jane Smith (jane@example.com)
                  &lt;button
                    class=&quot;cancel-btn&quot;
                    title=&quot;Cancel enrollment&quot;
                  &gt;
                    ❌
                  &lt;/button&gt;
                &lt;/li&gt;
                &lt;li&gt;
                  Bob Wilson (bob@example.com)
                  &lt;button
                    class=&quot;cancel-btn&quot;
                    title=&quot;Cancel enrollment&quot;
                  &gt;
                    ❌
                  &lt;/button&gt;
                &lt;/li&gt;
                &lt;li&gt;
                  Alice Brown (alice@example.com)
                  &lt;button
                    class=&quot;cancel-btn&quot;
                    title=&quot;Cancel enrollment&quot;
                  &gt;
                    ❌
                  &lt;/button&gt;
                &lt;/li&gt;
                &lt;li&gt;
                  Charlie Davis (charlie@example.com)
                  &lt;button
                    class=&quot;cancel-btn&quot;
                    title=&quot;Cancel enrollment&quot;
                  &gt;
                    ❌
                  &lt;/button&gt;
                &lt;/li&gt;
              &lt;/ul&gt;
            &lt;/div&gt;
          &lt;/div&gt;
        &lt;/div&gt;
      &lt;/div&gt;
    &lt;/div&gt;
  &lt;/div&gt;
&lt;/body&gt;
    at Object.getElementError (/Users/nathanaronson/amp/dog-training-scheduler/node_modules/@testing-library/dom/dist/config.js:37:19)
    at /Users/nathanaronson/amp/dog-training-scheduler/node_modules/@testing-library/dom/dist/query-helpers.js:76:38
    at /Users/nathanaronson/amp/dog-training-scheduler/node_modules/@testing-library/dom/dist/query-helpers.js:52:17
    at getByText (/Users/nathanaronson/amp/dog-training-scheduler/node_modules/@testing-library/dom/dist/query-helpers.js:95:19)
    at Object.&lt;anonymous&gt; (/Users/nathanaronson/amp/dog-training-scheduler/src/components/GroupClasses.test.tsx:68:19)
    at Promise.then.completed (/Users/nathanaronson/amp/dog-training-scheduler/node_modules/jest-circus/build/utils.js:391:28)
    at new Promise (&lt;anonymous&gt;)
    at callAsyncCircusFn (/Users/nathanaronson/amp/dog-training-scheduler/node_modules/jest-circus/build/utils.js:316:10)
    at _callCircusTest (/Users/nathanaronson/amp/dog-training-scheduler/node_modules/jest-circus/build/run.js:218:40)
    at processTicksAndRejections (node:internal/process/task_queues:105:5)
    at _runTest (/Users/nathanaronson/amp/dog-training-scheduler/node_modules/jest-circus/build/run.js:155:3)
    at _runTestsForDescribeBlock (/Users/nathanaronson/amp/dog-training-scheduler/node_modules/jest-circus/build/run.js:66:9)
    at _runTestsForDescribeBlock (/Users/nathanaronson/amp/dog-training-scheduler/node_modules/jest-circus/build/run.js:60:9)
    at run (/Users/nathanaronson/amp/dog-training-scheduler/node_modules/jest-circus/build/run.js:25:3)
    at runAndTransformResultsToJestFormat (/Users/nathanaronson/amp/dog-training-scheduler/node_modules/jest-circus/build/legacy-code-todo-rewrite/jestAdapterInit.js:170:21)
    at jestAdapter (/Users/nathanaronson/amp/dog-training-scheduler/node_modules/jest-circus/build/legacy-code-todo-rewrite/jestAdapter.js:82:19)
    at runTestInternal (/Users/nathanaronson/amp/dog-training-scheduler/node_modules/jest-runner/build/runTest.js:389:16)
    at runTest (/Users/nathanaronson/amp/dog-training-scheduler/node_modules/jest-runner/build/runTest.js:475:34)
    at Object.worker (/Users/nathanaronson/amp/dog-training-scheduler/node_modules/jest-runner/build/testWorker.js:133:12)</failure>
    </testcase>
    <testcase classname="GroupClasses Component shows different enrollment statuses" name="GroupClasses Component shows different enrollment statuses" time="0.01">
      <failure>TestingLibraryElementError: Unable to find an element with the text: 0/8 enrolled. This could be because the text is broken up by multiple elements. In this case, you can provide a function for your text matcher to make your matcher more flexible.

Ignored nodes: comments, script, style
&lt;body&gt;
  &lt;div&gt;
    &lt;div
      class=&quot;group-classes&quot;
    &gt;
      &lt;div
        class=&quot;card&quot;
      &gt;
        &lt;h2&gt;
          🐩 Group Training Classes 🐩
        &lt;/h2&gt;
        &lt;div
          class=&quot;enrollment-form&quot;
        &gt;
          &lt;h3&gt;
            Client Information
          &lt;/h3&gt;
          &lt;div
            class=&quot;form-row&quot;
          &gt;
            &lt;input
              placeholder=&quot;Your Name&quot;
              type=&quot;text&quot;
              value=&quot;&quot;
            /&gt;
            &lt;input
              placeholder=&quot;Your Email&quot;
              type=&quot;email&quot;
              value=&quot;&quot;
            /&gt;
          &lt;/div&gt;
        &lt;/div&gt;
        &lt;div
          class=&quot;classes-grid&quot;
        &gt;
          &lt;div
            class=&quot;class-card&quot;
          &gt;
            &lt;div
              class=&quot;class-header&quot;
            &gt;
              &lt;h3&gt;
                Foundation Skills
              &lt;/h3&gt;
              &lt;span
                class=&quot;level-badge&quot;
                style=&quot;background-color: rgb(233, 30, 99);&quot;
              &gt;
                Introductory skills
              &lt;/span&gt;
            &lt;/div&gt;
            &lt;p
              class=&quot;class-description&quot;
            &gt;
              Perfect for dogs learning their first commands!
            &lt;/p&gt;
            &lt;div
              class=&quot;class-details&quot;
            &gt;
              &lt;div
                class=&quot;detail-item&quot;
              &gt;
                &lt;strong&gt;
                  📅 Schedule:
                &lt;/strong&gt;
                 
                Tuesdays &amp; Thursdays, 10:00 AM - 11:00 AM
              &lt;/div&gt;
              &lt;div
                class=&quot;detail-item&quot;
              &gt;
                &lt;strong&gt;
                  💰 Price:
                &lt;/strong&gt;
                 $
                120
                 (4 weeks)
              &lt;/div&gt;
              &lt;div
                class=&quot;detail-item&quot;
              &gt;
                &lt;strong&gt;
                  👥 Spots Available:
                &lt;/strong&gt;
                &lt;span
                  class=&quot;full&quot;
                &gt;
                  0
                   / 
                  8
                &lt;/span&gt;
              &lt;/div&gt;
            &lt;/div&gt;
            &lt;button
              class=&quot;btn enroll-btn&quot;
              disabled=&quot;&quot;
            &gt;
              Join Waitlist 📝
            &lt;/button&gt;
          &lt;/div&gt;
          &lt;div
            class=&quot;class-card&quot;
          &gt;
            &lt;div
              class=&quot;class-header&quot;
            &gt;
              &lt;h3&gt;
                Puppy Foundations
              &lt;/h3&gt;
              &lt;span
                class=&quot;level-badge&quot;
                style=&quot;background-color: rgb(233, 30, 99);&quot;
              &gt;
                Puppy
              &lt;/span&gt;
            &lt;/div&gt;
            &lt;p
              class=&quot;class-description&quot;
            &gt;
              Socialization and basic training for puppies 8-16 weeks old.
            &lt;/p&gt;
            &lt;div
              class=&quot;class-details&quot;
            &gt;
              &lt;div
                class=&quot;detail-item&quot;
              &gt;
                &lt;strong&gt;
                  📅 Schedule:
                &lt;/strong&gt;
                 
                Saturdays, 2:00 PM - 3:30 PM
              &lt;/div&gt;
              &lt;div
                class=&quot;detail-item&quot;
              &gt;
                &lt;strong&gt;
                  💰 Price:
                &lt;/strong&gt;
                 $
                180
                 (4 weeks)
              &lt;/div&gt;
              &lt;div
                class=&quot;detail-item&quot;
              &gt;
                &lt;strong&gt;
                  👥 Spots Available:
                &lt;/strong&gt;
                &lt;span
                  class=&quot;available&quot;
                &gt;
                  5
                   / 
                  6
                &lt;/span&gt;
              &lt;/div&gt;
            &lt;/div&gt;
            &lt;button
              class=&quot;btn enroll-btn&quot;
              disabled=&quot;&quot;
            &gt;
              Enroll Now! 💖
            &lt;/button&gt;
            &lt;div
              class=&quot;enrolled-list&quot;
            &gt;
              &lt;strong&gt;
                Enrolled Students:
              &lt;/strong&gt;
              &lt;ul&gt;
                &lt;li&gt;
                  John Doe (john@example.com)
                  &lt;button
                    class=&quot;cancel-btn&quot;
                    title=&quot;Cancel enrollment&quot;
                  &gt;
                    ❌
                  &lt;/button&gt;
                &lt;/li&gt;
                &lt;li&gt;
                  Jane Smith (jane@example.com)
                  &lt;button
                    class=&quot;cancel-btn&quot;
                    title=&quot;Cancel enrollment&quot;
                  &gt;
                    ❌
                  &lt;/button&gt;
                &lt;/li&gt;
                &lt;li&gt;
                  Bob Wilson (bob@example.com)
                  &lt;button
                    class=&quot;cancel-btn&quot;
                    title=&quot;Cancel enrollment&quot;
                  &gt;
                    ❌
                  &lt;/button&gt;
                &lt;/li&gt;
                &lt;li&gt;
                  Alice Brown (alice@example.com)
                  &lt;button
                    class=&quot;cancel-btn&quot;
                    title=&quot;Cancel enrollment&quot;
                  &gt;
                    ❌
                  &lt;/button&gt;
                &lt;/li&gt;
                &lt;li&gt;
                  Charlie Davis (charlie@example.com)
                  &lt;button
                    class=&quot;cancel-btn&quot;
                    title=&quot;Cancel enrollment&quot;
                  &gt;
                    ❌
                  &lt;/button&gt;
                &lt;/li&gt;
              &lt;/ul&gt;
            &lt;/div&gt;
          &lt;/div&gt;
        &lt;/div&gt;
      &lt;/div&gt;
    &lt;/div&gt;
  &lt;/div&gt;
&lt;/body&gt;
    at Object.getElementError (/Users/nathanaronson/amp/dog-training-scheduler/node_modules/@testing-library/dom/dist/config.js:37:19)
    at /Users/nathanaronson/amp/dog-training-scheduler/node_modules/@testing-library/dom/dist/query-helpers.js:76:38
    at /Users/nathanaronson/amp/dog-training-scheduler/node_modules/@testing-library/dom/dist/query-helpers.js:52:17
    at getByText (/Users/nathanaronson/amp/dog-training-scheduler/node_modules/@testing-library/dom/dist/query-helpers.js:95:19)
    at Object.&lt;anonymous&gt; (/Users/nathanaronson/amp/dog-training-scheduler/src/components/GroupClasses.test.tsx:76:19)
    at Promise.then.completed (/Users/nathanaronson/amp/dog-training-scheduler/node_modules/jest-circus/build/utils.js:391:28)
    at new Promise (&lt;anonymous&gt;)
    at callAsyncCircusFn (/Users/nathanaronson/amp/dog-training-scheduler/node_modules/jest-circus/build/utils.js:316:10)
    at _callCircusTest (/Users/nathanaronson/amp/dog-training-scheduler/node_modules/jest-circus/build/run.js:218:40)
    at processTicksAndRejections (node:internal/process/task_queues:105:5)
    at _runTest (/Users/nathanaronson/amp/dog-training-scheduler/node_modules/jest-circus/build/run.js:155:3)
    at _runTestsForDescribeBlock (/Users/nathanaronson/amp/dog-training-scheduler/node_modules/jest-circus/build/run.js:66:9)
    at _runTestsForDescribeBlock (/Users/nathanaronson/amp/dog-training-scheduler/node_modules/jest-circus/build/run.js:60:9)
    at run (/Users/nathanaronson/amp/dog-training-scheduler/node_modules/jest-circus/build/run.js:25:3)
    at runAndTransformResultsToJestFormat (/Users/nathanaronson/amp/dog-training-scheduler/node_modules/jest-circus/build/legacy-code-todo-rewrite/jestAdapterInit.js:170:21)
    at jestAdapter (/Users/nathanaronson/amp/dog-training-scheduler/node_modules/jest-circus/build/legacy-code-todo-rewrite/jestAdapter.js:82:19)
    at runTestInternal (/Users/nathanaronson/amp/dog-training-scheduler/node_modules/jest-runner/build/runTest.js:389:16)
    at runTest (/Users/nathanaronson/amp/dog-training-scheduler/node_modules/jest-runner/build/runTest.js:475:34)
    at Object.worker (/Users/nathanaronson/amp/dog-training-scheduler/node_modules/jest-runner/build/testWorker.js:133:12)</failure>
    </testcase>
    <testcase classname="GroupClasses Component displays correct level colors" name="GroupClasses Component displays correct level colors" time="0.048">
      <failure>Error: expect(element).toHaveStyle()

- Expected

- backgroundColor: rgb(76, 175, 80);
    at Object.&lt;anonymous&gt; (/Users/nathanaronson/amp/dog-training-scheduler/src/components/GroupClasses.test.tsx:88:45)
    at Promise.then.completed (/Users/nathanaronson/amp/dog-training-scheduler/node_modules/jest-circus/build/utils.js:391:28)
    at new Promise (&lt;anonymous&gt;)
    at callAsyncCircusFn (/Users/nathanaronson/amp/dog-training-scheduler/node_modules/jest-circus/build/utils.js:316:10)
    at _callCircusTest (/Users/nathanaronson/amp/dog-training-scheduler/node_modules/jest-circus/build/run.js:218:40)
    at processTicksAndRejections (node:internal/process/task_queues:105:5)
    at _runTest (/Users/nathanaronson/amp/dog-training-scheduler/node_modules/jest-circus/build/run.js:155:3)
    at _runTestsForDescribeBlock (/Users/nathanaronson/amp/dog-training-scheduler/node_modules/jest-circus/build/run.js:66:9)
    at _runTestsForDescribeBlock (/Users/nathanaronson/amp/dog-training-scheduler/node_modules/jest-circus/build/run.js:60:9)
    at run (/Users/nathanaronson/amp/dog-training-scheduler/node_modules/jest-circus/build/run.js:25:3)
    at runAndTransformResultsToJestFormat (/Users/nathanaronson/amp/dog-training-scheduler/node_modules/jest-circus/build/legacy-code-todo-rewrite/jestAdapterInit.js:170:21)
    at jestAdapter (/Users/nathanaronson/amp/dog-training-scheduler/node_modules/jest-circus/build/legacy-code-todo-rewrite/jestAdapter.js:82:19)
    at runTestInternal (/Users/nathanaronson/amp/dog-training-scheduler/node_modules/jest-runner/build/runTest.js:389:16)
    at runTest (/Users/nathanaronson/amp/dog-training-scheduler/node_modules/jest-runner/build/runTest.js:475:34)
    at Object.worker (/Users/nathanaronson/amp/dog-training-scheduler/node_modules/jest-runner/build/testWorker.js:133:12)</failure>
    </testcase>
    <testcase classname="GroupClasses Component opens enrollment modal when enroll button is clicked" name="GroupClasses Component opens enrollment modal when enroll button is clicked" time="0.013">
      <failure>TestingLibraryElementError: Unable to find an element with the text: Enroll Now. This could be because the text is broken up by multiple elements. In this case, you can provide a function for your text matcher to make your matcher more flexible.

Ignored nodes: comments, script, style
&lt;body&gt;
  &lt;div&gt;
    &lt;div
      class=&quot;group-classes&quot;
    &gt;
      &lt;div
        class=&quot;card&quot;
      &gt;
        &lt;h2&gt;
          🐩 Group Training Classes 🐩
        &lt;/h2&gt;
        &lt;div
          class=&quot;enrollment-form&quot;
        &gt;
          &lt;h3&gt;
            Client Information
          &lt;/h3&gt;
          &lt;div
            class=&quot;form-row&quot;
          &gt;
            &lt;input
              placeholder=&quot;Your Name&quot;
              type=&quot;text&quot;
              value=&quot;&quot;
            /&gt;
            &lt;input
              placeholder=&quot;Your Email&quot;
              type=&quot;email&quot;
              value=&quot;&quot;
            /&gt;
          &lt;/div&gt;
        &lt;/div&gt;
        &lt;div
          class=&quot;classes-grid&quot;
        &gt;
          &lt;div
            class=&quot;class-card&quot;
          &gt;
            &lt;div
              class=&quot;class-header&quot;
            &gt;
              &lt;h3&gt;
                Foundation Skills
              &lt;/h3&gt;
              &lt;span
                class=&quot;level-badge&quot;
                style=&quot;background-color: rgb(233, 30, 99);&quot;
              &gt;
                Introductory skills
              &lt;/span&gt;
            &lt;/div&gt;
            &lt;p
              class=&quot;class-description&quot;
            &gt;
              Perfect for dogs learning their first commands!
            &lt;/p&gt;
            &lt;div
              class=&quot;class-details&quot;
            &gt;
              &lt;div
                class=&quot;detail-item&quot;
              &gt;
                &lt;strong&gt;
                  📅 Schedule:
                &lt;/strong&gt;
                 
                Tuesdays &amp; Thursdays, 10:00 AM - 11:00 AM
              &lt;/div&gt;
              &lt;div
                class=&quot;detail-item&quot;
              &gt;
                &lt;strong&gt;
                  💰 Price:
                &lt;/strong&gt;
                 $
                120
                 (4 weeks)
              &lt;/div&gt;
              &lt;div
                class=&quot;detail-item&quot;
              &gt;
                &lt;strong&gt;
                  👥 Spots Available:
                &lt;/strong&gt;
                &lt;span
                  class=&quot;full&quot;
                &gt;
                  0
                   / 
                  8
                &lt;/span&gt;
              &lt;/div&gt;
            &lt;/div&gt;
            &lt;button
              class=&quot;btn enroll-btn&quot;
              disabled=&quot;&quot;
            &gt;
              Join Waitlist 📝
            &lt;/button&gt;
          &lt;/div&gt;
          &lt;div
            class=&quot;class-card&quot;
          &gt;
            &lt;div
              class=&quot;class-header&quot;
            &gt;
              &lt;h3&gt;
                Puppy Foundations
              &lt;/h3&gt;
              &lt;span
                class=&quot;level-badge&quot;
                style=&quot;background-color: rgb(233, 30, 99);&quot;
              &gt;
                Puppy
              &lt;/span&gt;
            &lt;/div&gt;
            &lt;p
              class=&quot;class-description&quot;
            &gt;
              Socialization and basic training for puppies 8-16 weeks old.
            &lt;/p&gt;
            &lt;div
              class=&quot;class-details&quot;
            &gt;
              &lt;div
                class=&quot;detail-item&quot;
              &gt;
                &lt;strong&gt;
                  📅 Schedule:
                &lt;/strong&gt;
                 
                Saturdays, 2:00 PM - 3:30 PM
              &lt;/div&gt;
              &lt;div
                class=&quot;detail-item&quot;
              &gt;
                &lt;strong&gt;
                  💰 Price:
                &lt;/strong&gt;
                 $
                180
                 (4 weeks)
              &lt;/div&gt;
              &lt;div
                class=&quot;detail-item&quot;
              &gt;
                &lt;strong&gt;
                  👥 Spots Available:
                &lt;/strong&gt;
                &lt;span
                  class=&quot;available&quot;
                &gt;
                  5
                   / 
                  6
                &lt;/span&gt;
              &lt;/div&gt;
            &lt;/div&gt;
            &lt;button
              class=&quot;btn enroll-btn&quot;
              disabled=&quot;&quot;
            &gt;
              Enroll Now! 💖
            &lt;/button&gt;
            &lt;div
              class=&quot;enrolled-list&quot;
            &gt;
              &lt;strong&gt;
                Enrolled Students:
              &lt;/strong&gt;
              &lt;ul&gt;
                &lt;li&gt;
                  John Doe (john@example.com)
                  &lt;button
                    class=&quot;cancel-btn&quot;
                    title=&quot;Cancel enrollment&quot;
                  &gt;
                    ❌
                  &lt;/button&gt;
                &lt;/li&gt;
                &lt;li&gt;
                  Jane Smith (jane@example.com)
                  &lt;button
                    class=&quot;cancel-btn&quot;
                    title=&quot;Cancel enrollment&quot;
                  &gt;
                    ❌
                  &lt;/button&gt;
                &lt;/li&gt;
                &lt;li&gt;
                  Bob Wilson (bob@example.com)
                  &lt;button
                    class=&quot;cancel-btn&quot;
                    title=&quot;Cancel enrollment&quot;
                  &gt;
                    ❌
                  &lt;/button&gt;
                &lt;/li&gt;
                &lt;li&gt;
                  Alice Brown (alice@example.com)
                  &lt;button
                    class=&quot;cancel-btn&quot;
                    title=&quot;Cancel enrollment&quot;
                  &gt;
                    ❌
                  &lt;/button&gt;
                &lt;/li&gt;
                &lt;li&gt;
                  Charlie Davis (charlie@example.com)
                  &lt;button
                    class=&quot;cancel-btn&quot;
                    title=&quot;Cancel enrollment&quot;
                  &gt;
                    ❌
                  &lt;/button&gt;
                &lt;/li&gt;
              &lt;/ul&gt;
            &lt;/div&gt;
          &lt;/div&gt;
        &lt;/div&gt;
      &lt;/div&gt;
    &lt;/div&gt;
  &lt;/div&gt;
&lt;/body&gt;
    at Object.getElementError (/Users/nathanaronson/amp/dog-training-scheduler/node_modules/@testing-library/dom/dist/config.js:37:19)
    at /Users/nathanaronson/amp/dog-training-scheduler/node_modules/@testing-library/dom/dist/query-helpers.js:76:38
    at getAllByText (/Users/nathanaronson/amp/dog-training-scheduler/node_modules/@testing-library/dom/dist/query-helpers.js:109:15)
    at Object.&lt;anonymous&gt; (/Users/nathanaronson/amp/dog-training-scheduler/src/components/GroupClasses.test.tsx:97:34)
    at Promise.then.completed (/Users/nathanaronson/amp/dog-training-scheduler/node_modules/jest-circus/build/utils.js:391:28)
    at new Promise (&lt;anonymous&gt;)
    at callAsyncCircusFn (/Users/nathanaronson/amp/dog-training-scheduler/node_modules/jest-circus/build/utils.js:316:10)
    at _callCircusTest (/Users/nathanaronson/amp/dog-training-scheduler/node_modules/jest-circus/build/run.js:218:40)
    at processTicksAndRejections (node:internal/process/task_queues:105:5)
    at _runTest (/Users/nathanaronson/amp/dog-training-scheduler/node_modules/jest-circus/build/run.js:155:3)
    at _runTestsForDescribeBlock (/Users/nathanaronson/amp/dog-training-scheduler/node_modules/jest-circus/build/run.js:66:9)
    at _runTestsForDescribeBlock (/Users/nathanaronson/amp/dog-training-scheduler/node_modules/jest-circus/build/run.js:60:9)
    at run (/Users/nathanaronson/amp/dog-training-scheduler/node_modules/jest-circus/build/run.js:25:3)
    at runAndTransformResultsToJestFormat (/Users/nathanaronson/amp/dog-training-scheduler/node_modules/jest-circus/build/legacy-code-todo-rewrite/jestAdapterInit.js:170:21)
    at jestAdapter (/Users/nathanaronson/amp/dog-training-scheduler/node_modules/jest-circus/build/legacy-code-todo-rewrite/jestAdapter.js:82:19)
    at runTestInternal (/Users/nathanaronson/amp/dog-training-scheduler/node_modules/jest-runner/build/runTest.js:389:16)
    at runTest (/Users/nathanaronson/amp/dog-training-scheduler/node_modules/jest-runner/build/runTest.js:475:34)
    at Object.worker (/Users/nathanaronson/amp/dog-training-scheduler/node_modules/jest-runner/build/testWorker.js:133:12)</failure>
    </testcase>
    <testcase classname="GroupClasses Component validates enrollment form fields" name="GroupClasses Component validates enrollment form fields" time="0.016">
      <failure>TestingLibraryElementError: Unable to find an element with the text: Enroll Now. This could be because the text is broken up by multiple elements. In this case, you can provide a function for your text matcher to make your matcher more flexible.

Ignored nodes: comments, script, style
&lt;body&gt;
  &lt;div&gt;
    &lt;div
      class=&quot;group-classes&quot;
    &gt;
      &lt;div
        class=&quot;card&quot;
      &gt;
        &lt;h2&gt;
          🐩 Group Training Classes 🐩
        &lt;/h2&gt;
        &lt;div
          class=&quot;enrollment-form&quot;
        &gt;
          &lt;h3&gt;
            Client Information
          &lt;/h3&gt;
          &lt;div
            class=&quot;form-row&quot;
          &gt;
            &lt;input
              placeholder=&quot;Your Name&quot;
              type=&quot;text&quot;
              value=&quot;&quot;
            /&gt;
            &lt;input
              placeholder=&quot;Your Email&quot;
              type=&quot;email&quot;
              value=&quot;&quot;
            /&gt;
          &lt;/div&gt;
        &lt;/div&gt;
        &lt;div
          class=&quot;classes-grid&quot;
        &gt;
          &lt;div
            class=&quot;class-card&quot;
          &gt;
            &lt;div
              class=&quot;class-header&quot;
            &gt;
              &lt;h3&gt;
                Foundation Skills
              &lt;/h3&gt;
              &lt;span
                class=&quot;level-badge&quot;
                style=&quot;background-color: rgb(233, 30, 99);&quot;
              &gt;
                Introductory skills
              &lt;/span&gt;
            &lt;/div&gt;
            &lt;p
              class=&quot;class-description&quot;
            &gt;
              Perfect for dogs learning their first commands!
            &lt;/p&gt;
            &lt;div
              class=&quot;class-details&quot;
            &gt;
              &lt;div
                class=&quot;detail-item&quot;
              &gt;
                &lt;strong&gt;
                  📅 Schedule:
                &lt;/strong&gt;
                 
                Tuesdays &amp; Thursdays, 10:00 AM - 11:00 AM
              &lt;/div&gt;
              &lt;div
                class=&quot;detail-item&quot;
              &gt;
                &lt;strong&gt;
                  💰 Price:
                &lt;/strong&gt;
                 $
                120
                 (4 weeks)
              &lt;/div&gt;
              &lt;div
                class=&quot;detail-item&quot;
              &gt;
                &lt;strong&gt;
                  👥 Spots Available:
                &lt;/strong&gt;
                &lt;span
                  class=&quot;full&quot;
                &gt;
                  0
                   / 
                  8
                &lt;/span&gt;
              &lt;/div&gt;
            &lt;/div&gt;
            &lt;button
              class=&quot;btn enroll-btn&quot;
              disabled=&quot;&quot;
            &gt;
              Join Waitlist 📝
            &lt;/button&gt;
          &lt;/div&gt;
          &lt;div
            class=&quot;class-card&quot;
          &gt;
            &lt;div
              class=&quot;class-header&quot;
            &gt;
              &lt;h3&gt;
                Puppy Foundations
              &lt;/h3&gt;
              &lt;span
                class=&quot;level-badge&quot;
                style=&quot;background-color: rgb(233, 30, 99);&quot;
              &gt;
                Puppy
              &lt;/span&gt;
            &lt;/div&gt;
            &lt;p
              class=&quot;class-description&quot;
            &gt;
              Socialization and basic training for puppies 8-16 weeks old.
            &lt;/p&gt;
            &lt;div
              class=&quot;class-details&quot;
            &gt;
              &lt;div
                class=&quot;detail-item&quot;
              &gt;
                &lt;strong&gt;
                  📅 Schedule:
                &lt;/strong&gt;
                 
                Saturdays, 2:00 PM - 3:30 PM
              &lt;/div&gt;
              &lt;div
                class=&quot;detail-item&quot;
              &gt;
                &lt;strong&gt;
                  💰 Price:
                &lt;/strong&gt;
                 $
                180
                 (4 weeks)
              &lt;/div&gt;
              &lt;div
                class=&quot;detail-item&quot;
              &gt;
                &lt;strong&gt;
                  👥 Spots Available:
                &lt;/strong&gt;
                &lt;span
                  class=&quot;available&quot;
                &gt;
                  5
                   / 
                  6
                &lt;/span&gt;
              &lt;/div&gt;
            &lt;/div&gt;
            &lt;button
              class=&quot;btn enroll-btn&quot;
              disabled=&quot;&quot;
            &gt;
              Enroll Now! 💖
            &lt;/button&gt;
            &lt;div
              class=&quot;enrolled-list&quot;
            &gt;
              &lt;strong&gt;
                Enrolled Students:
              &lt;/strong&gt;
              &lt;ul&gt;
                &lt;li&gt;
                  John Doe (john@example.com)
                  &lt;button
                    class=&quot;cancel-btn&quot;
                    title=&quot;Cancel enrollment&quot;
                  &gt;
                    ❌
                  &lt;/button&gt;
                &lt;/li&gt;
                &lt;li&gt;
                  Jane Smith (jane@example.com)
                  &lt;button
                    class=&quot;cancel-btn&quot;
                    title=&quot;Cancel enrollment&quot;
                  &gt;
                    ❌
                  &lt;/button&gt;
                &lt;/li&gt;
                &lt;li&gt;
                  Bob Wilson (bob@example.com)
                  &lt;button
                    class=&quot;cancel-btn&quot;
                    title=&quot;Cancel enrollment&quot;
                  &gt;
                    ❌
                  &lt;/button&gt;
                &lt;/li&gt;
                &lt;li&gt;
                  Alice Brown (alice@example.com)
                  &lt;button
                    class=&quot;cancel-btn&quot;
                    title=&quot;Cancel enrollment&quot;
                  &gt;
                    ❌
                  &lt;/button&gt;
                &lt;/li&gt;
                &lt;li&gt;
                  Charlie Davis (charlie@example.com)
                  &lt;button
                    class=&quot;cancel-btn&quot;
                    title=&quot;Cancel enrollment&quot;
                  &gt;
                    ❌
                  &lt;/button&gt;
                &lt;/li&gt;
              &lt;/ul&gt;
            &lt;/div&gt;
          &lt;/div&gt;
        &lt;/div&gt;
      &lt;/div&gt;
    &lt;/div&gt;
  &lt;/div&gt;
&lt;/body&gt;
    at Object.getElementError (/Users/nathanaronson/amp/dog-training-scheduler/node_modules/@testing-library/dom/dist/config.js:37:19)
    at /Users/nathanaronson/amp/dog-training-scheduler/node_modules/@testing-library/dom/dist/query-helpers.js:76:38
    at getAllByText (/Users/nathanaronson/amp/dog-training-scheduler/node_modules/@testing-library/dom/dist/query-helpers.js:109:15)
    at Object.&lt;anonymous&gt; (/Users/nathanaronson/amp/dog-training-scheduler/src/components/GroupClasses.test.tsx:110:34)
    at Promise.then.completed (/Users/nathanaronson/amp/dog-training-scheduler/node_modules/jest-circus/build/utils.js:391:28)
    at new Promise (&lt;anonymous&gt;)
    at callAsyncCircusFn (/Users/nathanaronson/amp/dog-training-scheduler/node_modules/jest-circus/build/utils.js:316:10)
    at _callCircusTest (/Users/nathanaronson/amp/dog-training-scheduler/node_modules/jest-circus/build/run.js:218:40)
    at processTicksAndRejections (node:internal/process/task_queues:105:5)
    at _runTest (/Users/nathanaronson/amp/dog-training-scheduler/node_modules/jest-circus/build/run.js:155:3)
    at _runTestsForDescribeBlock (/Users/nathanaronson/amp/dog-training-scheduler/node_modules/jest-circus/build/run.js:66:9)
    at _runTestsForDescribeBlock (/Users/nathanaronson/amp/dog-training-scheduler/node_modules/jest-circus/build/run.js:60:9)
    at run (/Users/nathanaronson/amp/dog-training-scheduler/node_modules/jest-circus/build/run.js:25:3)
    at runAndTransformResultsToJestFormat (/Users/nathanaronson/amp/dog-training-scheduler/node_modules/jest-circus/build/legacy-code-todo-rewrite/jestAdapterInit.js:170:21)
    at jestAdapter (/Users/nathanaronson/amp/dog-training-scheduler/node_modules/jest-circus/build/legacy-code-todo-rewrite/jestAdapter.js:82:19)
    at runTestInternal (/Users/nathanaronson/amp/dog-training-scheduler/node_modules/jest-runner/build/runTest.js:389:16)
    at runTest (/Users/nathanaronson/amp/dog-training-scheduler/node_modules/jest-runner/build/runTest.js:475:34)
    at Object.worker (/Users/nathanaronson/amp/dog-training-scheduler/node_modules/jest-runner/build/testWorker.js:133:12)</failure>
    </testcase>
    <testcase classname="GroupClasses Component successfully enrolls student in available class" name="GroupClasses Component successfully enrolls student in available class" time="0.064">
      <failure>TestingLibraryElementError: Unable to find an element with the text: Enroll Now. This could be because the text is broken up by multiple elements. In this case, you can provide a function for your text matcher to make your matcher more flexible.

Ignored nodes: comments, script, style
&lt;body&gt;
  &lt;div&gt;
    &lt;div
      class=&quot;group-classes&quot;
    &gt;
      &lt;div
        class=&quot;card&quot;
      &gt;
        &lt;h2&gt;
          🐩 Group Training Classes 🐩
        &lt;/h2&gt;
        &lt;div
          class=&quot;enrollment-form&quot;
        &gt;
          &lt;h3&gt;
            Client Information
          &lt;/h3&gt;
          &lt;div
            class=&quot;form-row&quot;
          &gt;
            &lt;input
              placeholder=&quot;Your Name&quot;
              type=&quot;text&quot;
              value=&quot;&quot;
            /&gt;
            &lt;input
              placeholder=&quot;Your Email&quot;
              type=&quot;email&quot;
              value=&quot;&quot;
            /&gt;
          &lt;/div&gt;
        &lt;/div&gt;
        &lt;div
          class=&quot;classes-grid&quot;
        &gt;
          &lt;div
            class=&quot;class-card&quot;
          &gt;
            &lt;div
              class=&quot;class-header&quot;
            &gt;
              &lt;h3&gt;
                Foundation Skills
              &lt;/h3&gt;
              &lt;span
                class=&quot;level-badge&quot;
                style=&quot;background-color: rgb(233, 30, 99);&quot;
              &gt;
                Introductory skills
              &lt;/span&gt;
            &lt;/div&gt;
            &lt;p
              class=&quot;class-description&quot;
            &gt;
              Perfect for dogs learning their first commands!
            &lt;/p&gt;
            &lt;div
              class=&quot;class-details&quot;
            &gt;
              &lt;div
                class=&quot;detail-item&quot;
              &gt;
                &lt;strong&gt;
                  📅 Schedule:
                &lt;/strong&gt;
                 
                Tuesdays &amp; Thursdays, 10:00 AM - 11:00 AM
              &lt;/div&gt;
              &lt;div
                class=&quot;detail-item&quot;
              &gt;
                &lt;strong&gt;
                  💰 Price:
                &lt;/strong&gt;
                 $
                120
                 (4 weeks)
              &lt;/div&gt;
              &lt;div
                class=&quot;detail-item&quot;
              &gt;
                &lt;strong&gt;
                  👥 Spots Available:
                &lt;/strong&gt;
                &lt;span
                  class=&quot;full&quot;
                &gt;
                  0
                   / 
                  8
                &lt;/span&gt;
              &lt;/div&gt;
            &lt;/div&gt;
            &lt;button
              class=&quot;btn enroll-btn&quot;
              disabled=&quot;&quot;
            &gt;
              Join Waitlist 📝
            &lt;/button&gt;
          &lt;/div&gt;
          &lt;div
            class=&quot;class-card&quot;
          &gt;
            &lt;div
              class=&quot;class-header&quot;
            &gt;
              &lt;h3&gt;
                Puppy Foundations
              &lt;/h3&gt;
              &lt;span
                class=&quot;level-badge&quot;
                style=&quot;background-color: rgb(233, 30, 99);&quot;
              &gt;
                Puppy
              &lt;/span&gt;
            &lt;/div&gt;
            &lt;p
              class=&quot;class-description&quot;
            &gt;
              Socialization and basic training for puppies 8-16 weeks old.
            &lt;/p&gt;
            &lt;div
              class=&quot;class-details&quot;
            &gt;
              &lt;div
                class=&quot;detail-item&quot;
              &gt;
                &lt;strong&gt;
                  📅 Schedule:
                &lt;/strong&gt;
                 
                Saturdays, 2:00 PM - 3:30 PM
              &lt;/div&gt;
              &lt;div
                class=&quot;detail-item&quot;
              &gt;
                &lt;strong&gt;
                  💰 Price:
                &lt;/strong&gt;
                 $
                180
                 (4 weeks)
              &lt;/div&gt;
              &lt;div
                class=&quot;detail-item&quot;
              &gt;
                &lt;strong&gt;
                  👥 Spots Available:
                &lt;/strong&gt;
                &lt;span
                  class=&quot;available&quot;
                &gt;
                  5
                   / 
                  6
                &lt;/span&gt;
              &lt;/div&gt;
            &lt;/div&gt;
            &lt;button
              class=&quot;btn enroll-btn&quot;
              disabled=&quot;&quot;
            &gt;
              Enroll Now! 💖
            &lt;/button&gt;
            &lt;div
              class=&quot;enrolled-list&quot;
            &gt;
              &lt;strong&gt;
                Enrolled Students:
              &lt;/strong&gt;
              &lt;ul&gt;
                &lt;li&gt;
                  John Doe (john@example.com)
                  &lt;button
                    class=&quot;cancel-btn&quot;
                    title=&quot;Cancel enrollment&quot;
                  &gt;
                    ❌
                  &lt;/button&gt;
                &lt;/li&gt;
                &lt;li&gt;
                  Jane Smith (jane@example.com)
                  &lt;button
                    class=&quot;cancel-btn&quot;
                    title=&quot;Cancel enrollment&quot;
                  &gt;
                    ❌
                  &lt;/button&gt;
                &lt;/li&gt;
                &lt;li&gt;
                  Bob Wilson (bob@example.com)
                  &lt;button
                    class=&quot;cancel-btn&quot;
                    title=&quot;Cancel enrollment&quot;
                  &gt;
                    ❌
                  &lt;/button&gt;
                &lt;/li&gt;
                &lt;li&gt;
                  Alice Brown (alice@example.com)
                  &lt;button
                    class=&quot;cancel-btn&quot;
                    title=&quot;Cancel enrollment&quot;
                  &gt;
                    ❌
                  &lt;/button&gt;
                &lt;/li&gt;
                &lt;li&gt;
                  Charlie Davis (charlie@example.com)
                  &lt;button
                    class=&quot;cancel-btn&quot;
                    title=&quot;Cancel enrollment&quot;
                  &gt;
                    ❌
                  &lt;/button&gt;
                &lt;/li&gt;
              &lt;/ul&gt;
            &lt;/div&gt;
          &lt;/div&gt;
        &lt;/div&gt;
      &lt;/div&gt;
    &lt;/div&gt;
  &lt;/div&gt;
&lt;/body&gt;
    at Object.getElementError (/Users/nathanaronson/amp/dog-training-scheduler/node_modules/@testing-library/dom/dist/config.js:37:19)
    at /Users/nathanaronson/amp/dog-training-scheduler/node_modules/@testing-library/dom/dist/query-helpers.js:76:38
    at getAllByText (/Users/nathanaronson/amp/dog-training-scheduler/node_modules/@testing-library/dom/dist/query-helpers.js:109:15)
    at Object.&lt;anonymous&gt; (/Users/nathanaronson/amp/dog-training-scheduler/src/components/GroupClasses.test.tsx:124:34)
    at Promise.then.completed (/Users/nathanaronson/amp/dog-training-scheduler/node_modules/jest-circus/build/utils.js:391:28)
    at new Promise (&lt;anonymous&gt;)
    at callAsyncCircusFn (/Users/nathanaronson/amp/dog-training-scheduler/node_modules/jest-circus/build/utils.js:316:10)
    at _callCircusTest (/Users/nathanaronson/amp/dog-training-scheduler/node_modules/jest-circus/build/run.js:218:40)
    at processTicksAndRejections (node:internal/process/task_queues:105:5)
    at _runTest (/Users/nathanaronson/amp/dog-training-scheduler/node_modules/jest-circus/build/run.js:155:3)
    at _runTestsForDescribeBlock (/Users/nathanaronson/amp/dog-training-scheduler/node_modules/jest-circus/build/run.js:66:9)
    at _runTestsForDescribeBlock (/Users/nathanaronson/amp/dog-training-scheduler/node_modules/jest-circus/build/run.js:60:9)
    at run (/Users/nathanaronson/amp/dog-training-scheduler/node_modules/jest-circus/build/run.js:25:3)
    at runAndTransformResultsToJestFormat (/Users/nathanaronson/amp/dog-training-scheduler/node_modules/jest-circus/build/legacy-code-todo-rewrite/jestAdapterInit.js:170:21)
    at jestAdapter (/Users/nathanaronson/amp/dog-training-scheduler/node_modules/jest-circus/build/legacy-code-todo-rewrite/jestAdapter.js:82:19)
    at runTestInternal (/Users/nathanaronson/amp/dog-training-scheduler/node_modules/jest-runner/build/runTest.js:389:16)
    at runTest (/Users/nathanaronson/amp/dog-training-scheduler/node_modules/jest-runner/build/runTest.js:475:34)
    at Object.worker (/Users/nathanaronson/amp/dog-training-scheduler/node_modules/jest-runner/build/testWorker.js:133:12)</failure>
    </testcase>
    <testcase classname="GroupClasses Component adds student to waitlist when class is full" name="GroupClasses Component adds student to waitlist when class is full" time="0.015">
      <failure>TestingLibraryElementError: Unable to find an element with the text: Join Waitlist. This could be because the text is broken up by multiple elements. In this case, you can provide a function for your text matcher to make your matcher more flexible.

Ignored nodes: comments, script, style
&lt;body&gt;
  &lt;div&gt;
    &lt;div
      class=&quot;group-classes&quot;
    &gt;
      &lt;div
        class=&quot;card&quot;
      &gt;
        &lt;h2&gt;
          🐩 Group Training Classes 🐩
        &lt;/h2&gt;
        &lt;div
          class=&quot;enrollment-form&quot;
        &gt;
          &lt;h3&gt;
            Client Information
          &lt;/h3&gt;
          &lt;div
            class=&quot;form-row&quot;
          &gt;
            &lt;input
              placeholder=&quot;Your Name&quot;
              type=&quot;text&quot;
              value=&quot;&quot;
            /&gt;
            &lt;input
              placeholder=&quot;Your Email&quot;
              type=&quot;email&quot;
              value=&quot;&quot;
            /&gt;
          &lt;/div&gt;
        &lt;/div&gt;
        &lt;div
          class=&quot;classes-grid&quot;
        &gt;
          &lt;div
            class=&quot;class-card&quot;
          &gt;
            &lt;div
              class=&quot;class-header&quot;
            &gt;
              &lt;h3&gt;
                Foundation Skills
              &lt;/h3&gt;
              &lt;span
                class=&quot;level-badge&quot;
                style=&quot;background-color: rgb(233, 30, 99);&quot;
              &gt;
                Introductory skills
              &lt;/span&gt;
            &lt;/div&gt;
            &lt;p
              class=&quot;class-description&quot;
            &gt;
              Perfect for dogs learning their first commands!
            &lt;/p&gt;
            &lt;div
              class=&quot;class-details&quot;
            &gt;
              &lt;div
                class=&quot;detail-item&quot;
              &gt;
                &lt;strong&gt;
                  📅 Schedule:
                &lt;/strong&gt;
                 
                Tuesdays &amp; Thursdays, 10:00 AM - 11:00 AM
              &lt;/div&gt;
              &lt;div
                class=&quot;detail-item&quot;
              &gt;
                &lt;strong&gt;
                  💰 Price:
                &lt;/strong&gt;
                 $
                120
                 (4 weeks)
              &lt;/div&gt;
              &lt;div
                class=&quot;detail-item&quot;
              &gt;
                &lt;strong&gt;
                  👥 Spots Available:
                &lt;/strong&gt;
                &lt;span
                  class=&quot;full&quot;
                &gt;
                  0
                   / 
                  8
                &lt;/span&gt;
              &lt;/div&gt;
            &lt;/div&gt;
            &lt;button
              class=&quot;btn enroll-btn&quot;
              disabled=&quot;&quot;
            &gt;
              Join Waitlist 📝
            &lt;/button&gt;
          &lt;/div&gt;
          &lt;div
            class=&quot;class-card&quot;
          &gt;
            &lt;div
              class=&quot;class-header&quot;
            &gt;
              &lt;h3&gt;
                Puppy Foundations
              &lt;/h3&gt;
              &lt;span
                class=&quot;level-badge&quot;
                style=&quot;background-color: rgb(233, 30, 99);&quot;
              &gt;
                Puppy
              &lt;/span&gt;
            &lt;/div&gt;
            &lt;p
              class=&quot;class-description&quot;
            &gt;
              Socialization and basic training for puppies 8-16 weeks old.
            &lt;/p&gt;
            &lt;div
              class=&quot;class-details&quot;
            &gt;
              &lt;div
                class=&quot;detail-item&quot;
              &gt;
                &lt;strong&gt;
                  📅 Schedule:
                &lt;/strong&gt;
                 
                Saturdays, 2:00 PM - 3:30 PM
              &lt;/div&gt;
              &lt;div
                class=&quot;detail-item&quot;
              &gt;
                &lt;strong&gt;
                  💰 Price:
                &lt;/strong&gt;
                 $
                180
                 (4 weeks)
              &lt;/div&gt;
              &lt;div
                class=&quot;detail-item&quot;
              &gt;
                &lt;strong&gt;
                  👥 Spots Available:
                &lt;/strong&gt;
                &lt;span
                  class=&quot;available&quot;
                &gt;
                  6
                   / 
                  6
                &lt;/span&gt;
              &lt;/div&gt;
            &lt;/div&gt;
            &lt;button
              class=&quot;btn enroll-btn&quot;
              disabled=&quot;&quot;
            &gt;
              Enroll Now! 💖
            &lt;/button&gt;
            &lt;div
              class=&quot;enrolled-list&quot;
            &gt;
              &lt;strong&gt;
                Enrolled Students:
              &lt;/strong&gt;
              &lt;ul&gt;
                &lt;li&gt;
                  John Doe (john@example.com)
                  &lt;button
                    class=&quot;cancel-btn&quot;
                    title=&quot;Cancel enrollment&quot;
                  &gt;
                    ❌
                  &lt;/button&gt;
                &lt;/li&gt;
                &lt;li&gt;
                  Jane Smith (jane@example.com)
                  &lt;button
                    class=&quot;cancel-btn&quot;
                    title=&quot;Cancel enrollment&quot;
                  &gt;
                    ❌
                  &lt;/button&gt;
                &lt;/li&gt;
                &lt;li&gt;
                  Bob Wilson (bob@example.com)
                  &lt;button
                    class=&quot;cancel-btn&quot;
                    title=&quot;Cancel enrollment&quot;
                  &gt;
                    ❌
                  &lt;/button&gt;
                &lt;/li&gt;
                &lt;li&gt;
                  Alice Brown (alice@example.com)
                  &lt;button
                    class=&quot;cancel-btn&quot;
                    title=&quot;Cancel enrollment&quot;
                  &gt;
                    ❌
                  &lt;/button&gt;
                &lt;/li&gt;
                &lt;li&gt;
                  Charlie Davis (charlie@example.com)
                  &lt;button
                    class=&quot;cancel-btn&quot;
                    title=&quot;Cancel enrollment&quot;
                  &gt;
                    ❌
                  &lt;/button&gt;
                &lt;/li&gt;
              &lt;/ul&gt;
            &lt;/div&gt;
          &lt;/div&gt;
        &lt;/div&gt;
      &lt;/div&gt;
    &lt;/div&gt;
  &lt;/div&gt;
&lt;/body&gt;
    at Object.getElementError (/Users/nathanaronson/amp/dog-training-scheduler/node_modules/@testing-library/dom/dist/config.js:37:19)
    at /Users/nathanaronson/amp/dog-training-scheduler/node_modules/@testing-library/dom/dist/query-helpers.js:76:38
    at getAllByText (/Users/nathanaronson/amp/dog-training-scheduler/node_modules/@testing-library/dom/dist/query-helpers.js:109:15)
    at Object.&lt;anonymous&gt; (/Users/nathanaronson/amp/dog-training-scheduler/src/components/GroupClasses.test.tsx:149:34)
    at Promise.then.completed (/Users/nathanaronson/amp/dog-training-scheduler/node_modules/jest-circus/build/utils.js:391:28)
    at new Promise (&lt;anonymous&gt;)
    at callAsyncCircusFn (/Users/nathanaronson/amp/dog-training-scheduler/node_modules/jest-circus/build/utils.js:316:10)
    at _callCircusTest (/Users/nathanaronson/amp/dog-training-scheduler/node_modules/jest-circus/build/run.js:218:40)
    at processTicksAndRejections (node:internal/process/task_queues:105:5)
    at _runTest (/Users/nathanaronson/amp/dog-training-scheduler/node_modules/jest-circus/build/run.js:155:3)
    at _runTestsForDescribeBlock (/Users/nathanaronson/amp/dog-training-scheduler/node_modules/jest-circus/build/run.js:66:9)
    at _runTestsForDescribeBlock (/Users/nathanaronson/amp/dog-training-scheduler/node_modules/jest-circus/build/run.js:60:9)
    at run (/Users/nathanaronson/amp/dog-training-scheduler/node_modules/jest-circus/build/run.js:25:3)
    at runAndTransformResultsToJestFormat (/Users/nathanaronson/amp/dog-training-scheduler/node_modules/jest-circus/build/legacy-code-todo-rewrite/jestAdapterInit.js:170:21)
    at jestAdapter (/Users/nathanaronson/amp/dog-training-scheduler/node_modules/jest-circus/build/legacy-code-todo-rewrite/jestAdapter.js:82:19)
    at runTestInternal (/Users/nathanaronson/amp/dog-training-scheduler/node_modules/jest-runner/build/runTest.js:389:16)
    at runTest (/Users/nathanaronson/amp/dog-training-scheduler/node_modules/jest-runner/build/runTest.js:475:34)
    at Object.worker (/Users/nathanaronson/amp/dog-training-scheduler/node_modules/jest-runner/build/testWorker.js:133:12)</failure>
    </testcase>
    <testcase classname="GroupClasses Component prevents duplicate enrollment" name="GroupClasses Component prevents duplicate enrollment" time="0.024">
      <failure>TestingLibraryElementError: Unable to find an element with the text: Enroll Now. This could be because the text is broken up by multiple elements. In this case, you can provide a function for your text matcher to make your matcher more flexible.

Ignored nodes: comments, script, style
&lt;body&gt;
  &lt;div&gt;
    &lt;div
      class=&quot;group-classes&quot;
    &gt;
      &lt;div
        class=&quot;card&quot;
      &gt;
        &lt;h2&gt;
          🐩 Group Training Classes 🐩
        &lt;/h2&gt;
        &lt;div
          class=&quot;enrollment-form&quot;
        &gt;
          &lt;h3&gt;
            Client Information
          &lt;/h3&gt;
          &lt;div
            class=&quot;form-row&quot;
          &gt;
            &lt;input
              placeholder=&quot;Your Name&quot;
              type=&quot;text&quot;
              value=&quot;&quot;
            /&gt;
            &lt;input
              placeholder=&quot;Your Email&quot;
              type=&quot;email&quot;
              value=&quot;&quot;
            /&gt;
          &lt;/div&gt;
        &lt;/div&gt;
        &lt;div
          class=&quot;classes-grid&quot;
        &gt;
          &lt;div
            class=&quot;class-card&quot;
          &gt;
            &lt;div
              class=&quot;class-header&quot;
            &gt;
              &lt;h3&gt;
                Foundation Skills
              &lt;/h3&gt;
              &lt;span
                class=&quot;level-badge&quot;
                style=&quot;background-color: rgb(233, 30, 99);&quot;
              &gt;
                Introductory skills
              &lt;/span&gt;
            &lt;/div&gt;
            &lt;p
              class=&quot;class-description&quot;
            &gt;
              Perfect for dogs learning their first commands!
            &lt;/p&gt;
            &lt;div
              class=&quot;class-details&quot;
            &gt;
              &lt;div
                class=&quot;detail-item&quot;
              &gt;
                &lt;strong&gt;
                  📅 Schedule:
                &lt;/strong&gt;
                 
                Tuesdays &amp; Thursdays, 10:00 AM - 11:00 AM
              &lt;/div&gt;
              &lt;div
                class=&quot;detail-item&quot;
              &gt;
                &lt;strong&gt;
                  💰 Price:
                &lt;/strong&gt;
                 $
                120
                 (4 weeks)
              &lt;/div&gt;
              &lt;div
                class=&quot;detail-item&quot;
              &gt;
                &lt;strong&gt;
                  👥 Spots Available:
                &lt;/strong&gt;
                &lt;span
                  class=&quot;full&quot;
                &gt;
                  0
                   / 
                  8
                &lt;/span&gt;
              &lt;/div&gt;
            &lt;/div&gt;
            &lt;button
              class=&quot;btn enroll-btn&quot;
              disabled=&quot;&quot;
            &gt;
              Join Waitlist 📝
            &lt;/button&gt;
          &lt;/div&gt;
          &lt;div
            class=&quot;class-card&quot;
          &gt;
            &lt;div
              class=&quot;class-header&quot;
            &gt;
              &lt;h3&gt;
                Puppy Foundations
              &lt;/h3&gt;
              &lt;span
                class=&quot;level-badge&quot;
                style=&quot;background-color: rgb(233, 30, 99);&quot;
              &gt;
                Puppy
              &lt;/span&gt;
            &lt;/div&gt;
            &lt;p
              class=&quot;class-description&quot;
            &gt;
              Socialization and basic training for puppies 8-16 weeks old.
            &lt;/p&gt;
            &lt;div
              class=&quot;class-details&quot;
            &gt;
              &lt;div
                class=&quot;detail-item&quot;
              &gt;
                &lt;strong&gt;
                  📅 Schedule:
                &lt;/strong&gt;
                 
                Saturdays, 2:00 PM - 3:30 PM
              &lt;/div&gt;
              &lt;div
                class=&quot;detail-item&quot;
              &gt;
                &lt;strong&gt;
                  💰 Price:
                &lt;/strong&gt;
                 $
                180
                 (4 weeks)
              &lt;/div&gt;
              &lt;div
                class=&quot;detail-item&quot;
              &gt;
                &lt;strong&gt;
                  👥 Spots Available:
                &lt;/strong&gt;
                &lt;span
                  class=&quot;available&quot;
                &gt;
                  6
                   / 
                  6
                &lt;/span&gt;
              &lt;/div&gt;
            &lt;/div&gt;
            &lt;button
              class=&quot;btn enroll-btn&quot;
              disabled=&quot;&quot;
            &gt;
              Enroll Now! 💖
            &lt;/button&gt;
            &lt;div
              class=&quot;enrolled-list&quot;
            &gt;
              &lt;strong&gt;
                Enrolled Students:
              &lt;/strong&gt;
              &lt;ul&gt;
                &lt;li&gt;
                  John Doe (john@example.com)
                  &lt;button
                    class=&quot;cancel-btn&quot;
                    title=&quot;Cancel enrollment&quot;
                  &gt;
                    ❌
                  &lt;/button&gt;
                &lt;/li&gt;
                &lt;li&gt;
                  Jane Smith (jane@example.com)
                  &lt;button
                    class=&quot;cancel-btn&quot;
                    title=&quot;Cancel enrollment&quot;
                  &gt;
                    ❌
                  &lt;/button&gt;
                &lt;/li&gt;
                &lt;li&gt;
                  Bob Wilson (bob@example.com)
                  &lt;button
                    class=&quot;cancel-btn&quot;
                    title=&quot;Cancel enrollment&quot;
                  &gt;
                    ❌
                  &lt;/button&gt;
                &lt;/li&gt;
                &lt;li&gt;
                  Alice Brown (alice@example.com)
                  &lt;button
                    class=&quot;cancel-btn&quot;
                    title=&quot;Cancel enrollment&quot;
                  &gt;
                    ❌
                  &lt;/button&gt;
                &lt;/li&gt;
                &lt;li&gt;
                  Charlie Davis (charlie@example.com)
                  &lt;button
                    class=&quot;cancel-btn&quot;
                    title=&quot;Cancel enrollment&quot;
                  &gt;
                    ❌
                  &lt;/button&gt;
                &lt;/li&gt;
              &lt;/ul&gt;
            &lt;/div&gt;
          &lt;/div&gt;
        &lt;/div&gt;
      &lt;/div&gt;
    &lt;/div&gt;
  &lt;/div&gt;
&lt;/body&gt;
    at Object.getElementError (/Users/nathanaronson/amp/dog-training-scheduler/node_modules/@testing-library/dom/dist/config.js:37:19)
    at /Users/nathanaronson/amp/dog-training-scheduler/node_modules/@testing-library/dom/dist/query-helpers.js:76:38
    at getAllByText (/Users/nathanaronson/amp/dog-training-scheduler/node_modules/@testing-library/dom/dist/query-helpers.js:109:15)
    at Object.&lt;anonymous&gt; (/Users/nathanaronson/amp/dog-training-scheduler/src/components/GroupClasses.test.tsx:166:34)
    at Promise.then.completed (/Users/nathanaronson/amp/dog-training-scheduler/node_modules/jest-circus/build/utils.js:391:28)
    at new Promise (&lt;anonymous&gt;)
    at callAsyncCircusFn (/Users/nathanaronson/amp/dog-training-scheduler/node_modules/jest-circus/build/utils.js:316:10)
    at _callCircusTest (/Users/nathanaronson/amp/dog-training-scheduler/node_modules/jest-circus/build/run.js:218:40)
    at processTicksAndRejections (node:internal/process/task_queues:105:5)
    at _runTest (/Users/nathanaronson/amp/dog-training-scheduler/node_modules/jest-circus/build/run.js:155:3)
    at _runTestsForDescribeBlock (/Users/nathanaronson/amp/dog-training-scheduler/node_modules/jest-circus/build/run.js:66:9)
    at _runTestsForDescribeBlock (/Users/nathanaronson/amp/dog-training-scheduler/node_modules/jest-circus/build/run.js:60:9)
    at run (/Users/nathanaronson/amp/dog-training-scheduler/node_modules/jest-circus/build/run.js:25:3)
    at runAndTransformResultsToJestFormat (/Users/nathanaronson/amp/dog-training-scheduler/node_modules/jest-circus/build/legacy-code-todo-rewrite/jestAdapterInit.js:170:21)
    at jestAdapter (/Users/nathanaronson/amp/dog-training-scheduler/node_modules/jest-circus/build/legacy-code-todo-rewrite/jestAdapter.js:82:19)
    at runTestInternal (/Users/nathanaronson/amp/dog-training-scheduler/node_modules/jest-runner/build/runTest.js:389:16)
    at runTest (/Users/nathanaronson/amp/dog-training-scheduler/node_modules/jest-runner/build/runTest.js:475:34)
    at Object.worker (/Users/nathanaronson/amp/dog-training-scheduler/node_modules/jest-runner/build/testWorker.js:133:12)</failure>
    </testcase>
    <testcase classname="GroupClasses Component closes modal when close button is clicked" name="GroupClasses Component closes modal when close button is clicked" time="0.012">
      <failure>TestingLibraryElementError: Unable to find an element with the text: Enroll Now. This could be because the text is broken up by multiple elements. In this case, you can provide a function for your text matcher to make your matcher more flexible.

Ignored nodes: comments, script, style
&lt;body&gt;
  &lt;div&gt;
    &lt;div
      class=&quot;group-classes&quot;
    &gt;
      &lt;div
        class=&quot;card&quot;
      &gt;
        &lt;h2&gt;
          🐩 Group Training Classes 🐩
        &lt;/h2&gt;
        &lt;div
          class=&quot;enrollment-form&quot;
        &gt;
          &lt;h3&gt;
            Client Information
          &lt;/h3&gt;
          &lt;div
            class=&quot;form-row&quot;
          &gt;
            &lt;input
              placeholder=&quot;Your Name&quot;
              type=&quot;text&quot;
              value=&quot;&quot;
            /&gt;
            &lt;input
              placeholder=&quot;Your Email&quot;
              type=&quot;email&quot;
              value=&quot;&quot;
            /&gt;
          &lt;/div&gt;
        &lt;/div&gt;
        &lt;div
          class=&quot;classes-grid&quot;
        &gt;
          &lt;div
            class=&quot;class-card&quot;
          &gt;
            &lt;div
              class=&quot;class-header&quot;
            &gt;
              &lt;h3&gt;
                Foundation Skills
              &lt;/h3&gt;
              &lt;span
                class=&quot;level-badge&quot;
                style=&quot;background-color: rgb(233, 30, 99);&quot;
              &gt;
                Introductory skills
              &lt;/span&gt;
            &lt;/div&gt;
            &lt;p
              class=&quot;class-description&quot;
            &gt;
              Perfect for dogs learning their first commands!
            &lt;/p&gt;
            &lt;div
              class=&quot;class-details&quot;
            &gt;
              &lt;div
                class=&quot;detail-item&quot;
              &gt;
                &lt;strong&gt;
                  📅 Schedule:
                &lt;/strong&gt;
                 
                Tuesdays &amp; Thursdays, 10:00 AM - 11:00 AM
              &lt;/div&gt;
              &lt;div
                class=&quot;detail-item&quot;
              &gt;
                &lt;strong&gt;
                  💰 Price:
                &lt;/strong&gt;
                 $
                120
                 (4 weeks)
              &lt;/div&gt;
              &lt;div
                class=&quot;detail-item&quot;
              &gt;
                &lt;strong&gt;
                  👥 Spots Available:
                &lt;/strong&gt;
                &lt;span
                  class=&quot;full&quot;
                &gt;
                  0
                   / 
                  8
                &lt;/span&gt;
              &lt;/div&gt;
            &lt;/div&gt;
            &lt;button
              class=&quot;btn enroll-btn&quot;
              disabled=&quot;&quot;
            &gt;
              Join Waitlist 📝
            &lt;/button&gt;
          &lt;/div&gt;
          &lt;div
            class=&quot;class-card&quot;
          &gt;
            &lt;div
              class=&quot;class-header&quot;
            &gt;
              &lt;h3&gt;
                Puppy Foundations
              &lt;/h3&gt;
              &lt;span
                class=&quot;level-badge&quot;
                style=&quot;background-color: rgb(233, 30, 99);&quot;
              &gt;
                Puppy
              &lt;/span&gt;
            &lt;/div&gt;
            &lt;p
              class=&quot;class-description&quot;
            &gt;
              Socialization and basic training for puppies 8-16 weeks old.
            &lt;/p&gt;
            &lt;div
              class=&quot;class-details&quot;
            &gt;
              &lt;div
                class=&quot;detail-item&quot;
              &gt;
                &lt;strong&gt;
                  📅 Schedule:
                &lt;/strong&gt;
                 
                Saturdays, 2:00 PM - 3:30 PM
              &lt;/div&gt;
              &lt;div
                class=&quot;detail-item&quot;
              &gt;
                &lt;strong&gt;
                  💰 Price:
                &lt;/strong&gt;
                 $
                180
                 (4 weeks)
              &lt;/div&gt;
              &lt;div
                class=&quot;detail-item&quot;
              &gt;
                &lt;strong&gt;
                  👥 Spots Available:
                &lt;/strong&gt;
                &lt;span
                  class=&quot;available&quot;
                &gt;
                  6
                   / 
                  6
                &lt;/span&gt;
              &lt;/div&gt;
            &lt;/div&gt;
            &lt;button
              class=&quot;btn enroll-btn&quot;
              disabled=&quot;&quot;
            &gt;
              Enroll Now! 💖
            &lt;/button&gt;
            &lt;div
              class=&quot;enrolled-list&quot;
            &gt;
              &lt;strong&gt;
                Enrolled Students:
              &lt;/strong&gt;
              &lt;ul&gt;
                &lt;li&gt;
                  John Doe (john@example.com)
                  &lt;button
                    class=&quot;cancel-btn&quot;
                    title=&quot;Cancel enrollment&quot;
                  &gt;
                    ❌
                  &lt;/button&gt;
                &lt;/li&gt;
                &lt;li&gt;
                  Jane Smith (jane@example.com)
                  &lt;button
                    class=&quot;cancel-btn&quot;
                    title=&quot;Cancel enrollment&quot;
                  &gt;
                    ❌
                  &lt;/button&gt;
                &lt;/li&gt;
                &lt;li&gt;
                  Bob Wilson (bob@example.com)
                  &lt;button
                    class=&quot;cancel-btn&quot;
                    title=&quot;Cancel enrollment&quot;
                  &gt;
                    ❌
                  &lt;/button&gt;
                &lt;/li&gt;
                &lt;li&gt;
                  Alice Brown (alice@example.com)
                  &lt;button
                    class=&quot;cancel-btn&quot;
                    title=&quot;Cancel enrollment&quot;
                  &gt;
                    ❌
                  &lt;/button&gt;
                &lt;/li&gt;
                &lt;li&gt;
                  Charlie Davis (charlie@example.com)
                  &lt;button
                    class=&quot;cancel-btn&quot;
                    title=&quot;Cancel enrollment&quot;
                  &gt;
                    ❌
                  &lt;/button&gt;
                &lt;/li&gt;
              &lt;/ul&gt;
            &lt;/div&gt;
          &lt;/div&gt;
        &lt;/div&gt;
      &lt;/div&gt;
    &lt;/div&gt;
  &lt;/div&gt;
&lt;/body&gt;
    at Object.getElementError (/Users/nathanaronson/amp/dog-training-scheduler/node_modules/@testing-library/dom/dist/config.js:37:19)
    at /Users/nathanaronson/amp/dog-training-scheduler/node_modules/@testing-library/dom/dist/query-helpers.js:76:38
    at getAllByText (/Users/nathanaronson/amp/dog-training-scheduler/node_modules/@testing-library/dom/dist/query-helpers.js:109:15)
    at Object.&lt;anonymous&gt; (/Users/nathanaronson/amp/dog-training-scheduler/src/components/GroupClasses.test.tsx:188:34)
    at Promise.then.completed (/Users/nathanaronson/amp/dog-training-scheduler/node_modules/jest-circus/build/utils.js:391:28)
    at new Promise (&lt;anonymous&gt;)
    at callAsyncCircusFn (/Users/nathanaronson/amp/dog-training-scheduler/node_modules/jest-circus/build/utils.js:316:10)
    at _callCircusTest (/Users/nathanaronson/amp/dog-training-scheduler/node_modules/jest-circus/build/run.js:218:40)
    at processTicksAndRejections (node:internal/process/task_queues:105:5)
    at _runTest (/Users/nathanaronson/amp/dog-training-scheduler/node_modules/jest-circus/build/run.js:155:3)
    at _runTestsForDescribeBlock (/Users/nathanaronson/amp/dog-training-scheduler/node_modules/jest-circus/build/run.js:66:9)
    at _runTestsForDescribeBlock (/Users/nathanaronson/amp/dog-training-scheduler/node_modules/jest-circus/build/run.js:60:9)
    at run (/Users/nathanaronson/amp/dog-training-scheduler/node_modules/jest-circus/build/run.js:25:3)
    at runAndTransformResultsToJestFormat (/Users/nathanaronson/amp/dog-training-scheduler/node_modules/jest-circus/build/legacy-code-todo-rewrite/jestAdapterInit.js:170:21)
    at jestAdapter (/Users/nathanaronson/amp/dog-training-scheduler/node_modules/jest-circus/build/legacy-code-todo-rewrite/jestAdapter.js:82:19)
    at runTestInternal (/Users/nathanaronson/amp/dog-training-scheduler/node_modules/jest-runner/build/runTest.js:389:16)
    at runTest (/Users/nathanaronson/amp/dog-training-scheduler/node_modules/jest-runner/build/runTest.js:475:34)
    at Object.worker (/Users/nathanaronson/amp/dog-training-scheduler/node_modules/jest-runner/build/testWorker.js:133:12)</failure>
    </testcase>
    <testcase classname="GroupClasses Component displays enrolled students list when expanded" name="GroupClasses Component displays enrolled students list when expanded" time="0.009">
      <failure>TestingLibraryElementError: Unable to find an element with the text: Show Students. This could be because the text is broken up by multiple elements. In this case, you can provide a function for your text matcher to make your matcher more flexible.

Ignored nodes: comments, script, style
&lt;body&gt;
  &lt;div&gt;
    &lt;div
      class=&quot;group-classes&quot;
    &gt;
      &lt;div
        class=&quot;card&quot;
      &gt;
        &lt;h2&gt;
          🐩 Group Training Classes 🐩
        &lt;/h2&gt;
        &lt;div
          class=&quot;enrollment-form&quot;
        &gt;
          &lt;h3&gt;
            Client Information
          &lt;/h3&gt;
          &lt;div
            class=&quot;form-row&quot;
          &gt;
            &lt;input
              placeholder=&quot;Your Name&quot;
              type=&quot;text&quot;
              value=&quot;&quot;
            /&gt;
            &lt;input
              placeholder=&quot;Your Email&quot;
              type=&quot;email&quot;
              value=&quot;&quot;
            /&gt;
          &lt;/div&gt;
        &lt;/div&gt;
        &lt;div
          class=&quot;classes-grid&quot;
        &gt;
          &lt;div
            class=&quot;class-card&quot;
          &gt;
            &lt;div
              class=&quot;class-header&quot;
            &gt;
              &lt;h3&gt;
                Foundation Skills
              &lt;/h3&gt;
              &lt;span
                class=&quot;level-badge&quot;
                style=&quot;background-color: rgb(233, 30, 99);&quot;
              &gt;
                Introductory skills
              &lt;/span&gt;
            &lt;/div&gt;
            &lt;p
              class=&quot;class-description&quot;
            &gt;
              Perfect for dogs learning their first commands!
            &lt;/p&gt;
            &lt;div
              class=&quot;class-details&quot;
            &gt;
              &lt;div
                class=&quot;detail-item&quot;
              &gt;
                &lt;strong&gt;
                  📅 Schedule:
                &lt;/strong&gt;
                 
                Tuesdays &amp; Thursdays, 10:00 AM - 11:00 AM
              &lt;/div&gt;
              &lt;div
                class=&quot;detail-item&quot;
              &gt;
                &lt;strong&gt;
                  💰 Price:
                &lt;/strong&gt;
                 $
                120
                 (4 weeks)
              &lt;/div&gt;
              &lt;div
                class=&quot;detail-item&quot;
              &gt;
                &lt;strong&gt;
                  👥 Spots Available:
                &lt;/strong&gt;
                &lt;span
                  class=&quot;full&quot;
                &gt;
                  0
                   / 
                  8
                &lt;/span&gt;
              &lt;/div&gt;
            &lt;/div&gt;
            &lt;button
              class=&quot;btn enroll-btn&quot;
              disabled=&quot;&quot;
            &gt;
              Join Waitlist 📝
            &lt;/button&gt;
          &lt;/div&gt;
          &lt;div
            class=&quot;class-card&quot;
          &gt;
            &lt;div
              class=&quot;class-header&quot;
            &gt;
              &lt;h3&gt;
                Puppy Foundations
              &lt;/h3&gt;
              &lt;span
                class=&quot;level-badge&quot;
                style=&quot;background-color: rgb(233, 30, 99);&quot;
              &gt;
                Puppy
              &lt;/span&gt;
            &lt;/div&gt;
            &lt;p
              class=&quot;class-description&quot;
            &gt;
              Socialization and basic training for puppies 8-16 weeks old.
            &lt;/p&gt;
            &lt;div
              class=&quot;class-details&quot;
            &gt;
              &lt;div
                class=&quot;detail-item&quot;
              &gt;
                &lt;strong&gt;
                  📅 Schedule:
                &lt;/strong&gt;
                 
                Saturdays, 2:00 PM - 3:30 PM
              &lt;/div&gt;
              &lt;div
                class=&quot;detail-item&quot;
              &gt;
                &lt;strong&gt;
                  💰 Price:
                &lt;/strong&gt;
                 $
                180
                 (4 weeks)
              &lt;/div&gt;
              &lt;div
                class=&quot;detail-item&quot;
              &gt;
                &lt;strong&gt;
                  👥 Spots Available:
                &lt;/strong&gt;
                &lt;span
                  class=&quot;available&quot;
                &gt;
                  6
                   / 
                  6
                &lt;/span&gt;
              &lt;/div&gt;
            &lt;/div&gt;
            &lt;button
              class=&quot;btn enroll-btn&quot;
              disabled=&quot;&quot;
            &gt;
              Enroll Now! 💖
            &lt;/button&gt;
            &lt;div
              class=&quot;enrolled-list&quot;
            &gt;
              &lt;strong&gt;
                Enrolled Students:
              &lt;/strong&gt;
              &lt;ul&gt;
                &lt;li&gt;
                  John Doe (john@example.com)
                  &lt;button
                    class=&quot;cancel-btn&quot;
                    title=&quot;Cancel enrollment&quot;
                  &gt;
                    ❌
                  &lt;/button&gt;
                &lt;/li&gt;
                &lt;li&gt;
                  Jane Smith (jane@example.com)
                  &lt;button
                    class=&quot;cancel-btn&quot;
                    title=&quot;Cancel enrollment&quot;
                  &gt;
                    ❌
                  &lt;/button&gt;
                &lt;/li&gt;
                &lt;li&gt;
                  Bob Wilson (bob@example.com)
                  &lt;button
                    class=&quot;cancel-btn&quot;
                    title=&quot;Cancel enrollment&quot;
                  &gt;
                    ❌
                  &lt;/button&gt;
                &lt;/li&gt;
                &lt;li&gt;
                  Alice Brown (alice@example.com)
                  &lt;button
                    class=&quot;cancel-btn&quot;
                    title=&quot;Cancel enrollment&quot;
                  &gt;
                    ❌
                  &lt;/button&gt;
                &lt;/li&gt;
                &lt;li&gt;
                  Charlie Davis (charlie@example.com)
                  &lt;button
                    class=&quot;cancel-btn&quot;
                    title=&quot;Cancel enrollment&quot;
                  &gt;
                    ❌
                  &lt;/button&gt;
                &lt;/li&gt;
              &lt;/ul&gt;
            &lt;/div&gt;
          &lt;/div&gt;
        &lt;/div&gt;
      &lt;/div&gt;
    &lt;/div&gt;
  &lt;/div&gt;
&lt;/body&gt;
    at Object.getElementError (/Users/nathanaronson/amp/dog-training-scheduler/node_modules/@testing-library/dom/dist/config.js:37:19)
    at /Users/nathanaronson/amp/dog-training-scheduler/node_modules/@testing-library/dom/dist/query-helpers.js:76:38
    at getAllByText (/Users/nathanaronson/amp/dog-training-scheduler/node_modules/@testing-library/dom/dist/query-helpers.js:109:15)
    at Object.&lt;anonymous&gt; (/Users/nathanaronson/amp/dog-training-scheduler/src/components/GroupClasses.test.tsx:202:40)
    at Promise.then.completed (/Users/nathanaronson/amp/dog-training-scheduler/node_modules/jest-circus/build/utils.js:391:28)
    at new Promise (&lt;anonymous&gt;)
    at callAsyncCircusFn (/Users/nathanaronson/amp/dog-training-scheduler/node_modules/jest-circus/build/utils.js:316:10)
    at _callCircusTest (/Users/nathanaronson/amp/dog-training-scheduler/node_modules/jest-circus/build/run.js:218:40)
    at processTicksAndRejections (node:internal/process/task_queues:105:5)
    at _runTest (/Users/nathanaronson/amp/dog-training-scheduler/node_modules/jest-circus/build/run.js:155:3)
    at _runTestsForDescribeBlock (/Users/nathanaronson/amp/dog-training-scheduler/node_modules/jest-circus/build/run.js:66:9)
    at _runTestsForDescribeBlock (/Users/nathanaronson/amp/dog-training-scheduler/node_modules/jest-circus/build/run.js:60:9)
    at run (/Users/nathanaronson/amp/dog-training-scheduler/node_modules/jest-circus/build/run.js:25:3)
    at runAndTransformResultsToJestFormat (/Users/nathanaronson/amp/dog-training-scheduler/node_modules/jest-circus/build/legacy-code-todo-rewrite/jestAdapterInit.js:170:21)
    at jestAdapter (/Users/nathanaronson/amp/dog-training-scheduler/node_modules/jest-circus/build/legacy-code-todo-rewrite/jestAdapter.js:82:19)
    at runTestInternal (/Users/nathanaronson/amp/dog-training-scheduler/node_modules/jest-runner/build/runTest.js:389:16)
    at runTest (/Users/nathanaronson/amp/dog-training-scheduler/node_modules/jest-runner/build/runTest.js:475:34)
    at Object.worker (/Users/nathanaronson/amp/dog-training-scheduler/node_modules/jest-runner/build/testWorker.js:133:12)</failure>
    </testcase>
    <testcase classname="GroupClasses Component handles class withdrawal correctly" name="GroupClasses Component handles class withdrawal correctly" time="0.007">
      <failure>TestingLibraryElementError: Unable to find an element with the text: Show Students. This could be because the text is broken up by multiple elements. In this case, you can provide a function for your text matcher to make your matcher more flexible.

Ignored nodes: comments, script, style
&lt;body&gt;
  &lt;div&gt;
    &lt;div
      class=&quot;group-classes&quot;
    &gt;
      &lt;div
        class=&quot;card&quot;
      &gt;
        &lt;h2&gt;
          🐩 Group Training Classes 🐩
        &lt;/h2&gt;
        &lt;div
          class=&quot;enrollment-form&quot;
        &gt;
          &lt;h3&gt;
            Client Information
          &lt;/h3&gt;
          &lt;div
            class=&quot;form-row&quot;
          &gt;
            &lt;input
              placeholder=&quot;Your Name&quot;
              type=&quot;text&quot;
              value=&quot;&quot;
            /&gt;
            &lt;input
              placeholder=&quot;Your Email&quot;
              type=&quot;email&quot;
              value=&quot;&quot;
            /&gt;
          &lt;/div&gt;
        &lt;/div&gt;
        &lt;div
          class=&quot;classes-grid&quot;
        &gt;
          &lt;div
            class=&quot;class-card&quot;
          &gt;
            &lt;div
              class=&quot;class-header&quot;
            &gt;
              &lt;h3&gt;
                Foundation Skills
              &lt;/h3&gt;
              &lt;span
                class=&quot;level-badge&quot;
                style=&quot;background-color: rgb(233, 30, 99);&quot;
              &gt;
                Introductory skills
              &lt;/span&gt;
            &lt;/div&gt;
            &lt;p
              class=&quot;class-description&quot;
            &gt;
              Perfect for dogs learning their first commands!
            &lt;/p&gt;
            &lt;div
              class=&quot;class-details&quot;
            &gt;
              &lt;div
                class=&quot;detail-item&quot;
              &gt;
                &lt;strong&gt;
                  📅 Schedule:
                &lt;/strong&gt;
                 
                Tuesdays &amp; Thursdays, 10:00 AM - 11:00 AM
              &lt;/div&gt;
              &lt;div
                class=&quot;detail-item&quot;
              &gt;
                &lt;strong&gt;
                  💰 Price:
                &lt;/strong&gt;
                 $
                120
                 (4 weeks)
              &lt;/div&gt;
              &lt;div
                class=&quot;detail-item&quot;
              &gt;
                &lt;strong&gt;
                  👥 Spots Available:
                &lt;/strong&gt;
                &lt;span
                  class=&quot;full&quot;
                &gt;
                  0
                   / 
                  8
                &lt;/span&gt;
              &lt;/div&gt;
            &lt;/div&gt;
            &lt;button
              class=&quot;btn enroll-btn&quot;
              disabled=&quot;&quot;
            &gt;
              Join Waitlist 📝
            &lt;/button&gt;
          &lt;/div&gt;
          &lt;div
            class=&quot;class-card&quot;
          &gt;
            &lt;div
              class=&quot;class-header&quot;
            &gt;
              &lt;h3&gt;
                Puppy Foundations
              &lt;/h3&gt;
              &lt;span
                class=&quot;level-badge&quot;
                style=&quot;background-color: rgb(233, 30, 99);&quot;
              &gt;
                Puppy
              &lt;/span&gt;
            &lt;/div&gt;
            &lt;p
              class=&quot;class-description&quot;
            &gt;
              Socialization and basic training for puppies 8-16 weeks old.
            &lt;/p&gt;
            &lt;div
              class=&quot;class-details&quot;
            &gt;
              &lt;div
                class=&quot;detail-item&quot;
              &gt;
                &lt;strong&gt;
                  📅 Schedule:
                &lt;/strong&gt;
                 
                Saturdays, 2:00 PM - 3:30 PM
              &lt;/div&gt;
              &lt;div
                class=&quot;detail-item&quot;
              &gt;
                &lt;strong&gt;
                  💰 Price:
                &lt;/strong&gt;
                 $
                180
                 (4 weeks)
              &lt;/div&gt;
              &lt;div
                class=&quot;detail-item&quot;
              &gt;
                &lt;strong&gt;
                  👥 Spots Available:
                &lt;/strong&gt;
                &lt;span
                  class=&quot;available&quot;
                &gt;
                  6
                   / 
                  6
                &lt;/span&gt;
              &lt;/div&gt;
            &lt;/div&gt;
            &lt;button
              class=&quot;btn enroll-btn&quot;
              disabled=&quot;&quot;
            &gt;
              Enroll Now! 💖
            &lt;/button&gt;
            &lt;div
              class=&quot;enrolled-list&quot;
            &gt;
              &lt;strong&gt;
                Enrolled Students:
              &lt;/strong&gt;
              &lt;ul&gt;
                &lt;li&gt;
                  John Doe (john@example.com)
                  &lt;button
                    class=&quot;cancel-btn&quot;
                    title=&quot;Cancel enrollment&quot;
                  &gt;
                    ❌
                  &lt;/button&gt;
                &lt;/li&gt;
                &lt;li&gt;
                  Jane Smith (jane@example.com)
                  &lt;button
                    class=&quot;cancel-btn&quot;
                    title=&quot;Cancel enrollment&quot;
                  &gt;
                    ❌
                  &lt;/button&gt;
                &lt;/li&gt;
                &lt;li&gt;
                  Bob Wilson (bob@example.com)
                  &lt;button
                    class=&quot;cancel-btn&quot;
                    title=&quot;Cancel enrollment&quot;
                  &gt;
                    ❌
                  &lt;/button&gt;
                &lt;/li&gt;
                &lt;li&gt;
                  Alice Brown (alice@example.com)
                  &lt;button
                    class=&quot;cancel-btn&quot;
                    title=&quot;Cancel enrollment&quot;
                  &gt;
                    ❌
                  &lt;/button&gt;
                &lt;/li&gt;
                &lt;li&gt;
                  Charlie Davis (charlie@example.com)
                  &lt;button
                    class=&quot;cancel-btn&quot;
                    title=&quot;Cancel enrollment&quot;
                  &gt;
                    ❌
                  &lt;/button&gt;
                &lt;/li&gt;
              &lt;/ul&gt;
            &lt;/div&gt;
          &lt;/div&gt;
        &lt;/div&gt;
      &lt;/div&gt;
    &lt;/div&gt;
  &lt;/div&gt;
&lt;/body&gt;
    at Object.getElementError (/Users/nathanaronson/amp/dog-training-scheduler/node_modules/@testing-library/dom/dist/config.js:37:19)
    at /Users/nathanaronson/amp/dog-training-scheduler/node_modules/@testing-library/dom/dist/query-helpers.js:76:38
    at getAllByText (/Users/nathanaronson/amp/dog-training-scheduler/node_modules/@testing-library/dom/dist/query-helpers.js:109:15)
    at Object.&lt;anonymous&gt; (/Users/nathanaronson/amp/dog-training-scheduler/src/components/GroupClasses.test.tsx:216:40)
    at Promise.then.completed (/Users/nathanaronson/amp/dog-training-scheduler/node_modules/jest-circus/build/utils.js:391:28)
    at new Promise (&lt;anonymous&gt;)
    at callAsyncCircusFn (/Users/nathanaronson/amp/dog-training-scheduler/node_modules/jest-circus/build/utils.js:316:10)
    at _callCircusTest (/Users/nathanaronson/amp/dog-training-scheduler/node_modules/jest-circus/build/run.js:218:40)
    at processTicksAndRejections (node:internal/process/task_queues:105:5)
    at _runTest (/Users/nathanaronson/amp/dog-training-scheduler/node_modules/jest-circus/build/run.js:155:3)
    at _runTestsForDescribeBlock (/Users/nathanaronson/amp/dog-training-scheduler/node_modules/jest-circus/build/run.js:66:9)
    at _runTestsForDescribeBlock (/Users/nathanaronson/amp/dog-training-scheduler/node_modules/jest-circus/build/run.js:60:9)
    at run (/Users/nathanaronson/amp/dog-training-scheduler/node_modules/jest-circus/build/run.js:25:3)
    at runAndTransformResultsToJestFormat (/Users/nathanaronson/amp/dog-training-scheduler/node_modules/jest-circus/build/legacy-code-todo-rewrite/jestAdapterInit.js:170:21)
    at jestAdapter (/Users/nathanaronson/amp/dog-training-scheduler/node_modules/jest-circus/build/legacy-code-todo-rewrite/jestAdapter.js:82:19)
    at runTestInternal (/Users/nathanaronson/amp/dog-training-scheduler/node_modules/jest-runner/build/runTest.js:389:16)
    at runTest (/Users/nathanaronson/amp/dog-training-scheduler/node_modules/jest-runner/build/runTest.js:475:34)
    at Object.worker (/Users/nathanaronson/amp/dog-training-scheduler/node_modules/jest-runner/build/testWorker.js:133:12)</failure>
    </testcase>
    <testcase classname="GroupClasses Component shows waitlist information when available" name="GroupClasses Component shows waitlist information when available" time="0.006">
      <failure>TestingLibraryElementError: Unable to find an element with the text: Show Students. This could be because the text is broken up by multiple elements. In this case, you can provide a function for your text matcher to make your matcher more flexible.

Ignored nodes: comments, script, style
&lt;body&gt;
  &lt;div&gt;
    &lt;div
      class=&quot;group-classes&quot;
    &gt;
      &lt;div
        class=&quot;card&quot;
      &gt;
        &lt;h2&gt;
          🐩 Group Training Classes 🐩
        &lt;/h2&gt;
        &lt;div
          class=&quot;enrollment-form&quot;
        &gt;
          &lt;h3&gt;
            Client Information
          &lt;/h3&gt;
          &lt;div
            class=&quot;form-row&quot;
          &gt;
            &lt;input
              placeholder=&quot;Your Name&quot;
              type=&quot;text&quot;
              value=&quot;&quot;
            /&gt;
            &lt;input
              placeholder=&quot;Your Email&quot;
              type=&quot;email&quot;
              value=&quot;&quot;
            /&gt;
          &lt;/div&gt;
        &lt;/div&gt;
        &lt;div
          class=&quot;classes-grid&quot;
        &gt;
          &lt;div
            class=&quot;class-card&quot;
          &gt;
            &lt;div
              class=&quot;class-header&quot;
            &gt;
              &lt;h3&gt;
                Foundation Skills
              &lt;/h3&gt;
              &lt;span
                class=&quot;level-badge&quot;
                style=&quot;background-color: rgb(233, 30, 99);&quot;
              &gt;
                Introductory skills
              &lt;/span&gt;
            &lt;/div&gt;
            &lt;p
              class=&quot;class-description&quot;
            &gt;
              Perfect for dogs learning their first commands!
            &lt;/p&gt;
            &lt;div
              class=&quot;class-details&quot;
            &gt;
              &lt;div
                class=&quot;detail-item&quot;
              &gt;
                &lt;strong&gt;
                  📅 Schedule:
                &lt;/strong&gt;
                 
                Tuesdays &amp; Thursdays, 10:00 AM - 11:00 AM
              &lt;/div&gt;
              &lt;div
                class=&quot;detail-item&quot;
              &gt;
                &lt;strong&gt;
                  💰 Price:
                &lt;/strong&gt;
                 $
                120
                 (4 weeks)
              &lt;/div&gt;
              &lt;div
                class=&quot;detail-item&quot;
              &gt;
                &lt;strong&gt;
                  👥 Spots Available:
                &lt;/strong&gt;
                &lt;span
                  class=&quot;full&quot;
                &gt;
                  0
                   / 
                  8
                &lt;/span&gt;
              &lt;/div&gt;
            &lt;/div&gt;
            &lt;button
              class=&quot;btn enroll-btn&quot;
              disabled=&quot;&quot;
            &gt;
              Join Waitlist 📝
            &lt;/button&gt;
          &lt;/div&gt;
          &lt;div
            class=&quot;class-card&quot;
          &gt;
            &lt;div
              class=&quot;class-header&quot;
            &gt;
              &lt;h3&gt;
                Puppy Foundations
              &lt;/h3&gt;
              &lt;span
                class=&quot;level-badge&quot;
                style=&quot;background-color: rgb(233, 30, 99);&quot;
              &gt;
                Puppy
              &lt;/span&gt;
            &lt;/div&gt;
            &lt;p
              class=&quot;class-description&quot;
            &gt;
              Socialization and basic training for puppies 8-16 weeks old.
            &lt;/p&gt;
            &lt;div
              class=&quot;class-details&quot;
            &gt;
              &lt;div
                class=&quot;detail-item&quot;
              &gt;
                &lt;strong&gt;
                  📅 Schedule:
                &lt;/strong&gt;
                 
                Saturdays, 2:00 PM - 3:30 PM
              &lt;/div&gt;
              &lt;div
                class=&quot;detail-item&quot;
              &gt;
                &lt;strong&gt;
                  💰 Price:
                &lt;/strong&gt;
                 $
                180
                 (4 weeks)
              &lt;/div&gt;
              &lt;div
                class=&quot;detail-item&quot;
              &gt;
                &lt;strong&gt;
                  👥 Spots Available:
                &lt;/strong&gt;
                &lt;span
                  class=&quot;available&quot;
                &gt;
                  6
                   / 
                  6
                &lt;/span&gt;
              &lt;/div&gt;
            &lt;/div&gt;
            &lt;button
              class=&quot;btn enroll-btn&quot;
              disabled=&quot;&quot;
            &gt;
              Enroll Now! 💖
            &lt;/button&gt;
            &lt;div
              class=&quot;enrolled-list&quot;
            &gt;
              &lt;strong&gt;
                Enrolled Students:
              &lt;/strong&gt;
              &lt;ul&gt;
                &lt;li&gt;
                  John Doe (john@example.com)
                  &lt;button
                    class=&quot;cancel-btn&quot;
                    title=&quot;Cancel enrollment&quot;
                  &gt;
                    ❌
                  &lt;/button&gt;
                &lt;/li&gt;
                &lt;li&gt;
                  Jane Smith (jane@example.com)
                  &lt;button
                    class=&quot;cancel-btn&quot;
                    title=&quot;Cancel enrollment&quot;
                  &gt;
                    ❌
                  &lt;/button&gt;
                &lt;/li&gt;
                &lt;li&gt;
                  Bob Wilson (bob@example.com)
                  &lt;button
                    class=&quot;cancel-btn&quot;
                    title=&quot;Cancel enrollment&quot;
                  &gt;
                    ❌
                  &lt;/button&gt;
                &lt;/li&gt;
                &lt;li&gt;
                  Alice Brown (alice@example.com)
                  &lt;button
                    class=&quot;cancel-btn&quot;
                    title=&quot;Cancel enrollment&quot;
                  &gt;
                    ❌
                  &lt;/button&gt;
                &lt;/li&gt;
                &lt;li&gt;
                  Charlie Davis (charlie@example.com)
                  &lt;button
                    class=&quot;cancel-btn&quot;
                    title=&quot;Cancel enrollment&quot;
                  &gt;
                    ❌
                  &lt;/button&gt;
                &lt;/li&gt;
              &lt;/ul&gt;
            &lt;/div&gt;
            &lt;div
              class=&quot;waitlist&quot;
            &gt;
              &lt;strong&gt;
                Waitlist (
                1
                 students):
              &lt;/strong&gt;
              &lt;ul&gt;
                &lt;li&gt;
                  1
                  . 
                  Waitlist Student (wait@example.com)
                  &lt;button
                    class=&quot;cancel-btn&quot;
                    title=&quot;Remove from waitlist&quot;
                  &gt;
                    ❌
                  &lt;/button&gt;
                &lt;/li&gt;
              &lt;/ul&gt;
            &lt;/div&gt;
          &lt;/div&gt;
        &lt;/div&gt;
      &lt;/div&gt;
    &lt;/div&gt;
  &lt;/div&gt;
&lt;/body&gt;
    at Object.getElementError (/Users/nathanaronson/amp/dog-training-scheduler/node_modules/@testing-library/dom/dist/config.js:37:19)
    at /Users/nathanaronson/amp/dog-training-scheduler/node_modules/@testing-library/dom/dist/query-helpers.js:76:38
    at getAllByText (/Users/nathanaronson/amp/dog-training-scheduler/node_modules/@testing-library/dom/dist/query-helpers.js:109:15)
    at Object.&lt;anonymous&gt; (/Users/nathanaronson/amp/dog-training-scheduler/src/components/GroupClasses.test.tsx:236:40)
    at Promise.then.completed (/Users/nathanaronson/amp/dog-training-scheduler/node_modules/jest-circus/build/utils.js:391:28)
    at new Promise (&lt;anonymous&gt;)
    at callAsyncCircusFn (/Users/nathanaronson/amp/dog-training-scheduler/node_modules/jest-circus/build/utils.js:316:10)
    at _callCircusTest (/Users/nathanaronson/amp/dog-training-scheduler/node_modules/jest-circus/build/run.js:218:40)
    at processTicksAndRejections (node:internal/process/task_queues:105:5)
    at _runTest (/Users/nathanaronson/amp/dog-training-scheduler/node_modules/jest-circus/build/run.js:155:3)
    at _runTestsForDescribeBlock (/Users/nathanaronson/amp/dog-training-scheduler/node_modules/jest-circus/build/run.js:66:9)
    at _runTestsForDescribeBlock (/Users/nathanaronson/amp/dog-training-scheduler/node_modules/jest-circus/build/run.js:60:9)
    at run (/Users/nathanaronson/amp/dog-training-scheduler/node_modules/jest-circus/build/run.js:25:3)
    at runAndTransformResultsToJestFormat (/Users/nathanaronson/amp/dog-training-scheduler/node_modules/jest-circus/build/legacy-code-todo-rewrite/jestAdapterInit.js:170:21)
    at jestAdapter (/Users/nathanaronson/amp/dog-training-scheduler/node_modules/jest-circus/build/legacy-code-todo-rewrite/jestAdapter.js:82:19)
    at runTestInternal (/Users/nathanaronson/amp/dog-training-scheduler/node_modules/jest-runner/build/runTest.js:389:16)
    at runTest (/Users/nathanaronson/amp/dog-training-scheduler/node_modules/jest-runner/build/runTest.js:475:34)
    at Object.worker (/Users/nathanaronson/amp/dog-training-scheduler/node_modules/jest-runner/build/testWorker.js:133:12)</failure>
    </testcase>
    <testcase classname="GroupClasses Component automatically promotes from waitlist when spot opens" name="GroupClasses Component automatically promotes from waitlist when spot opens" time="0.008">
      <failure>TestingLibraryElementError: Unable to find an element with the text: Show Students. This could be because the text is broken up by multiple elements. In this case, you can provide a function for your text matcher to make your matcher more flexible.

Ignored nodes: comments, script, style
&lt;body&gt;
  &lt;div&gt;
    &lt;div
      class=&quot;group-classes&quot;
    &gt;
      &lt;div
        class=&quot;card&quot;
      &gt;
        &lt;h2&gt;
          🐩 Group Training Classes 🐩
        &lt;/h2&gt;
        &lt;div
          class=&quot;enrollment-form&quot;
        &gt;
          &lt;h3&gt;
            Client Information
          &lt;/h3&gt;
          &lt;div
            class=&quot;form-row&quot;
          &gt;
            &lt;input
              placeholder=&quot;Your Name&quot;
              type=&quot;text&quot;
              value=&quot;&quot;
            /&gt;
            &lt;input
              placeholder=&quot;Your Email&quot;
              type=&quot;email&quot;
              value=&quot;&quot;
            /&gt;
          &lt;/div&gt;
        &lt;/div&gt;
        &lt;div
          class=&quot;classes-grid&quot;
        &gt;
          &lt;div
            class=&quot;class-card&quot;
          &gt;
            &lt;div
              class=&quot;class-header&quot;
            &gt;
              &lt;h3&gt;
                Foundation Skills
              &lt;/h3&gt;
              &lt;span
                class=&quot;level-badge&quot;
                style=&quot;background-color: rgb(233, 30, 99);&quot;
              &gt;
                Introductory skills
              &lt;/span&gt;
            &lt;/div&gt;
            &lt;p
              class=&quot;class-description&quot;
            &gt;
              Perfect for dogs learning their first commands!
            &lt;/p&gt;
            &lt;div
              class=&quot;class-details&quot;
            &gt;
              &lt;div
                class=&quot;detail-item&quot;
              &gt;
                &lt;strong&gt;
                  📅 Schedule:
                &lt;/strong&gt;
                 
                Tuesdays &amp; Thursdays, 10:00 AM - 11:00 AM
              &lt;/div&gt;
              &lt;div
                class=&quot;detail-item&quot;
              &gt;
                &lt;strong&gt;
                  💰 Price:
                &lt;/strong&gt;
                 $
                120
                 (4 weeks)
              &lt;/div&gt;
              &lt;div
                class=&quot;detail-item&quot;
              &gt;
                &lt;strong&gt;
                  👥 Spots Available:
                &lt;/strong&gt;
                &lt;span
                  class=&quot;full&quot;
                &gt;
                  0
                   / 
                  8
                &lt;/span&gt;
              &lt;/div&gt;
            &lt;/div&gt;
            &lt;button
              class=&quot;btn enroll-btn&quot;
              disabled=&quot;&quot;
            &gt;
              Join Waitlist 📝
            &lt;/button&gt;
          &lt;/div&gt;
          &lt;div
            class=&quot;class-card&quot;
          &gt;
            &lt;div
              class=&quot;class-header&quot;
            &gt;
              &lt;h3&gt;
                Puppy Foundations
              &lt;/h3&gt;
              &lt;span
                class=&quot;level-badge&quot;
                style=&quot;background-color: rgb(233, 30, 99);&quot;
              &gt;
                Puppy
              &lt;/span&gt;
            &lt;/div&gt;
            &lt;p
              class=&quot;class-description&quot;
            &gt;
              Socialization and basic training for puppies 8-16 weeks old.
            &lt;/p&gt;
            &lt;div
              class=&quot;class-details&quot;
            &gt;
              &lt;div
                class=&quot;detail-item&quot;
              &gt;
                &lt;strong&gt;
                  📅 Schedule:
                &lt;/strong&gt;
                 
                Saturdays, 2:00 PM - 3:30 PM
              &lt;/div&gt;
              &lt;div
                class=&quot;detail-item&quot;
              &gt;
                &lt;strong&gt;
                  💰 Price:
                &lt;/strong&gt;
                 $
                180
                 (4 weeks)
              &lt;/div&gt;
              &lt;div
                class=&quot;detail-item&quot;
              &gt;
                &lt;strong&gt;
                  👥 Spots Available:
                &lt;/strong&gt;
                &lt;span
                  class=&quot;available&quot;
                &gt;
                  6
                   / 
                  6
                &lt;/span&gt;
              &lt;/div&gt;
            &lt;/div&gt;
            &lt;button
              class=&quot;btn enroll-btn&quot;
              disabled=&quot;&quot;
            &gt;
              Enroll Now! 💖
            &lt;/button&gt;
            &lt;div
              class=&quot;enrolled-list&quot;
            &gt;
              &lt;strong&gt;
                Enrolled Students:
              &lt;/strong&gt;
              &lt;ul&gt;
                &lt;li&gt;
                  John Doe (john@example.com)
                  &lt;button
                    class=&quot;cancel-btn&quot;
                    title=&quot;Cancel enrollment&quot;
                  &gt;
                    ❌
                  &lt;/button&gt;
                &lt;/li&gt;
                &lt;li&gt;
                  Jane Smith (jane@example.com)
                  &lt;button
                    class=&quot;cancel-btn&quot;
                    title=&quot;Cancel enrollment&quot;
                  &gt;
                    ❌
                  &lt;/button&gt;
                &lt;/li&gt;
                &lt;li&gt;
                  Bob Wilson (bob@example.com)
                  &lt;button
                    class=&quot;cancel-btn&quot;
                    title=&quot;Cancel enrollment&quot;
                  &gt;
                    ❌
                  &lt;/button&gt;
                &lt;/li&gt;
                &lt;li&gt;
                  Alice Brown (alice@example.com)
                  &lt;button
                    class=&quot;cancel-btn&quot;
                    title=&quot;Cancel enrollment&quot;
                  &gt;
                    ❌
                  &lt;/button&gt;
                &lt;/li&gt;
                &lt;li&gt;
                  Charlie Davis (charlie@example.com)
                  &lt;button
                    class=&quot;cancel-btn&quot;
                    title=&quot;Cancel enrollment&quot;
                  &gt;
                    ❌
                  &lt;/button&gt;
                &lt;/li&gt;
              &lt;/ul&gt;
            &lt;/div&gt;
            &lt;div
              class=&quot;waitlist&quot;
            &gt;
              &lt;strong&gt;
                Waitlist (
                1
                 students):
              &lt;/strong&gt;
              &lt;ul&gt;
                &lt;li&gt;
                  1
                  . 
                  Waitlist Student (wait@example.com)
                  &lt;button
                    class=&quot;cancel-btn&quot;
                    title=&quot;Remove from waitlist&quot;
                  &gt;
                    ❌
                  &lt;/button&gt;
                &lt;/li&gt;
              &lt;/ul&gt;
            &lt;/div&gt;
          &lt;/div&gt;
        &lt;/div&gt;
      &lt;/div&gt;
    &lt;/div&gt;
  &lt;/div&gt;
&lt;/body&gt;
    at Object.getElementError (/Users/nathanaronson/amp/dog-training-scheduler/node_modules/@testing-library/dom/dist/config.js:37:19)
    at /Users/nathanaronson/amp/dog-training-scheduler/node_modules/@testing-library/dom/dist/query-helpers.js:76:38
    at getAllByText (/Users/nathanaronson/amp/dog-training-scheduler/node_modules/@testing-library/dom/dist/query-helpers.js:109:15)
    at Object.&lt;anonymous&gt; (/Users/nathanaronson/amp/dog-training-scheduler/src/components/GroupClasses.test.tsx:255:40)
    at Promise.then.completed (/Users/nathanaronson/amp/dog-training-scheduler/node_modules/jest-circus/build/utils.js:391:28)
    at new Promise (&lt;anonymous&gt;)
    at callAsyncCircusFn (/Users/nathanaronson/amp/dog-training-scheduler/node_modules/jest-circus/build/utils.js:316:10)
    at _callCircusTest (/Users/nathanaronson/amp/dog-training-scheduler/node_modules/jest-circus/build/run.js:218:40)
    at processTicksAndRejections (node:internal/process/task_queues:105:5)
    at _runTest (/Users/nathanaronson/amp/dog-training-scheduler/node_modules/jest-circus/build/run.js:155:3)
    at _runTestsForDescribeBlock (/Users/nathanaronson/amp/dog-training-scheduler/node_modules/jest-circus/build/run.js:66:9)
    at _runTestsForDescribeBlock (/Users/nathanaronson/amp/dog-training-scheduler/node_modules/jest-circus/build/run.js:60:9)
    at run (/Users/nathanaronson/amp/dog-training-scheduler/node_modules/jest-circus/build/run.js:25:3)
    at runAndTransformResultsToJestFormat (/Users/nathanaronson/amp/dog-training-scheduler/node_modules/jest-circus/build/legacy-code-todo-rewrite/jestAdapterInit.js:170:21)
    at jestAdapter (/Users/nathanaronson/amp/dog-training-scheduler/node_modules/jest-circus/build/legacy-code-todo-rewrite/jestAdapter.js:82:19)
    at runTestInternal (/Users/nathanaronson/amp/dog-training-scheduler/node_modules/jest-runner/build/runTest.js:389:16)
    at runTest (/Users/nathanaronson/amp/dog-training-scheduler/node_modules/jest-runner/build/runTest.js:475:34)
    at Object.worker (/Users/nathanaronson/amp/dog-training-scheduler/node_modules/jest-runner/build/testWorker.js:133:12)</failure>
    </testcase>
    <testcase classname="GroupClasses Component handles empty state correctly" name="GroupClasses Component handles empty state correctly" time="0.001">
      <failure>TestingLibraryElementError: Unable to find an element with the text: Foundation Skills. This could be because the text is broken up by multiple elements. In this case, you can provide a function for your text matcher to make your matcher more flexible.

Ignored nodes: comments, script, style
&lt;body&gt;
  &lt;div&gt;
    &lt;div
      class=&quot;group-classes&quot;
    &gt;
      &lt;div
        class=&quot;card&quot;
      &gt;
        &lt;h2&gt;
          🐩 Group Training Classes 🐩
        &lt;/h2&gt;
        &lt;div
          class=&quot;enrollment-form&quot;
        &gt;
          &lt;h3&gt;
            Client Information
          &lt;/h3&gt;
          &lt;div
            class=&quot;form-row&quot;
          &gt;
            &lt;input
              placeholder=&quot;Your Name&quot;
              type=&quot;text&quot;
              value=&quot;&quot;
            /&gt;
            &lt;input
              placeholder=&quot;Your Email&quot;
              type=&quot;email&quot;
              value=&quot;&quot;
            /&gt;
          &lt;/div&gt;
        &lt;/div&gt;
        &lt;div
          class=&quot;classes-grid&quot;
        /&gt;
      &lt;/div&gt;
    &lt;/div&gt;
  &lt;/div&gt;
&lt;/body&gt;
    at Object.getElementError (/Users/nathanaronson/amp/dog-training-scheduler/node_modules/@testing-library/dom/dist/config.js:37:19)
    at /Users/nathanaronson/amp/dog-training-scheduler/node_modules/@testing-library/dom/dist/query-helpers.js:76:38
    at /Users/nathanaronson/amp/dog-training-scheduler/node_modules/@testing-library/dom/dist/query-helpers.js:52:17
    at getByText (/Users/nathanaronson/amp/dog-training-scheduler/node_modules/@testing-library/dom/dist/query-helpers.js:95:19)
    at Object.&lt;anonymous&gt; (/Users/nathanaronson/amp/dog-training-scheduler/src/components/GroupClasses.test.tsx:269:19)
    at Promise.then.completed (/Users/nathanaronson/amp/dog-training-scheduler/node_modules/jest-circus/build/utils.js:391:28)
    at new Promise (&lt;anonymous&gt;)
    at callAsyncCircusFn (/Users/nathanaronson/amp/dog-training-scheduler/node_modules/jest-circus/build/utils.js:316:10)
    at _callCircusTest (/Users/nathanaronson/amp/dog-training-scheduler/node_modules/jest-circus/build/run.js:218:40)
    at processTicksAndRejections (node:internal/process/task_queues:105:5)
    at _runTest (/Users/nathanaronson/amp/dog-training-scheduler/node_modules/jest-circus/build/run.js:155:3)
    at _runTestsForDescribeBlock (/Users/nathanaronson/amp/dog-training-scheduler/node_modules/jest-circus/build/run.js:66:9)
    at _runTestsForDescribeBlock (/Users/nathanaronson/amp/dog-training-scheduler/node_modules/jest-circus/build/run.js:60:9)
    at run (/Users/nathanaronson/amp/dog-training-scheduler/node_modules/jest-circus/build/run.js:25:3)
    at runAndTransformResultsToJestFormat (/Users/nathanaronson/amp/dog-training-scheduler/node_modules/jest-circus/build/legacy-code-todo-rewrite/jestAdapterInit.js:170:21)
    at jestAdapter (/Users/nathanaronson/amp/dog-training-scheduler/node_modules/jest-circus/build/legacy-code-todo-rewrite/jestAdapter.js:82:19)
    at runTestInternal (/Users/nathanaronson/amp/dog-training-scheduler/node_modules/jest-runner/build/runTest.js:389:16)
    at runTest (/Users/nathanaronson/amp/dog-training-scheduler/node_modules/jest-runner/build/runTest.js:475:34)
    at Object.worker (/Users/nathanaronson/amp/dog-training-scheduler/node_modules/jest-runner/build/testWorker.js:133:12)</failure>
    </testcase>
    <testcase classname="GroupClasses Component filters classes by level correctly" name="GroupClasses Component filters classes by level correctly" time="0.022">
    </testcase>
  </testsuite>
  <testsuite name="Calendar Component" errors="0" failures="8" skipped="0" timestamp="2025-08-11T01:15:58" time="1.264" tests="17">
    <testcase classname="Calendar Component renders calendar with week view" name="Calendar Component renders calendar with week view" time="0.158">
    </testcase>
    <testcase classname="Calendar Component displays time slots correctly" name="Calendar Component displays time slots correctly" time="0.028">
    </testcase>
    <testcase classname="Calendar Component shows available slots with correct duration labels" name="Calendar Component shows available slots with correct duration labels" time="0.033">
      <failure>TestingLibraryElementError: Unable to find an element with the text: 30m. This could be because the text is broken up by multiple elements. In this case, you can provide a function for your text matcher to make your matcher more flexible.

Ignored nodes: comments, script, style
&lt;body&gt;
  &lt;div&gt;
    &lt;div
      class=&quot;calendar-container&quot;
    &gt;
      &lt;div
        class=&quot;calendar-header&quot;
      &gt;
        &lt;button
          aria-label=&quot;Previous week&quot;
          class=&quot;calendar-nav-btn&quot;
        &gt;
          ←
        &lt;/button&gt;
        &lt;h3&gt;
          January 2024
        &lt;/h3&gt;
        &lt;button
          aria-label=&quot;Next week&quot;
          class=&quot;calendar-nav-btn&quot;
        &gt;
          →
        &lt;/button&gt;
      &lt;/div&gt;
      &lt;div
        class=&quot;calendar-grid&quot;
      &gt;
        &lt;div
          class=&quot;calendar-time-header&quot;
        /&gt;
        &lt;div
          class=&quot;calendar-day-header&quot;
        &gt;
          Mon, Jan 8
        &lt;/div&gt;
        &lt;div
          class=&quot;calendar-day-header&quot;
        &gt;
          Tue, Jan 9
        &lt;/div&gt;
        &lt;div
          class=&quot;calendar-day-header&quot;
        &gt;
          Wed, Jan 10
        &lt;/div&gt;
        &lt;div
          class=&quot;calendar-day-header&quot;
        &gt;
          Thu, Jan 11
        &lt;/div&gt;
        &lt;div
          class=&quot;calendar-day-header&quot;
        &gt;
          Fri, Jan 12
        &lt;/div&gt;
        &lt;div
          class=&quot;calendar-day-header&quot;
        &gt;
          Sat, Jan 13
        &lt;/div&gt;
        &lt;div
          class=&quot;calendar-day-header&quot;
        &gt;
          Sun, Jan 14
        &lt;/div&gt;
        &lt;div
          class=&quot;calendar-time-label&quot;
        &gt;
          09:00
        &lt;/div&gt;
        &lt;div
          class=&quot;calendar-slot-container&quot;
        /&gt;
        &lt;div
          class=&quot;calendar-slot-container&quot;
        /&gt;
        &lt;div
          class=&quot;calendar-slot-container&quot;
        /&gt;
        &lt;div
          class=&quot;calendar-slot-container&quot;
        /&gt;
        &lt;div
          class=&quot;calendar-slot-container&quot;
        /&gt;
        &lt;div
          class=&quot;calendar-slot-disabled&quot;
        /&gt;
        &lt;div
          class=&quot;calendar-slot-disabled&quot;
        /&gt;
        &lt;div
          class=&quot;calendar-time-label&quot;
        &gt;
          09:30
        &lt;/div&gt;
        &lt;div
          class=&quot;calendar-slot-container&quot;
        /&gt;
        &lt;div
          class=&quot;calendar-slot-container&quot;
        /&gt;
        &lt;div
          class=&quot;calendar-slot-container&quot;
        /&gt;
        &lt;div
          class=&quot;calendar-slot-container&quot;
        /&gt;
        &lt;div
          class=&quot;calendar-slot-container&quot;
        /&gt;
        &lt;div
          class=&quot;calendar-slot-disabled&quot;
        /&gt;
        &lt;div
          class=&quot;calendar-slot-disabled&quot;
        /&gt;
        &lt;div
          class=&quot;calendar-time-label&quot;
        &gt;
          10:00
        &lt;/div&gt;
        &lt;div
          class=&quot;calendar-slot-container&quot;
        /&gt;
        &lt;div
          class=&quot;calendar-slot-container&quot;
        /&gt;
        &lt;div
          class=&quot;calendar-slot-container&quot;
        /&gt;
        &lt;div
          class=&quot;calendar-slot-container&quot;
        /&gt;
        &lt;div
          class=&quot;calendar-slot-container&quot;
        /&gt;
        &lt;div
          class=&quot;calendar-slot-disabled&quot;
        /&gt;
        &lt;div
          class=&quot;calendar-slot-disabled&quot;
        /&gt;
        &lt;div
          class=&quot;calendar-time-label&quot;
        &gt;
          10:30
        &lt;/div&gt;
        &lt;div
          class=&quot;calendar-slot-container&quot;
        /&gt;
        &lt;div
          class=&quot;calendar-slot-container&quot;
        /&gt;
        &lt;div
          class=&quot;calendar-slot-container&quot;
        /&gt;
        &lt;div
          class=&quot;calendar-slot-container&quot;
        /&gt;
        &lt;div
          class=&quot;calendar-slot-container&quot;
        /&gt;
        &lt;div
          class=&quot;calendar-slot-disabled&quot;
        /&gt;
        &lt;div
          class=&quot;calendar-slot-disabled&quot;
        /&gt;
        &lt;div
          class=&quot;calendar-time-label&quot;
        &gt;
          11:00
        &lt;/div&gt;
        &lt;div
          class=&quot;calendar-slot-container&quot;
        /&gt;
        &lt;div
          class=&quot;calendar-slot-container&quot;
        /&gt;
        &lt;div
          class=&quot;calendar-slot-container&quot;
        /&gt;
        &lt;div
          class=&quot;calendar-slot-container&quot;
        /&gt;
        &lt;div
          class=&quot;calendar-slot-container&quot;
        /&gt;
        &lt;div
          class=&quot;calendar-slot-disabled&quot;
        /&gt;
        &lt;div
          class=&quot;calendar-slot-disabled&quot;
        /&gt;
        &lt;div
          class=&quot;calendar-time-label&quot;
        &gt;
          11:30
        &lt;/div&gt;
        &lt;div
          class=&quot;calendar-slot-container&quot;
        /&gt;
        &lt;div
          class=&quot;calendar-slot-container&quot;
        /&gt;
        &lt;div
          class=&quot;calendar-slot-container&quot;
        /&gt;
        &lt;div
          class=&quot;calendar-slot-container&quot;
        /&gt;
        &lt;div
          class=&quot;calendar-slot-container&quot;
        /&gt;
        &lt;div
          class=&quot;calendar-slot-disabled&quot;
        /&gt;
        &lt;div
          class=&quot;calendar-slot-disabled&quot;
        /&gt;
        &lt;div
          class=&quot;calendar-time-label&quot;
        &gt;
          14:00
        &lt;/div&gt;
        &lt;div
          class=&quot;calendar-slot-container&quot;
        /&gt;
        &lt;div
          class=&quot;calendar-slot-container&quot;
        /&gt;
        &lt;div
          class=&quot;calendar-slot-container&quot;
        /&gt;
        &lt;div
          class=&quot;calendar-slot-container&quot;
        /&gt;
        &lt;div
          class=&quot;calendar-slot-container&quot;
        /&gt;
        &lt;div
          class=&quot;calendar-slot-disabled&quot;
        /&gt;
        &lt;div
          class=&quot;calendar-slot-disabled&quot;
        /&gt;
        &lt;div
          class=&quot;calendar-time-label&quot;
        &gt;
          14:30
        &lt;/div&gt;
        &lt;div
          class=&quot;calendar-slot-container&quot;
        /&gt;
        &lt;div
          class=&quot;calendar-slot-container&quot;
        /&gt;
        &lt;div
          class=&quot;calendar-slot-container&quot;
        /&gt;
        &lt;div
          class=&quot;calendar-slot-container&quot;
        /&gt;
        &lt;div
          class=&quot;calendar-slot-container&quot;
        /&gt;
        &lt;div
          class=&quot;calendar-slot-disabled&quot;
        /&gt;
        &lt;div
          class=&quot;calendar-slot-disabled&quot;
        /&gt;
        &lt;div
          class=&quot;calendar-time-label&quot;
        &gt;
          15:00
        &lt;/div&gt;
        &lt;div
          class=&quot;calendar-slot-container&quot;
        /&gt;
        &lt;div
          class=&quot;calendar-slot-container&quot;
        /&gt;
        &lt;div
          class=&quot;calendar-slot-container&quot;
        /&gt;
        &lt;div
          class=&quot;calendar-slot-container&quot;
        /&gt;
        &lt;div
          class=&quot;calendar-slot-container&quot;
        /&gt;
        &lt;div
          class=&quot;calendar-slot-disabled&quot;
        /&gt;
        &lt;div
          class=&quot;calendar-slot-disabled&quot;
        /&gt;
        &lt;div
          class=&quot;calendar-time-label&quot;
        &gt;
          15:30
        &lt;/div&gt;
        &lt;div
          class=&quot;calendar-slot-container&quot;
        /&gt;
        &lt;div
          class=&quot;calendar-slot-container&quot;
        /&gt;
        &lt;div
          class=&quot;calendar-slot-container&quot;
        /&gt;
        &lt;div
          class=&quot;calendar-slot-container&quot;
        /&gt;
        &lt;div
          class=&quot;calendar-slot-container&quot;
        /&gt;
        &lt;div
          class=&quot;calendar-slot-disabled&quot;
        /&gt;
        &lt;div
          class=&quot;calendar-slot-disabled&quot;
        /&gt;
        &lt;div
          class=&quot;calendar-time-label&quot;
        &gt;
          16:00
        &lt;/div&gt;
        &lt;div
          class=&quot;calendar-slot-container&quot;
        /&gt;
        &lt;div
          class=&quot;calendar-slot-container&quot;
        /&gt;
        &lt;div
          class=&quot;calendar-slot-container&quot;
        /&gt;
        &lt;div
          class=&quot;calendar-slot-container&quot;
        /&gt;
        &lt;div
          class=&quot;calendar-slot-container&quot;
        /&gt;
        &lt;div
          class=&quot;calendar-slot-disabled&quot;
        /&gt;
        &lt;div
          class=&quot;calendar-slot-disabled&quot;
        /&gt;
        &lt;div
          class=&quot;calendar-time-label&quot;
        &gt;
          16:30
        &lt;/div&gt;
        &lt;div
          class=&quot;calendar-slot-container&quot;
        /&gt;
        &lt;div
          class=&quot;calendar-slot-container&quot;
        /&gt;
        &lt;div
          class=&quot;calendar-slot-container&quot;
        /&gt;
        &lt;div
          class=&quot;calendar-slot-container&quot;
        /&gt;
        &lt;div
          class=&quot;calendar-slot-container&quot;
        /&gt;
        &lt;div
          class=&quot;calendar-slot-disabled&quot;
        /&gt;
        &lt;div
          class=&quot;calendar-slot-disabled&quot;
        /&gt;
      &lt;/div&gt;
      &lt;div
        class=&quot;calendar-legend&quot;
      &gt;
        &lt;div
          class=&quot;legend-item&quot;
        &gt;
          &lt;div
            class=&quot;legend-color available&quot;
          /&gt;
          &lt;span&gt;
            Available
          &lt;/span&gt;
        &lt;/div&gt;
        &lt;div
          class=&quot;legend-item&quot;
        &gt;
          &lt;div
            class=&quot;legend-color selected&quot;
          /&gt;
          &lt;span&gt;
            Selected
          &lt;/span&gt;
        &lt;/div&gt;
        &lt;div
          class=&quot;legend-item&quot;
        &gt;
          &lt;div
            class=&quot;legend-color booked&quot;
          /&gt;
          &lt;span&gt;
            Booked
          &lt;/span&gt;
        &lt;/div&gt;
      &lt;/div&gt;
    &lt;/div&gt;
  &lt;/div&gt;
&lt;/body&gt;
    at Object.getElementError (/Users/nathanaronson/amp/dog-training-scheduler/node_modules/@testing-library/dom/dist/config.js:37:19)
    at /Users/nathanaronson/amp/dog-training-scheduler/node_modules/@testing-library/dom/dist/query-helpers.js:76:38
    at getAllByText (/Users/nathanaronson/amp/dog-training-scheduler/node_modules/@testing-library/dom/dist/query-helpers.js:109:15)
    at Object.&lt;anonymous&gt; (/Users/nathanaronson/amp/dog-training-scheduler/src/components/Calendar.test.tsx:79:19)
    at Promise.then.completed (/Users/nathanaronson/amp/dog-training-scheduler/node_modules/jest-circus/build/utils.js:391:28)
    at new Promise (&lt;anonymous&gt;)
    at callAsyncCircusFn (/Users/nathanaronson/amp/dog-training-scheduler/node_modules/jest-circus/build/utils.js:316:10)
    at _callCircusTest (/Users/nathanaronson/amp/dog-training-scheduler/node_modules/jest-circus/build/run.js:218:40)
    at processTicksAndRejections (node:internal/process/task_queues:105:5)
    at _runTest (/Users/nathanaronson/amp/dog-training-scheduler/node_modules/jest-circus/build/run.js:155:3)
    at _runTestsForDescribeBlock (/Users/nathanaronson/amp/dog-training-scheduler/node_modules/jest-circus/build/run.js:66:9)
    at _runTestsForDescribeBlock (/Users/nathanaronson/amp/dog-training-scheduler/node_modules/jest-circus/build/run.js:60:9)
    at run (/Users/nathanaronson/amp/dog-training-scheduler/node_modules/jest-circus/build/run.js:25:3)
    at runAndTransformResultsToJestFormat (/Users/nathanaronson/amp/dog-training-scheduler/node_modules/jest-circus/build/legacy-code-todo-rewrite/jestAdapterInit.js:170:21)
    at jestAdapter (/Users/nathanaronson/amp/dog-training-scheduler/node_modules/jest-circus/build/legacy-code-todo-rewrite/jestAdapter.js:82:19)
    at runTestInternal (/Users/nathanaronson/amp/dog-training-scheduler/node_modules/jest-runner/build/runTest.js:389:16)
    at runTest (/Users/nathanaronson/amp/dog-training-scheduler/node_modules/jest-runner/build/runTest.js:475:34)
    at Object.worker (/Users/nathanaronson/amp/dog-training-scheduler/node_modules/jest-runner/build/testWorker.js:133:12)</failure>
    </testcase>
    <testcase classname="Calendar Component distinguishes between available and booked slots" name="Calendar Component distinguishes between available and booked slots" time="0.083">
      <failure>TestingLibraryElementError: Unable to find an element with the text: 30m. This could be because the text is broken up by multiple elements. In this case, you can provide a function for your text matcher to make your matcher more flexible.

Ignored nodes: comments, script, style
&lt;body&gt;
  &lt;div&gt;
    &lt;div
      class=&quot;calendar-container&quot;
    &gt;
      &lt;div
        class=&quot;calendar-header&quot;
      &gt;
        &lt;button
          aria-label=&quot;Previous week&quot;
          class=&quot;calendar-nav-btn&quot;
        &gt;
          ←
        &lt;/button&gt;
        &lt;h3&gt;
          January 2024
        &lt;/h3&gt;
        &lt;button
          aria-label=&quot;Next week&quot;
          class=&quot;calendar-nav-btn&quot;
        &gt;
          →
        &lt;/button&gt;
      &lt;/div&gt;
      &lt;div
        class=&quot;calendar-grid&quot;
      &gt;
        &lt;div
          class=&quot;calendar-time-header&quot;
        /&gt;
        &lt;div
          class=&quot;calendar-day-header&quot;
        &gt;
          Mon, Jan 8
        &lt;/div&gt;
        &lt;div
          class=&quot;calendar-day-header&quot;
        &gt;
          Tue, Jan 9
        &lt;/div&gt;
        &lt;div
          class=&quot;calendar-day-header&quot;
        &gt;
          Wed, Jan 10
        &lt;/div&gt;
        &lt;div
          class=&quot;calendar-day-header&quot;
        &gt;
          Thu, Jan 11
        &lt;/div&gt;
        &lt;div
          class=&quot;calendar-day-header&quot;
        &gt;
          Fri, Jan 12
        &lt;/div&gt;
        &lt;div
          class=&quot;calendar-day-header&quot;
        &gt;
          Sat, Jan 13
        &lt;/div&gt;
        &lt;div
          class=&quot;calendar-day-header&quot;
        &gt;
          Sun, Jan 14
        &lt;/div&gt;
        &lt;div
          class=&quot;calendar-time-label&quot;
        &gt;
          09:00
        &lt;/div&gt;
        &lt;div
          class=&quot;calendar-slot-container&quot;
        /&gt;
        &lt;div
          class=&quot;calendar-slot-container&quot;
        /&gt;
        &lt;div
          class=&quot;calendar-slot-container&quot;
        /&gt;
        &lt;div
          class=&quot;calendar-slot-container&quot;
        /&gt;
        &lt;div
          class=&quot;calendar-slot-container&quot;
        /&gt;
        &lt;div
          class=&quot;calendar-slot-disabled&quot;
        /&gt;
        &lt;div
          class=&quot;calendar-slot-disabled&quot;
        /&gt;
        &lt;div
          class=&quot;calendar-time-label&quot;
        &gt;
          09:30
        &lt;/div&gt;
        &lt;div
          class=&quot;calendar-slot-container&quot;
        /&gt;
        &lt;div
          class=&quot;calendar-slot-container&quot;
        /&gt;
        &lt;div
          class=&quot;calendar-slot-container&quot;
        /&gt;
        &lt;div
          class=&quot;calendar-slot-container&quot;
        /&gt;
        &lt;div
          class=&quot;calendar-slot-container&quot;
        /&gt;
        &lt;div
          class=&quot;calendar-slot-disabled&quot;
        /&gt;
        &lt;div
          class=&quot;calendar-slot-disabled&quot;
        /&gt;
        &lt;div
          class=&quot;calendar-time-label&quot;
        &gt;
          10:00
        &lt;/div&gt;
        &lt;div
          class=&quot;calendar-slot-container&quot;
        /&gt;
        &lt;div
          class=&quot;calendar-slot-container&quot;
        /&gt;
        &lt;div
          class=&quot;calendar-slot-container&quot;
        /&gt;
        &lt;div
          class=&quot;calendar-slot-container&quot;
        /&gt;
        &lt;div
          class=&quot;calendar-slot-container&quot;
        /&gt;
        &lt;div
          class=&quot;calendar-slot-disabled&quot;
        /&gt;
        &lt;div
          class=&quot;calendar-slot-disabled&quot;
        /&gt;
        &lt;div
          class=&quot;calendar-time-label&quot;
        &gt;
          10:30
        &lt;/div&gt;
        &lt;div
          class=&quot;calendar-slot-container&quot;
        /&gt;
        &lt;div
          class=&quot;calendar-slot-container&quot;
        /&gt;
        &lt;div
          class=&quot;calendar-slot-container&quot;
        /&gt;
        &lt;div
          class=&quot;calendar-slot-container&quot;
        /&gt;
        &lt;div
          class=&quot;calendar-slot-container&quot;
        /&gt;
        &lt;div
          class=&quot;calendar-slot-disabled&quot;
        /&gt;
        &lt;div
          class=&quot;calendar-slot-disabled&quot;
        /&gt;
        &lt;div
          class=&quot;calendar-time-label&quot;
        &gt;
          11:00
        &lt;/div&gt;
        &lt;div
          class=&quot;calendar-slot-container&quot;
        /&gt;
        &lt;div
          class=&quot;calendar-slot-container&quot;
        /&gt;
        &lt;div
          class=&quot;calendar-slot-container&quot;
        /&gt;
        &lt;div
          class=&quot;calendar-slot-container&quot;
        /&gt;
        &lt;div
          class=&quot;calendar-slot-container&quot;
        /&gt;
        &lt;div
          class=&quot;calendar-slot-disabled&quot;
        /&gt;
        &lt;div
          class=&quot;calendar-slot-disabled&quot;
        /&gt;
        &lt;div
          class=&quot;calendar-time-label&quot;
        &gt;
          11:30
        &lt;/div&gt;
        &lt;div
          class=&quot;calendar-slot-container&quot;
        /&gt;
        &lt;div
          class=&quot;calendar-slot-container&quot;
        /&gt;
        &lt;div
          class=&quot;calendar-slot-container&quot;
        /&gt;
        &lt;div
          class=&quot;calendar-slot-container&quot;
        /&gt;
        &lt;div
          class=&quot;calendar-slot-container&quot;
        /&gt;
        &lt;div
          class=&quot;calendar-slot-disabled&quot;
        /&gt;
        &lt;div
          class=&quot;calendar-slot-disabled&quot;
        /&gt;
        &lt;div
          class=&quot;calendar-time-label&quot;
        &gt;
          14:00
        &lt;/div&gt;
        &lt;div
          class=&quot;calendar-slot-container&quot;
        /&gt;
        &lt;div
          class=&quot;calendar-slot-container&quot;
        /&gt;
        &lt;div
          class=&quot;calendar-slot-container&quot;
        /&gt;
        &lt;div
          class=&quot;calendar-slot-container&quot;
        /&gt;
        &lt;div
          class=&quot;calendar-slot-container&quot;
        /&gt;
        &lt;div
          class=&quot;calendar-slot-disabled&quot;
        /&gt;
        &lt;div
          class=&quot;calendar-slot-disabled&quot;
        /&gt;
        &lt;div
          class=&quot;calendar-time-label&quot;
        &gt;
          14:30
        &lt;/div&gt;
        &lt;div
          class=&quot;calendar-slot-container&quot;
        /&gt;
        &lt;div
          class=&quot;calendar-slot-container&quot;
        /&gt;
        &lt;div
          class=&quot;calendar-slot-container&quot;
        /&gt;
        &lt;div
          class=&quot;calendar-slot-container&quot;
        /&gt;
        &lt;div
          class=&quot;calendar-slot-container&quot;
        /&gt;
        &lt;div
          class=&quot;calendar-slot-disabled&quot;
        /&gt;
        &lt;div
          class=&quot;calendar-slot-disabled&quot;
        /&gt;
        &lt;div
          class=&quot;calendar-time-label&quot;
        &gt;
          15:00
        &lt;/div&gt;
        &lt;div
          class=&quot;calendar-slot-container&quot;
        /&gt;
        &lt;div
          class=&quot;calendar-slot-container&quot;
        /&gt;
        &lt;div
          class=&quot;calendar-slot-container&quot;
        /&gt;
        &lt;div
          class=&quot;calendar-slot-container&quot;
        /&gt;
        &lt;div
          class=&quot;calendar-slot-container&quot;
        /&gt;
        &lt;div
          class=&quot;calendar-slot-disabled&quot;
        /&gt;
        &lt;div
          class=&quot;calendar-slot-disabled&quot;
        /&gt;
        &lt;div
          class=&quot;calendar-time-label&quot;
        &gt;
          15:30
        &lt;/div&gt;
        &lt;div
          class=&quot;calendar-slot-container&quot;
        /&gt;
        &lt;div
          class=&quot;calendar-slot-container&quot;
        /&gt;
        &lt;div
          class=&quot;calendar-slot-container&quot;
        /&gt;
        &lt;div
          class=&quot;calendar-slot-container&quot;
        /&gt;
        &lt;div
          class=&quot;calendar-slot-container&quot;
        /&gt;
        &lt;div
          class=&quot;calendar-slot-disabled&quot;
        /&gt;
        &lt;div
          class=&quot;calendar-slot-disabled&quot;
        /&gt;
        &lt;div
          class=&quot;calendar-time-label&quot;
        &gt;
          16:00
        &lt;/div&gt;
        &lt;div
          class=&quot;calendar-slot-container&quot;
        /&gt;
        &lt;div
          class=&quot;calendar-slot-container&quot;
        /&gt;
        &lt;div
          class=&quot;calendar-slot-container&quot;
        /&gt;
        &lt;div
          class=&quot;calendar-slot-container&quot;
        /&gt;
        &lt;div
          class=&quot;calendar-slot-container&quot;
        /&gt;
        &lt;div
          class=&quot;calendar-slot-disabled&quot;
        /&gt;
        &lt;div
          class=&quot;calendar-slot-disabled&quot;
        /&gt;
        &lt;div
          class=&quot;calendar-time-label&quot;
        &gt;
          16:30
        &lt;/div&gt;
        &lt;div
          class=&quot;calendar-slot-container&quot;
        /&gt;
        &lt;div
          class=&quot;calendar-slot-container&quot;
        /&gt;
        &lt;div
          class=&quot;calendar-slot-container&quot;
        /&gt;
        &lt;div
          class=&quot;calendar-slot-container&quot;
        /&gt;
        &lt;div
          class=&quot;calendar-slot-container&quot;
        /&gt;
        &lt;div
          class=&quot;calendar-slot-disabled&quot;
        /&gt;
        &lt;div
          class=&quot;calendar-slot-disabled&quot;
        /&gt;
      &lt;/div&gt;
      &lt;div
        class=&quot;calendar-legend&quot;
      &gt;
        &lt;div
          class=&quot;legend-item&quot;
        &gt;
          &lt;div
            class=&quot;legend-color available&quot;
          /&gt;
          &lt;span&gt;
            Available
          &lt;/span&gt;
        &lt;/div&gt;
        &lt;div
          class=&quot;legend-item&quot;
        &gt;
          &lt;div
            class=&quot;legend-color selected&quot;
          /&gt;
          &lt;span&gt;
            Selected
          &lt;/span&gt;
        &lt;/div&gt;
        &lt;div
          class=&quot;legend-item&quot;
        &gt;
          &lt;div
            class=&quot;legend-color booked&quot;
          /&gt;
          &lt;span&gt;
            Booked
          &lt;/span&gt;
        &lt;/div&gt;
      &lt;/div&gt;
    &lt;/div&gt;
  &lt;/div&gt;
&lt;/body&gt;
    at Object.getElementError (/Users/nathanaronson/amp/dog-training-scheduler/node_modules/@testing-library/dom/dist/config.js:37:19)
    at /Users/nathanaronson/amp/dog-training-scheduler/node_modules/@testing-library/dom/dist/query-helpers.js:76:38
    at getAllByText (/Users/nathanaronson/amp/dog-training-scheduler/node_modules/@testing-library/dom/dist/query-helpers.js:109:15)
    at Object.&lt;anonymous&gt; (/Users/nathanaronson/amp/dog-training-scheduler/src/components/Calendar.test.tsx:89:35)
    at Promise.then.completed (/Users/nathanaronson/amp/dog-training-scheduler/node_modules/jest-circus/build/utils.js:391:28)
    at new Promise (&lt;anonymous&gt;)
    at callAsyncCircusFn (/Users/nathanaronson/amp/dog-training-scheduler/node_modules/jest-circus/build/utils.js:316:10)
    at _callCircusTest (/Users/nathanaronson/amp/dog-training-scheduler/node_modules/jest-circus/build/run.js:218:40)
    at processTicksAndRejections (node:internal/process/task_queues:105:5)
    at _runTest (/Users/nathanaronson/amp/dog-training-scheduler/node_modules/jest-circus/build/run.js:155:3)
    at _runTestsForDescribeBlock (/Users/nathanaronson/amp/dog-training-scheduler/node_modules/jest-circus/build/run.js:66:9)
    at _runTestsForDescribeBlock (/Users/nathanaronson/amp/dog-training-scheduler/node_modules/jest-circus/build/run.js:60:9)
    at run (/Users/nathanaronson/amp/dog-training-scheduler/node_modules/jest-circus/build/run.js:25:3)
    at runAndTransformResultsToJestFormat (/Users/nathanaronson/amp/dog-training-scheduler/node_modules/jest-circus/build/legacy-code-todo-rewrite/jestAdapterInit.js:170:21)
    at jestAdapter (/Users/nathanaronson/amp/dog-training-scheduler/node_modules/jest-circus/build/legacy-code-todo-rewrite/jestAdapter.js:82:19)
    at runTestInternal (/Users/nathanaronson/amp/dog-training-scheduler/node_modules/jest-runner/build/runTest.js:389:16)
    at runTest (/Users/nathanaronson/amp/dog-training-scheduler/node_modules/jest-runner/build/runTest.js:475:34)
    at Object.worker (/Users/nathanaronson/amp/dog-training-scheduler/node_modules/jest-runner/build/testWorker.js:133:12)</failure>
    </testcase>
    <testcase classname="Calendar Component calls onSlotSelect when available slot is clicked" name="Calendar Component calls onSlotSelect when available slot is clicked" time="0.009">
      <failure>TestingLibraryElementError: Unable to find an element with the text: 30m. This could be because the text is broken up by multiple elements. In this case, you can provide a function for your text matcher to make your matcher more flexible.

Ignored nodes: comments, script, style
&lt;body&gt;
  &lt;div&gt;
    &lt;div
      class=&quot;calendar-container&quot;
    &gt;
      &lt;div
        class=&quot;calendar-header&quot;
      &gt;
        &lt;button
          aria-label=&quot;Previous week&quot;
          class=&quot;calendar-nav-btn&quot;
        &gt;
          ←
        &lt;/button&gt;
        &lt;h3&gt;
          January 2024
        &lt;/h3&gt;
        &lt;button
          aria-label=&quot;Next week&quot;
          class=&quot;calendar-nav-btn&quot;
        &gt;
          →
        &lt;/button&gt;
      &lt;/div&gt;
      &lt;div
        class=&quot;calendar-grid&quot;
      &gt;
        &lt;div
          class=&quot;calendar-time-header&quot;
        /&gt;
        &lt;div
          class=&quot;calendar-day-header&quot;
        &gt;
          Mon, Jan 8
        &lt;/div&gt;
        &lt;div
          class=&quot;calendar-day-header&quot;
        &gt;
          Tue, Jan 9
        &lt;/div&gt;
        &lt;div
          class=&quot;calendar-day-header&quot;
        &gt;
          Wed, Jan 10
        &lt;/div&gt;
        &lt;div
          class=&quot;calendar-day-header&quot;
        &gt;
          Thu, Jan 11
        &lt;/div&gt;
        &lt;div
          class=&quot;calendar-day-header&quot;
        &gt;
          Fri, Jan 12
        &lt;/div&gt;
        &lt;div
          class=&quot;calendar-day-header&quot;
        &gt;
          Sat, Jan 13
        &lt;/div&gt;
        &lt;div
          class=&quot;calendar-day-header&quot;
        &gt;
          Sun, Jan 14
        &lt;/div&gt;
        &lt;div
          class=&quot;calendar-time-label&quot;
        &gt;
          09:00
        &lt;/div&gt;
        &lt;div
          class=&quot;calendar-slot-container&quot;
        /&gt;
        &lt;div
          class=&quot;calendar-slot-container&quot;
        /&gt;
        &lt;div
          class=&quot;calendar-slot-container&quot;
        /&gt;
        &lt;div
          class=&quot;calendar-slot-container&quot;
        /&gt;
        &lt;div
          class=&quot;calendar-slot-container&quot;
        /&gt;
        &lt;div
          class=&quot;calendar-slot-disabled&quot;
        /&gt;
        &lt;div
          class=&quot;calendar-slot-disabled&quot;
        /&gt;
        &lt;div
          class=&quot;calendar-time-label&quot;
        &gt;
          09:30
        &lt;/div&gt;
        &lt;div
          class=&quot;calendar-slot-container&quot;
        /&gt;
        &lt;div
          class=&quot;calendar-slot-container&quot;
        /&gt;
        &lt;div
          class=&quot;calendar-slot-container&quot;
        /&gt;
        &lt;div
          class=&quot;calendar-slot-container&quot;
        /&gt;
        &lt;div
          class=&quot;calendar-slot-container&quot;
        /&gt;
        &lt;div
          class=&quot;calendar-slot-disabled&quot;
        /&gt;
        &lt;div
          class=&quot;calendar-slot-disabled&quot;
        /&gt;
        &lt;div
          class=&quot;calendar-time-label&quot;
        &gt;
          10:00
        &lt;/div&gt;
        &lt;div
          class=&quot;calendar-slot-container&quot;
        /&gt;
        &lt;div
          class=&quot;calendar-slot-container&quot;
        /&gt;
        &lt;div
          class=&quot;calendar-slot-container&quot;
        /&gt;
        &lt;div
          class=&quot;calendar-slot-container&quot;
        /&gt;
        &lt;div
          class=&quot;calendar-slot-container&quot;
        /&gt;
        &lt;div
          class=&quot;calendar-slot-disabled&quot;
        /&gt;
        &lt;div
          class=&quot;calendar-slot-disabled&quot;
        /&gt;
        &lt;div
          class=&quot;calendar-time-label&quot;
        &gt;
          10:30
        &lt;/div&gt;
        &lt;div
          class=&quot;calendar-slot-container&quot;
        /&gt;
        &lt;div
          class=&quot;calendar-slot-container&quot;
        /&gt;
        &lt;div
          class=&quot;calendar-slot-container&quot;
        /&gt;
        &lt;div
          class=&quot;calendar-slot-container&quot;
        /&gt;
        &lt;div
          class=&quot;calendar-slot-container&quot;
        /&gt;
        &lt;div
          class=&quot;calendar-slot-disabled&quot;
        /&gt;
        &lt;div
          class=&quot;calendar-slot-disabled&quot;
        /&gt;
        &lt;div
          class=&quot;calendar-time-label&quot;
        &gt;
          11:00
        &lt;/div&gt;
        &lt;div
          class=&quot;calendar-slot-container&quot;
        /&gt;
        &lt;div
          class=&quot;calendar-slot-container&quot;
        /&gt;
        &lt;div
          class=&quot;calendar-slot-container&quot;
        /&gt;
        &lt;div
          class=&quot;calendar-slot-container&quot;
        /&gt;
        &lt;div
          class=&quot;calendar-slot-container&quot;
        /&gt;
        &lt;div
          class=&quot;calendar-slot-disabled&quot;
        /&gt;
        &lt;div
          class=&quot;calendar-slot-disabled&quot;
        /&gt;
        &lt;div
          class=&quot;calendar-time-label&quot;
        &gt;
          11:30
        &lt;/div&gt;
        &lt;div
          class=&quot;calendar-slot-container&quot;
        /&gt;
        &lt;div
          class=&quot;calendar-slot-container&quot;
        /&gt;
        &lt;div
          class=&quot;calendar-slot-container&quot;
        /&gt;
        &lt;div
          class=&quot;calendar-slot-container&quot;
        /&gt;
        &lt;div
          class=&quot;calendar-slot-container&quot;
        /&gt;
        &lt;div
          class=&quot;calendar-slot-disabled&quot;
        /&gt;
        &lt;div
          class=&quot;calendar-slot-disabled&quot;
        /&gt;
        &lt;div
          class=&quot;calendar-time-label&quot;
        &gt;
          14:00
        &lt;/div&gt;
        &lt;div
          class=&quot;calendar-slot-container&quot;
        /&gt;
        &lt;div
          class=&quot;calendar-slot-container&quot;
        /&gt;
        &lt;div
          class=&quot;calendar-slot-container&quot;
        /&gt;
        &lt;div
          class=&quot;calendar-slot-container&quot;
        /&gt;
        &lt;div
          class=&quot;calendar-slot-container&quot;
        /&gt;
        &lt;div
          class=&quot;calendar-slot-disabled&quot;
        /&gt;
        &lt;div
          class=&quot;calendar-slot-disabled&quot;
        /&gt;
        &lt;div
          class=&quot;calendar-time-label&quot;
        &gt;
          14:30
        &lt;/div&gt;
        &lt;div
          class=&quot;calendar-slot-container&quot;
        /&gt;
        &lt;div
          class=&quot;calendar-slot-container&quot;
        /&gt;
        &lt;div
          class=&quot;calendar-slot-container&quot;
        /&gt;
        &lt;div
          class=&quot;calendar-slot-container&quot;
        /&gt;
        &lt;div
          class=&quot;calendar-slot-container&quot;
        /&gt;
        &lt;div
          class=&quot;calendar-slot-disabled&quot;
        /&gt;
        &lt;div
          class=&quot;calendar-slot-disabled&quot;
        /&gt;
        &lt;div
          class=&quot;calendar-time-label&quot;
        &gt;
          15:00
        &lt;/div&gt;
        &lt;div
          class=&quot;calendar-slot-container&quot;
        /&gt;
        &lt;div
          class=&quot;calendar-slot-container&quot;
        /&gt;
        &lt;div
          class=&quot;calendar-slot-container&quot;
        /&gt;
        &lt;div
          class=&quot;calendar-slot-container&quot;
        /&gt;
        &lt;div
          class=&quot;calendar-slot-container&quot;
        /&gt;
        &lt;div
          class=&quot;calendar-slot-disabled&quot;
        /&gt;
        &lt;div
          class=&quot;calendar-slot-disabled&quot;
        /&gt;
        &lt;div
          class=&quot;calendar-time-label&quot;
        &gt;
          15:30
        &lt;/div&gt;
        &lt;div
          class=&quot;calendar-slot-container&quot;
        /&gt;
        &lt;div
          class=&quot;calendar-slot-container&quot;
        /&gt;
        &lt;div
          class=&quot;calendar-slot-container&quot;
        /&gt;
        &lt;div
          class=&quot;calendar-slot-container&quot;
        /&gt;
        &lt;div
          class=&quot;calendar-slot-container&quot;
        /&gt;
        &lt;div
          class=&quot;calendar-slot-disabled&quot;
        /&gt;
        &lt;div
          class=&quot;calendar-slot-disabled&quot;
        /&gt;
        &lt;div
          class=&quot;calendar-time-label&quot;
        &gt;
          16:00
        &lt;/div&gt;
        &lt;div
          class=&quot;calendar-slot-container&quot;
        /&gt;
        &lt;div
          class=&quot;calendar-slot-container&quot;
        /&gt;
        &lt;div
          class=&quot;calendar-slot-container&quot;
        /&gt;
        &lt;div
          class=&quot;calendar-slot-container&quot;
        /&gt;
        &lt;div
          class=&quot;calendar-slot-container&quot;
        /&gt;
        &lt;div
          class=&quot;calendar-slot-disabled&quot;
        /&gt;
        &lt;div
          class=&quot;calendar-slot-disabled&quot;
        /&gt;
        &lt;div
          class=&quot;calendar-time-label&quot;
        &gt;
          16:30
        &lt;/div&gt;
        &lt;div
          class=&quot;calendar-slot-container&quot;
        /&gt;
        &lt;div
          class=&quot;calendar-slot-container&quot;
        /&gt;
        &lt;div
          class=&quot;calendar-slot-container&quot;
        /&gt;
        &lt;div
          class=&quot;calendar-slot-container&quot;
        /&gt;
        &lt;div
          class=&quot;calendar-slot-container&quot;
        /&gt;
        &lt;div
          class=&quot;calendar-slot-disabled&quot;
        /&gt;
        &lt;div
          class=&quot;calendar-slot-disabled&quot;
        /&gt;
      &lt;/div&gt;
      &lt;div
        class=&quot;calendar-legend&quot;
      &gt;
        &lt;div
          class=&quot;legend-item&quot;
        &gt;
          &lt;div
            class=&quot;legend-color available&quot;
          /&gt;
          &lt;span&gt;
            Available
          &lt;/span&gt;
        &lt;/div&gt;
        &lt;div
          class=&quot;legend-item&quot;
        &gt;
          &lt;div
            class=&quot;legend-color selected&quot;
          /&gt;
          &lt;span&gt;
            Selected
          &lt;/span&gt;
        &lt;/div&gt;
        &lt;div
          class=&quot;legend-item&quot;
        &gt;
          &lt;div
            class=&quot;legend-color booked&quot;
          /&gt;
          &lt;span&gt;
            Booked
          &lt;/span&gt;
        &lt;/div&gt;
      &lt;/div&gt;
    &lt;/div&gt;
  &lt;/div&gt;
&lt;/body&gt;
    at Object.getElementError (/Users/nathanaronson/amp/dog-training-scheduler/node_modules/@testing-library/dom/dist/config.js:37:19)
    at /Users/nathanaronson/amp/dog-training-scheduler/node_modules/@testing-library/dom/dist/query-helpers.js:76:38
    at getAllByText (/Users/nathanaronson/amp/dog-training-scheduler/node_modules/@testing-library/dom/dist/query-helpers.js:109:15)
    at Object.&lt;anonymous&gt; (/Users/nathanaronson/amp/dog-training-scheduler/src/components/Calendar.test.tsx:104:34)
    at Promise.then.completed (/Users/nathanaronson/amp/dog-training-scheduler/node_modules/jest-circus/build/utils.js:391:28)
    at new Promise (&lt;anonymous&gt;)
    at callAsyncCircusFn (/Users/nathanaronson/amp/dog-training-scheduler/node_modules/jest-circus/build/utils.js:316:10)
    at _callCircusTest (/Users/nathanaronson/amp/dog-training-scheduler/node_modules/jest-circus/build/run.js:218:40)
    at processTicksAndRejections (node:internal/process/task_queues:105:5)
    at _runTest (/Users/nathanaronson/amp/dog-training-scheduler/node_modules/jest-circus/build/run.js:155:3)
    at _runTestsForDescribeBlock (/Users/nathanaronson/amp/dog-training-scheduler/node_modules/jest-circus/build/run.js:66:9)
    at _runTestsForDescribeBlock (/Users/nathanaronson/amp/dog-training-scheduler/node_modules/jest-circus/build/run.js:60:9)
    at run (/Users/nathanaronson/amp/dog-training-scheduler/node_modules/jest-circus/build/run.js:25:3)
    at runAndTransformResultsToJestFormat (/Users/nathanaronson/amp/dog-training-scheduler/node_modules/jest-circus/build/legacy-code-todo-rewrite/jestAdapterInit.js:170:21)
    at jestAdapter (/Users/nathanaronson/amp/dog-training-scheduler/node_modules/jest-circus/build/legacy-code-todo-rewrite/jestAdapter.js:82:19)
    at runTestInternal (/Users/nathanaronson/amp/dog-training-scheduler/node_modules/jest-runner/build/runTest.js:389:16)
    at runTest (/Users/nathanaronson/amp/dog-training-scheduler/node_modules/jest-runner/build/runTest.js:475:34)
    at Object.worker (/Users/nathanaronson/amp/dog-training-scheduler/node_modules/jest-runner/build/testWorker.js:133:12)</failure>
    </testcase>
    <testcase classname="Calendar Component does not call onSlotSelect when booked slot is clicked" name="Calendar Component does not call onSlotSelect when booked slot is clicked" time="0.013">
      <failure>TestingLibraryElementError: Unable to find an element with the text: 60m. This could be because the text is broken up by multiple elements. In this case, you can provide a function for your text matcher to make your matcher more flexible.

Ignored nodes: comments, script, style
&lt;body&gt;
  &lt;div&gt;
    &lt;div
      class=&quot;calendar-container&quot;
    &gt;
      &lt;div
        class=&quot;calendar-header&quot;
      &gt;
        &lt;button
          aria-label=&quot;Previous week&quot;
          class=&quot;calendar-nav-btn&quot;
        &gt;
          ←
        &lt;/button&gt;
        &lt;h3&gt;
          January 2024
        &lt;/h3&gt;
        &lt;button
          aria-label=&quot;Next week&quot;
          class=&quot;calendar-nav-btn&quot;
        &gt;
          →
        &lt;/button&gt;
      &lt;/div&gt;
      &lt;div
        class=&quot;calendar-grid&quot;
      &gt;
        &lt;div
          class=&quot;calendar-time-header&quot;
        /&gt;
        &lt;div
          class=&quot;calendar-day-header&quot;
        &gt;
          Mon, Jan 8
        &lt;/div&gt;
        &lt;div
          class=&quot;calendar-day-header&quot;
        &gt;
          Tue, Jan 9
        &lt;/div&gt;
        &lt;div
          class=&quot;calendar-day-header&quot;
        &gt;
          Wed, Jan 10
        &lt;/div&gt;
        &lt;div
          class=&quot;calendar-day-header&quot;
        &gt;
          Thu, Jan 11
        &lt;/div&gt;
        &lt;div
          class=&quot;calendar-day-header&quot;
        &gt;
          Fri, Jan 12
        &lt;/div&gt;
        &lt;div
          class=&quot;calendar-day-header&quot;
        &gt;
          Sat, Jan 13
        &lt;/div&gt;
        &lt;div
          class=&quot;calendar-day-header&quot;
        &gt;
          Sun, Jan 14
        &lt;/div&gt;
        &lt;div
          class=&quot;calendar-time-label&quot;
        &gt;
          09:00
        &lt;/div&gt;
        &lt;div
          class=&quot;calendar-slot-container&quot;
        /&gt;
        &lt;div
          class=&quot;calendar-slot-container&quot;
        /&gt;
        &lt;div
          class=&quot;calendar-slot-container&quot;
        /&gt;
        &lt;div
          class=&quot;calendar-slot-container&quot;
        /&gt;
        &lt;div
          class=&quot;calendar-slot-container&quot;
        /&gt;
        &lt;div
          class=&quot;calendar-slot-disabled&quot;
        /&gt;
        &lt;div
          class=&quot;calendar-slot-disabled&quot;
        /&gt;
        &lt;div
          class=&quot;calendar-time-label&quot;
        &gt;
          09:30
        &lt;/div&gt;
        &lt;div
          class=&quot;calendar-slot-container&quot;
        /&gt;
        &lt;div
          class=&quot;calendar-slot-container&quot;
        /&gt;
        &lt;div
          class=&quot;calendar-slot-container&quot;
        /&gt;
        &lt;div
          class=&quot;calendar-slot-container&quot;
        /&gt;
        &lt;div
          class=&quot;calendar-slot-container&quot;
        /&gt;
        &lt;div
          class=&quot;calendar-slot-disabled&quot;
        /&gt;
        &lt;div
          class=&quot;calendar-slot-disabled&quot;
        /&gt;
        &lt;div
          class=&quot;calendar-time-label&quot;
        &gt;
          10:00
        &lt;/div&gt;
        &lt;div
          class=&quot;calendar-slot-container&quot;
        /&gt;
        &lt;div
          class=&quot;calendar-slot-container&quot;
        /&gt;
        &lt;div
          class=&quot;calendar-slot-container&quot;
        /&gt;
        &lt;div
          class=&quot;calendar-slot-container&quot;
        /&gt;
        &lt;div
          class=&quot;calendar-slot-container&quot;
        /&gt;
        &lt;div
          class=&quot;calendar-slot-disabled&quot;
        /&gt;
        &lt;div
          class=&quot;calendar-slot-disabled&quot;
        /&gt;
        &lt;div
          class=&quot;calendar-time-label&quot;
        &gt;
          10:30
        &lt;/div&gt;
        &lt;div
          class=&quot;calendar-slot-container&quot;
        /&gt;
        &lt;div
          class=&quot;calendar-slot-container&quot;
        /&gt;
        &lt;div
          class=&quot;calendar-slot-container&quot;
        /&gt;
        &lt;div
          class=&quot;calendar-slot-container&quot;
        /&gt;
        &lt;div
          class=&quot;calendar-slot-container&quot;
        /&gt;
        &lt;div
          class=&quot;calendar-slot-disabled&quot;
        /&gt;
        &lt;div
          class=&quot;calendar-slot-disabled&quot;
        /&gt;
        &lt;div
          class=&quot;calendar-time-label&quot;
        &gt;
          11:00
        &lt;/div&gt;
        &lt;div
          class=&quot;calendar-slot-container&quot;
        /&gt;
        &lt;div
          class=&quot;calendar-slot-container&quot;
        /&gt;
        &lt;div
          class=&quot;calendar-slot-container&quot;
        /&gt;
        &lt;div
          class=&quot;calendar-slot-container&quot;
        /&gt;
        &lt;div
          class=&quot;calendar-slot-container&quot;
        /&gt;
        &lt;div
          class=&quot;calendar-slot-disabled&quot;
        /&gt;
        &lt;div
          class=&quot;calendar-slot-disabled&quot;
        /&gt;
        &lt;div
          class=&quot;calendar-time-label&quot;
        &gt;
          11:30
        &lt;/div&gt;
        &lt;div
          class=&quot;calendar-slot-container&quot;
        /&gt;
        &lt;div
          class=&quot;calendar-slot-container&quot;
        /&gt;
        &lt;div
          class=&quot;calendar-slot-container&quot;
        /&gt;
        &lt;div
          class=&quot;calendar-slot-container&quot;
        /&gt;
        &lt;div
          class=&quot;calendar-slot-container&quot;
        /&gt;
        &lt;div
          class=&quot;calendar-slot-disabled&quot;
        /&gt;
        &lt;div
          class=&quot;calendar-slot-disabled&quot;
        /&gt;
        &lt;div
          class=&quot;calendar-time-label&quot;
        &gt;
          14:00
        &lt;/div&gt;
        &lt;div
          class=&quot;calendar-slot-container&quot;
        /&gt;
        &lt;div
          class=&quot;calendar-slot-container&quot;
        /&gt;
        &lt;div
          class=&quot;calendar-slot-container&quot;
        /&gt;
        &lt;div
          class=&quot;calendar-slot-container&quot;
        /&gt;
        &lt;div
          class=&quot;calendar-slot-container&quot;
        /&gt;
        &lt;div
          class=&quot;calendar-slot-disabled&quot;
        /&gt;
        &lt;div
          class=&quot;calendar-slot-disabled&quot;
        /&gt;
        &lt;div
          class=&quot;calendar-time-label&quot;
        &gt;
          14:30
        &lt;/div&gt;
        &lt;div
          class=&quot;calendar-slot-container&quot;
        /&gt;
        &lt;div
          class=&quot;calendar-slot-container&quot;
        /&gt;
        &lt;div
          class=&quot;calendar-slot-container&quot;
        /&gt;
        &lt;div
          class=&quot;calendar-slot-container&quot;
        /&gt;
        &lt;div
          class=&quot;calendar-slot-container&quot;
        /&gt;
        &lt;div
          class=&quot;calendar-slot-disabled&quot;
        /&gt;
        &lt;div
          class=&quot;calendar-slot-disabled&quot;
        /&gt;
        &lt;div
          class=&quot;calendar-time-label&quot;
        &gt;
          15:00
        &lt;/div&gt;
        &lt;div
          class=&quot;calendar-slot-container&quot;
        /&gt;
        &lt;div
          class=&quot;calendar-slot-container&quot;
        /&gt;
        &lt;div
          class=&quot;calendar-slot-container&quot;
        /&gt;
        &lt;div
          class=&quot;calendar-slot-container&quot;
        /&gt;
        &lt;div
          class=&quot;calendar-slot-container&quot;
        /&gt;
        &lt;div
          class=&quot;calendar-slot-disabled&quot;
        /&gt;
        &lt;div
          class=&quot;calendar-slot-disabled&quot;
        /&gt;
        &lt;div
          class=&quot;calendar-time-label&quot;
        &gt;
          15:30
        &lt;/div&gt;
        &lt;div
          class=&quot;calendar-slot-container&quot;
        /&gt;
        &lt;div
          class=&quot;calendar-slot-container&quot;
        /&gt;
        &lt;div
          class=&quot;calendar-slot-container&quot;
        /&gt;
        &lt;div
          class=&quot;calendar-slot-container&quot;
        /&gt;
        &lt;div
          class=&quot;calendar-slot-container&quot;
        /&gt;
        &lt;div
          class=&quot;calendar-slot-disabled&quot;
        /&gt;
        &lt;div
          class=&quot;calendar-slot-disabled&quot;
        /&gt;
        &lt;div
          class=&quot;calendar-time-label&quot;
        &gt;
          16:00
        &lt;/div&gt;
        &lt;div
          class=&quot;calendar-slot-container&quot;
        /&gt;
        &lt;div
          class=&quot;calendar-slot-container&quot;
        /&gt;
        &lt;div
          class=&quot;calendar-slot-container&quot;
        /&gt;
        &lt;div
          class=&quot;calendar-slot-container&quot;
        /&gt;
        &lt;div
          class=&quot;calendar-slot-container&quot;
        /&gt;
        &lt;div
          class=&quot;calendar-slot-disabled&quot;
        /&gt;
        &lt;div
          class=&quot;calendar-slot-disabled&quot;
        /&gt;
        &lt;div
          class=&quot;calendar-time-label&quot;
        &gt;
          16:30
        &lt;/div&gt;
        &lt;div
          class=&quot;calendar-slot-container&quot;
        /&gt;
        &lt;div
          class=&quot;calendar-slot-container&quot;
        /&gt;
        &lt;div
          class=&quot;calendar-slot-container&quot;
        /&gt;
        &lt;div
          class=&quot;calendar-slot-container&quot;
        /&gt;
        &lt;div
          class=&quot;calendar-slot-container&quot;
        /&gt;
        &lt;div
          class=&quot;calendar-slot-disabled&quot;
        /&gt;
        &lt;div
          class=&quot;calendar-slot-disabled&quot;
        /&gt;
      &lt;/div&gt;
      &lt;div
        class=&quot;calendar-legend&quot;
      &gt;
        &lt;div
          class=&quot;legend-item&quot;
        &gt;
          &lt;div
            class=&quot;legend-color available&quot;
          /&gt;
          &lt;span&gt;
            Available
          &lt;/span&gt;
        &lt;/div&gt;
        &lt;div
          class=&quot;legend-item&quot;
        &gt;
          &lt;div
            class=&quot;legend-color selected&quot;
          /&gt;
          &lt;span&gt;
            Selected
          &lt;/span&gt;
        &lt;/div&gt;
        &lt;div
          class=&quot;legend-item&quot;
        &gt;
          &lt;div
            class=&quot;legend-color booked&quot;
          /&gt;
          &lt;span&gt;
            Booked
          &lt;/span&gt;
        &lt;/div&gt;
      &lt;/div&gt;
    &lt;/div&gt;
  &lt;/div&gt;
&lt;/body&gt;
    at Object.getElementError (/Users/nathanaronson/amp/dog-training-scheduler/node_modules/@testing-library/dom/dist/config.js:37:19)
    at /Users/nathanaronson/amp/dog-training-scheduler/node_modules/@testing-library/dom/dist/query-helpers.js:76:38
    at getAllByText (/Users/nathanaronson/amp/dog-training-scheduler/node_modules/@testing-library/dom/dist/query-helpers.js:109:15)
    at Object.&lt;anonymous&gt; (/Users/nathanaronson/amp/dog-training-scheduler/src/components/Calendar.test.tsx:124:31)
    at Promise.then.completed (/Users/nathanaronson/amp/dog-training-scheduler/node_modules/jest-circus/build/utils.js:391:28)
    at new Promise (&lt;anonymous&gt;)
    at callAsyncCircusFn (/Users/nathanaronson/amp/dog-training-scheduler/node_modules/jest-circus/build/utils.js:316:10)
    at _callCircusTest (/Users/nathanaronson/amp/dog-training-scheduler/node_modules/jest-circus/build/run.js:218:40)
    at processTicksAndRejections (node:internal/process/task_queues:105:5)
    at _runTest (/Users/nathanaronson/amp/dog-training-scheduler/node_modules/jest-circus/build/run.js:155:3)
    at _runTestsForDescribeBlock (/Users/nathanaronson/amp/dog-training-scheduler/node_modules/jest-circus/build/run.js:66:9)
    at _runTestsForDescribeBlock (/Users/nathanaronson/amp/dog-training-scheduler/node_modules/jest-circus/build/run.js:60:9)
    at run (/Users/nathanaronson/amp/dog-training-scheduler/node_modules/jest-circus/build/run.js:25:3)
    at runAndTransformResultsToJestFormat (/Users/nathanaronson/amp/dog-training-scheduler/node_modules/jest-circus/build/legacy-code-todo-rewrite/jestAdapterInit.js:170:21)
    at jestAdapter (/Users/nathanaronson/amp/dog-training-scheduler/node_modules/jest-circus/build/legacy-code-todo-rewrite/jestAdapter.js:82:19)
    at runTestInternal (/Users/nathanaronson/amp/dog-training-scheduler/node_modules/jest-runner/build/runTest.js:389:16)
    at runTest (/Users/nathanaronson/amp/dog-training-scheduler/node_modules/jest-runner/build/runTest.js:475:34)
    at Object.worker (/Users/nathanaronson/amp/dog-training-scheduler/node_modules/jest-runner/build/testWorker.js:133:12)</failure>
    </testcase>
    <testcase classname="Calendar Component highlights selected slot" name="Calendar Component highlights selected slot" time="0.035">
      <failure>TestingLibraryElementError: Unable to find an element with the text: 30m. This could be because the text is broken up by multiple elements. In this case, you can provide a function for your text matcher to make your matcher more flexible.

Ignored nodes: comments, script, style
&lt;body&gt;
  &lt;div&gt;
    &lt;div
      class=&quot;calendar-container&quot;
    &gt;
      &lt;div
        class=&quot;calendar-header&quot;
      &gt;
        &lt;button
          aria-label=&quot;Previous week&quot;
          class=&quot;calendar-nav-btn&quot;
        &gt;
          ←
        &lt;/button&gt;
        &lt;h3&gt;
          January 2024
        &lt;/h3&gt;
        &lt;button
          aria-label=&quot;Next week&quot;
          class=&quot;calendar-nav-btn&quot;
        &gt;
          →
        &lt;/button&gt;
      &lt;/div&gt;
      &lt;div
        class=&quot;calendar-grid&quot;
      &gt;
        &lt;div
          class=&quot;calendar-time-header&quot;
        /&gt;
        &lt;div
          class=&quot;calendar-day-header&quot;
        &gt;
          Mon, Jan 8
        &lt;/div&gt;
        &lt;div
          class=&quot;calendar-day-header&quot;
        &gt;
          Tue, Jan 9
        &lt;/div&gt;
        &lt;div
          class=&quot;calendar-day-header&quot;
        &gt;
          Wed, Jan 10
        &lt;/div&gt;
        &lt;div
          class=&quot;calendar-day-header&quot;
        &gt;
          Thu, Jan 11
        &lt;/div&gt;
        &lt;div
          class=&quot;calendar-day-header&quot;
        &gt;
          Fri, Jan 12
        &lt;/div&gt;
        &lt;div
          class=&quot;calendar-day-header&quot;
        &gt;
          Sat, Jan 13
        &lt;/div&gt;
        &lt;div
          class=&quot;calendar-day-header&quot;
        &gt;
          Sun, Jan 14
        &lt;/div&gt;
        &lt;div
          class=&quot;calendar-time-label&quot;
        &gt;
          09:00
        &lt;/div&gt;
        &lt;div
          class=&quot;calendar-slot-container&quot;
        /&gt;
        &lt;div
          class=&quot;calendar-slot-container&quot;
        /&gt;
        &lt;div
          class=&quot;calendar-slot-container&quot;
        /&gt;
        &lt;div
          class=&quot;calendar-slot-container&quot;
        /&gt;
        &lt;div
          class=&quot;calendar-slot-container&quot;
        /&gt;
        &lt;div
          class=&quot;calendar-slot-disabled&quot;
        /&gt;
        &lt;div
          class=&quot;calendar-slot-disabled&quot;
        /&gt;
        &lt;div
          class=&quot;calendar-time-label&quot;
        &gt;
          09:30
        &lt;/div&gt;
        &lt;div
          class=&quot;calendar-slot-container&quot;
        /&gt;
        &lt;div
          class=&quot;calendar-slot-container&quot;
        /&gt;
        &lt;div
          class=&quot;calendar-slot-container&quot;
        /&gt;
        &lt;div
          class=&quot;calendar-slot-container&quot;
        /&gt;
        &lt;div
          class=&quot;calendar-slot-container&quot;
        /&gt;
        &lt;div
          class=&quot;calendar-slot-disabled&quot;
        /&gt;
        &lt;div
          class=&quot;calendar-slot-disabled&quot;
        /&gt;
        &lt;div
          class=&quot;calendar-time-label&quot;
        &gt;
          10:00
        &lt;/div&gt;
        &lt;div
          class=&quot;calendar-slot-container&quot;
        /&gt;
        &lt;div
          class=&quot;calendar-slot-container&quot;
        /&gt;
        &lt;div
          class=&quot;calendar-slot-container&quot;
        /&gt;
        &lt;div
          class=&quot;calendar-slot-container&quot;
        /&gt;
        &lt;div
          class=&quot;calendar-slot-container&quot;
        /&gt;
        &lt;div
          class=&quot;calendar-slot-disabled&quot;
        /&gt;
        &lt;div
          class=&quot;calendar-slot-disabled&quot;
        /&gt;
        &lt;div
          class=&quot;calendar-time-label&quot;
        &gt;
          10:30
        &lt;/div&gt;
        &lt;div
          class=&quot;calendar-slot-container&quot;
        /&gt;
        &lt;div
          class=&quot;calendar-slot-container&quot;
        /&gt;
        &lt;div
          class=&quot;calendar-slot-container&quot;
        /&gt;
        &lt;div
          class=&quot;calendar-slot-container&quot;
        /&gt;
        &lt;div
          class=&quot;calendar-slot-container&quot;
        /&gt;
        &lt;div
          class=&quot;calendar-slot-disabled&quot;
        /&gt;
        &lt;div
          class=&quot;calendar-slot-disabled&quot;
        /&gt;
        &lt;div
          class=&quot;calendar-time-label&quot;
        &gt;
          11:00
        &lt;/div&gt;
        &lt;div
          class=&quot;calendar-slot-container&quot;
        /&gt;
        &lt;div
          class=&quot;calendar-slot-container&quot;
        /&gt;
        &lt;div
          class=&quot;calendar-slot-container&quot;
        /&gt;
        &lt;div
          class=&quot;calendar-slot-container&quot;
        /&gt;
        &lt;div
          class=&quot;calendar-slot-container&quot;
        /&gt;
        &lt;div
          class=&quot;calendar-slot-disabled&quot;
        /&gt;
        &lt;div
          class=&quot;calendar-slot-disabled&quot;
        /&gt;
        &lt;div
          class=&quot;calendar-time-label&quot;
        &gt;
          11:30
        &lt;/div&gt;
        &lt;div
          class=&quot;calendar-slot-container&quot;
        /&gt;
        &lt;div
          class=&quot;calendar-slot-container&quot;
        /&gt;
        &lt;div
          class=&quot;calendar-slot-container&quot;
        /&gt;
        &lt;div
          class=&quot;calendar-slot-container&quot;
        /&gt;
        &lt;div
          class=&quot;calendar-slot-container&quot;
        /&gt;
        &lt;div
          class=&quot;calendar-slot-disabled&quot;
        /&gt;
        &lt;div
          class=&quot;calendar-slot-disabled&quot;
        /&gt;
        &lt;div
          class=&quot;calendar-time-label&quot;
        &gt;
          14:00
        &lt;/div&gt;
        &lt;div
          class=&quot;calendar-slot-container&quot;
        /&gt;
        &lt;div
          class=&quot;calendar-slot-container&quot;
        /&gt;
        &lt;div
          class=&quot;calendar-slot-container&quot;
        /&gt;
        &lt;div
          class=&quot;calendar-slot-container&quot;
        /&gt;
        &lt;div
          class=&quot;calendar-slot-container&quot;
        /&gt;
        &lt;div
          class=&quot;calendar-slot-disabled&quot;
        /&gt;
        &lt;div
          class=&quot;calendar-slot-disabled&quot;
        /&gt;
        &lt;div
          class=&quot;calendar-time-label&quot;
        &gt;
          14:30
        &lt;/div&gt;
        &lt;div
          class=&quot;calendar-slot-container&quot;
        /&gt;
        &lt;div
          class=&quot;calendar-slot-container&quot;
        /&gt;
        &lt;div
          class=&quot;calendar-slot-container&quot;
        /&gt;
        &lt;div
          class=&quot;calendar-slot-container&quot;
        /&gt;
        &lt;div
          class=&quot;calendar-slot-container&quot;
        /&gt;
        &lt;div
          class=&quot;calendar-slot-disabled&quot;
        /&gt;
        &lt;div
          class=&quot;calendar-slot-disabled&quot;
        /&gt;
        &lt;div
          class=&quot;calendar-time-label&quot;
        &gt;
          15:00
        &lt;/div&gt;
        &lt;div
          class=&quot;calendar-slot-container&quot;
        /&gt;
        &lt;div
          class=&quot;calendar-slot-container&quot;
        /&gt;
        &lt;div
          class=&quot;calendar-slot-container&quot;
        /&gt;
        &lt;div
          class=&quot;calendar-slot-container&quot;
        /&gt;
        &lt;div
          class=&quot;calendar-slot-container&quot;
        /&gt;
        &lt;div
          class=&quot;calendar-slot-disabled&quot;
        /&gt;
        &lt;div
          class=&quot;calendar-slot-disabled&quot;
        /&gt;
        &lt;div
          class=&quot;calendar-time-label&quot;
        &gt;
          15:30
        &lt;/div&gt;
        &lt;div
          class=&quot;calendar-slot-container&quot;
        /&gt;
        &lt;div
          class=&quot;calendar-slot-container&quot;
        /&gt;
        &lt;div
          class=&quot;calendar-slot-container&quot;
        /&gt;
        &lt;div
          class=&quot;calendar-slot-container&quot;
        /&gt;
        &lt;div
          class=&quot;calendar-slot-container&quot;
        /&gt;
        &lt;div
          class=&quot;calendar-slot-disabled&quot;
        /&gt;
        &lt;div
          class=&quot;calendar-slot-disabled&quot;
        /&gt;
        &lt;div
          class=&quot;calendar-time-label&quot;
        &gt;
          16:00
        &lt;/div&gt;
        &lt;div
          class=&quot;calendar-slot-container&quot;
        /&gt;
        &lt;div
          class=&quot;calendar-slot-container&quot;
        /&gt;
        &lt;div
          class=&quot;calendar-slot-container&quot;
        /&gt;
        &lt;div
          class=&quot;calendar-slot-container&quot;
        /&gt;
        &lt;div
          class=&quot;calendar-slot-container&quot;
        /&gt;
        &lt;div
          class=&quot;calendar-slot-disabled&quot;
        /&gt;
        &lt;div
          class=&quot;calendar-slot-disabled&quot;
        /&gt;
        &lt;div
          class=&quot;calendar-time-label&quot;
        &gt;
          16:30
        &lt;/div&gt;
        &lt;div
          class=&quot;calendar-slot-container&quot;
        /&gt;
        &lt;div
          class=&quot;calendar-slot-container&quot;
        /&gt;
        &lt;div
          class=&quot;calendar-slot-container&quot;
        /&gt;
        &lt;div
          class=&quot;calendar-slot-container&quot;
        /&gt;
        &lt;div
          class=&quot;calendar-slot-container&quot;
        /&gt;
        &lt;div
          class=&quot;calendar-slot-disabled&quot;
        /&gt;
        &lt;div
          class=&quot;calendar-slot-disabled&quot;
        /&gt;
      &lt;/div&gt;
      &lt;div
        class=&quot;calendar-legend&quot;
      &gt;
        &lt;div
          class=&quot;legend-item&quot;
        &gt;
          &lt;div
            class=&quot;legend-color available&quot;
          /&gt;
          &lt;span&gt;
            Available
          &lt;/span&gt;
        &lt;/div&gt;
        &lt;div
          class=&quot;legend-item&quot;
        &gt;
          &lt;div
            class=&quot;legend-color selected&quot;
          /&gt;
          &lt;span&gt;
            Selected
          &lt;/span&gt;
        &lt;/div&gt;
        &lt;div
          class=&quot;legend-item&quot;
        &gt;
          &lt;div
            class=&quot;legend-color booked&quot;
          /&gt;
          &lt;span&gt;
            Booked
          &lt;/span&gt;
        &lt;/div&gt;
      &lt;/div&gt;
    &lt;/div&gt;
  &lt;/div&gt;
&lt;/body&gt;
    at Object.getElementError (/Users/nathanaronson/amp/dog-training-scheduler/node_modules/@testing-library/dom/dist/config.js:37:19)
    at /Users/nathanaronson/amp/dog-training-scheduler/node_modules/@testing-library/dom/dist/query-helpers.js:76:38
    at getAllByText (/Users/nathanaronson/amp/dog-training-scheduler/node_modules/@testing-library/dom/dist/query-helpers.js:109:15)
    at Object.&lt;anonymous&gt; (/Users/nathanaronson/amp/dog-training-scheduler/src/components/Calendar.test.tsx:143:40)
    at Promise.then.completed (/Users/nathanaronson/amp/dog-training-scheduler/node_modules/jest-circus/build/utils.js:391:28)
    at new Promise (&lt;anonymous&gt;)
    at callAsyncCircusFn (/Users/nathanaronson/amp/dog-training-scheduler/node_modules/jest-circus/build/utils.js:316:10)
    at _callCircusTest (/Users/nathanaronson/amp/dog-training-scheduler/node_modules/jest-circus/build/run.js:218:40)
    at processTicksAndRejections (node:internal/process/task_queues:105:5)
    at _runTest (/Users/nathanaronson/amp/dog-training-scheduler/node_modules/jest-circus/build/run.js:155:3)
    at _runTestsForDescribeBlock (/Users/nathanaronson/amp/dog-training-scheduler/node_modules/jest-circus/build/run.js:66:9)
    at _runTestsForDescribeBlock (/Users/nathanaronson/amp/dog-training-scheduler/node_modules/jest-circus/build/run.js:60:9)
    at run (/Users/nathanaronson/amp/dog-training-scheduler/node_modules/jest-circus/build/run.js:25:3)
    at runAndTransformResultsToJestFormat (/Users/nathanaronson/amp/dog-training-scheduler/node_modules/jest-circus/build/legacy-code-todo-rewrite/jestAdapterInit.js:170:21)
    at jestAdapter (/Users/nathanaronson/amp/dog-training-scheduler/node_modules/jest-circus/build/legacy-code-todo-rewrite/jestAdapter.js:82:19)
    at runTestInternal (/Users/nathanaronson/amp/dog-training-scheduler/node_modules/jest-runner/build/runTest.js:389:16)
    at runTest (/Users/nathanaronson/amp/dog-training-scheduler/node_modules/jest-runner/build/runTest.js:475:34)
    at Object.worker (/Users/nathanaronson/amp/dog-training-scheduler/node_modules/jest-runner/build/testWorker.js:133:12)</failure>
    </testcase>
    <testcase classname="Calendar Component navigates to previous week" name="Calendar Component navigates to previous week" time="0.066">
    </testcase>
    <testcase classname="Calendar Component navigates to next week" name="Calendar Component navigates to next week" time="0.021">
    </testcase>
    <testcase classname="Calendar Component displays day headers correctly" name="Calendar Component displays day headers correctly" time="0.013">
    </testcase>
    <testcase classname="Calendar Component disables weekend slots" name="Calendar Component disables weekend slots" time="0.01">
    </testcase>
    <testcase classname="Calendar Component shows tooltip with slot information" name="Calendar Component shows tooltip with slot information" time="0.012">
      <failure>TestingLibraryElementError: Unable to find an element with the text: 30m. This could be because the text is broken up by multiple elements. In this case, you can provide a function for your text matcher to make your matcher more flexible.

Ignored nodes: comments, script, style
&lt;body&gt;
  &lt;div&gt;
    &lt;div
      class=&quot;calendar-container&quot;
    &gt;
      &lt;div
        class=&quot;calendar-header&quot;
      &gt;
        &lt;button
          aria-label=&quot;Previous week&quot;
          class=&quot;calendar-nav-btn&quot;
        &gt;
          ←
        &lt;/button&gt;
        &lt;h3&gt;
          January 2024
        &lt;/h3&gt;
        &lt;button
          aria-label=&quot;Next week&quot;
          class=&quot;calendar-nav-btn&quot;
        &gt;
          →
        &lt;/button&gt;
      &lt;/div&gt;
      &lt;div
        class=&quot;calendar-grid&quot;
      &gt;
        &lt;div
          class=&quot;calendar-time-header&quot;
        /&gt;
        &lt;div
          class=&quot;calendar-day-header&quot;
        &gt;
          Mon, Jan 8
        &lt;/div&gt;
        &lt;div
          class=&quot;calendar-day-header&quot;
        &gt;
          Tue, Jan 9
        &lt;/div&gt;
        &lt;div
          class=&quot;calendar-day-header&quot;
        &gt;
          Wed, Jan 10
        &lt;/div&gt;
        &lt;div
          class=&quot;calendar-day-header&quot;
        &gt;
          Thu, Jan 11
        &lt;/div&gt;
        &lt;div
          class=&quot;calendar-day-header&quot;
        &gt;
          Fri, Jan 12
        &lt;/div&gt;
        &lt;div
          class=&quot;calendar-day-header&quot;
        &gt;
          Sat, Jan 13
        &lt;/div&gt;
        &lt;div
          class=&quot;calendar-day-header&quot;
        &gt;
          Sun, Jan 14
        &lt;/div&gt;
        &lt;div
          class=&quot;calendar-time-label&quot;
        &gt;
          09:00
        &lt;/div&gt;
        &lt;div
          class=&quot;calendar-slot-container&quot;
        /&gt;
        &lt;div
          class=&quot;calendar-slot-container&quot;
        /&gt;
        &lt;div
          class=&quot;calendar-slot-container&quot;
        /&gt;
        &lt;div
          class=&quot;calendar-slot-container&quot;
        /&gt;
        &lt;div
          class=&quot;calendar-slot-container&quot;
        /&gt;
        &lt;div
          class=&quot;calendar-slot-disabled&quot;
        /&gt;
        &lt;div
          class=&quot;calendar-slot-disabled&quot;
        /&gt;
        &lt;div
          class=&quot;calendar-time-label&quot;
        &gt;
          09:30
        &lt;/div&gt;
        &lt;div
          class=&quot;calendar-slot-container&quot;
        /&gt;
        &lt;div
          class=&quot;calendar-slot-container&quot;
        /&gt;
        &lt;div
          class=&quot;calendar-slot-container&quot;
        /&gt;
        &lt;div
          class=&quot;calendar-slot-container&quot;
        /&gt;
        &lt;div
          class=&quot;calendar-slot-container&quot;
        /&gt;
        &lt;div
          class=&quot;calendar-slot-disabled&quot;
        /&gt;
        &lt;div
          class=&quot;calendar-slot-disabled&quot;
        /&gt;
        &lt;div
          class=&quot;calendar-time-label&quot;
        &gt;
          10:00
        &lt;/div&gt;
        &lt;div
          class=&quot;calendar-slot-container&quot;
        /&gt;
        &lt;div
          class=&quot;calendar-slot-container&quot;
        /&gt;
        &lt;div
          class=&quot;calendar-slot-container&quot;
        /&gt;
        &lt;div
          class=&quot;calendar-slot-container&quot;
        /&gt;
        &lt;div
          class=&quot;calendar-slot-container&quot;
        /&gt;
        &lt;div
          class=&quot;calendar-slot-disabled&quot;
        /&gt;
        &lt;div
          class=&quot;calendar-slot-disabled&quot;
        /&gt;
        &lt;div
          class=&quot;calendar-time-label&quot;
        &gt;
          10:30
        &lt;/div&gt;
        &lt;div
          class=&quot;calendar-slot-container&quot;
        /&gt;
        &lt;div
          class=&quot;calendar-slot-container&quot;
        /&gt;
        &lt;div
          class=&quot;calendar-slot-container&quot;
        /&gt;
        &lt;div
          class=&quot;calendar-slot-container&quot;
        /&gt;
        &lt;div
          class=&quot;calendar-slot-container&quot;
        /&gt;
        &lt;div
          class=&quot;calendar-slot-disabled&quot;
        /&gt;
        &lt;div
          class=&quot;calendar-slot-disabled&quot;
        /&gt;
        &lt;div
          class=&quot;calendar-time-label&quot;
        &gt;
          11:00
        &lt;/div&gt;
        &lt;div
          class=&quot;calendar-slot-container&quot;
        /&gt;
        &lt;div
          class=&quot;calendar-slot-container&quot;
        /&gt;
        &lt;div
          class=&quot;calendar-slot-container&quot;
        /&gt;
        &lt;div
          class=&quot;calendar-slot-container&quot;
        /&gt;
        &lt;div
          class=&quot;calendar-slot-container&quot;
        /&gt;
        &lt;div
          class=&quot;calendar-slot-disabled&quot;
        /&gt;
        &lt;div
          class=&quot;calendar-slot-disabled&quot;
        /&gt;
        &lt;div
          class=&quot;calendar-time-label&quot;
        &gt;
          11:30
        &lt;/div&gt;
        &lt;div
          class=&quot;calendar-slot-container&quot;
        /&gt;
        &lt;div
          class=&quot;calendar-slot-container&quot;
        /&gt;
        &lt;div
          class=&quot;calendar-slot-container&quot;
        /&gt;
        &lt;div
          class=&quot;calendar-slot-container&quot;
        /&gt;
        &lt;div
          class=&quot;calendar-slot-container&quot;
        /&gt;
        &lt;div
          class=&quot;calendar-slot-disabled&quot;
        /&gt;
        &lt;div
          class=&quot;calendar-slot-disabled&quot;
        /&gt;
        &lt;div
          class=&quot;calendar-time-label&quot;
        &gt;
          14:00
        &lt;/div&gt;
        &lt;div
          class=&quot;calendar-slot-container&quot;
        /&gt;
        &lt;div
          class=&quot;calendar-slot-container&quot;
        /&gt;
        &lt;div
          class=&quot;calendar-slot-container&quot;
        /&gt;
        &lt;div
          class=&quot;calendar-slot-container&quot;
        /&gt;
        &lt;div
          class=&quot;calendar-slot-container&quot;
        /&gt;
        &lt;div
          class=&quot;calendar-slot-disabled&quot;
        /&gt;
        &lt;div
          class=&quot;calendar-slot-disabled&quot;
        /&gt;
        &lt;div
          class=&quot;calendar-time-label&quot;
        &gt;
          14:30
        &lt;/div&gt;
        &lt;div
          class=&quot;calendar-slot-container&quot;
        /&gt;
        &lt;div
          class=&quot;calendar-slot-container&quot;
        /&gt;
        &lt;div
          class=&quot;calendar-slot-container&quot;
        /&gt;
        &lt;div
          class=&quot;calendar-slot-container&quot;
        /&gt;
        &lt;div
          class=&quot;calendar-slot-container&quot;
        /&gt;
        &lt;div
          class=&quot;calendar-slot-disabled&quot;
        /&gt;
        &lt;div
          class=&quot;calendar-slot-disabled&quot;
        /&gt;
        &lt;div
          class=&quot;calendar-time-label&quot;
        &gt;
          15:00
        &lt;/div&gt;
        &lt;div
          class=&quot;calendar-slot-container&quot;
        /&gt;
        &lt;div
          class=&quot;calendar-slot-container&quot;
        /&gt;
        &lt;div
          class=&quot;calendar-slot-container&quot;
        /&gt;
        &lt;div
          class=&quot;calendar-slot-container&quot;
        /&gt;
        &lt;div
          class=&quot;calendar-slot-container&quot;
        /&gt;
        &lt;div
          class=&quot;calendar-slot-disabled&quot;
        /&gt;
        &lt;div
          class=&quot;calendar-slot-disabled&quot;
        /&gt;
        &lt;div
          class=&quot;calendar-time-label&quot;
        &gt;
          15:30
        &lt;/div&gt;
        &lt;div
          class=&quot;calendar-slot-container&quot;
        /&gt;
        &lt;div
          class=&quot;calendar-slot-container&quot;
        /&gt;
        &lt;div
          class=&quot;calendar-slot-container&quot;
        /&gt;
        &lt;div
          class=&quot;calendar-slot-container&quot;
        /&gt;
        &lt;div
          class=&quot;calendar-slot-container&quot;
        /&gt;
        &lt;div
          class=&quot;calendar-slot-disabled&quot;
        /&gt;
        &lt;div
          class=&quot;calendar-slot-disabled&quot;
        /&gt;
        &lt;div
          class=&quot;calendar-time-label&quot;
        &gt;
          16:00
        &lt;/div&gt;
        &lt;div
          class=&quot;calendar-slot-container&quot;
        /&gt;
        &lt;div
          class=&quot;calendar-slot-container&quot;
        /&gt;
        &lt;div
          class=&quot;calendar-slot-container&quot;
        /&gt;
        &lt;div
          class=&quot;calendar-slot-container&quot;
        /&gt;
        &lt;div
          class=&quot;calendar-slot-container&quot;
        /&gt;
        &lt;div
          class=&quot;calendar-slot-disabled&quot;
        /&gt;
        &lt;div
          class=&quot;calendar-slot-disabled&quot;
        /&gt;
        &lt;div
          class=&quot;calendar-time-label&quot;
        &gt;
          16:30
        &lt;/div&gt;
        &lt;div
          class=&quot;calendar-slot-container&quot;
        /&gt;
        &lt;div
          class=&quot;calendar-slot-container&quot;
        /&gt;
        &lt;div
          class=&quot;calendar-slot-container&quot;
        /&gt;
        &lt;div
          class=&quot;calendar-slot-container&quot;
        /&gt;
        &lt;div
          class=&quot;calendar-slot-container&quot;
        /&gt;
        &lt;div
          class=&quot;calendar-slot-disabled&quot;
        /&gt;
        &lt;div
          class=&quot;calendar-slot-disabled&quot;
        /&gt;
      &lt;/div&gt;
      &lt;div
        class=&quot;calendar-legend&quot;
      &gt;
        &lt;div
          class=&quot;legend-item&quot;
        &gt;
          &lt;div
            class=&quot;legend-color available&quot;
          /&gt;
          &lt;span&gt;
            Available
          &lt;/span&gt;
        &lt;/div&gt;
        &lt;div
          class=&quot;legend-item&quot;
        &gt;
          &lt;div
            class=&quot;legend-color selected&quot;
          /&gt;
          &lt;span&gt;
            Selected
          &lt;/span&gt;
        &lt;/div&gt;
        &lt;div
          class=&quot;legend-item&quot;
        &gt;
          &lt;div
            class=&quot;legend-color booked&quot;
          /&gt;
          &lt;span&gt;
            Booked
          &lt;/span&gt;
        &lt;/div&gt;
      &lt;/div&gt;
    &lt;/div&gt;
  &lt;/div&gt;
&lt;/body&gt;
    at Object.getElementError (/Users/nathanaronson/amp/dog-training-scheduler/node_modules/@testing-library/dom/dist/config.js:37:19)
    at /Users/nathanaronson/amp/dog-training-scheduler/node_modules/@testing-library/dom/dist/query-helpers.js:76:38
    at getAllByText (/Users/nathanaronson/amp/dog-training-scheduler/node_modules/@testing-library/dom/dist/query-helpers.js:109:15)
    at Object.&lt;anonymous&gt; (/Users/nathanaronson/amp/dog-training-scheduler/src/components/Calendar.test.tsx:221:31)
    at Promise.then.completed (/Users/nathanaronson/amp/dog-training-scheduler/node_modules/jest-circus/build/utils.js:391:28)
    at new Promise (&lt;anonymous&gt;)
    at callAsyncCircusFn (/Users/nathanaronson/amp/dog-training-scheduler/node_modules/jest-circus/build/utils.js:316:10)
    at _callCircusTest (/Users/nathanaronson/amp/dog-training-scheduler/node_modules/jest-circus/build/run.js:218:40)
    at processTicksAndRejections (node:internal/process/task_queues:105:5)
    at _runTest (/Users/nathanaronson/amp/dog-training-scheduler/node_modules/jest-circus/build/run.js:155:3)
    at _runTestsForDescribeBlock (/Users/nathanaronson/amp/dog-training-scheduler/node_modules/jest-circus/build/run.js:66:9)
    at _runTestsForDescribeBlock (/Users/nathanaronson/amp/dog-training-scheduler/node_modules/jest-circus/build/run.js:60:9)
    at run (/Users/nathanaronson/amp/dog-training-scheduler/node_modules/jest-circus/build/run.js:25:3)
    at runAndTransformResultsToJestFormat (/Users/nathanaronson/amp/dog-training-scheduler/node_modules/jest-circus/build/legacy-code-todo-rewrite/jestAdapterInit.js:170:21)
    at jestAdapter (/Users/nathanaronson/amp/dog-training-scheduler/node_modules/jest-circus/build/legacy-code-todo-rewrite/jestAdapter.js:82:19)
    at runTestInternal (/Users/nathanaronson/amp/dog-training-scheduler/node_modules/jest-runner/build/runTest.js:389:16)
    at runTest (/Users/nathanaronson/amp/dog-training-scheduler/node_modules/jest-runner/build/runTest.js:475:34)
    at Object.worker (/Users/nathanaronson/amp/dog-training-scheduler/node_modules/jest-runner/build/testWorker.js:133:12)</failure>
    </testcase>
    <testcase classname="Calendar Component shows booked slot tooltip correctly" name="Calendar Component shows booked slot tooltip correctly" time="0.005">
      <failure>TestingLibraryElementError: Unable to find an element with the text: 60m. This could be because the text is broken up by multiple elements. In this case, you can provide a function for your text matcher to make your matcher more flexible.

Ignored nodes: comments, script, style
&lt;body&gt;
  &lt;div&gt;
    &lt;div
      class=&quot;calendar-container&quot;
    &gt;
      &lt;div
        class=&quot;calendar-header&quot;
      &gt;
        &lt;button
          aria-label=&quot;Previous week&quot;
          class=&quot;calendar-nav-btn&quot;
        &gt;
          ←
        &lt;/button&gt;
        &lt;h3&gt;
          January 2024
        &lt;/h3&gt;
        &lt;button
          aria-label=&quot;Next week&quot;
          class=&quot;calendar-nav-btn&quot;
        &gt;
          →
        &lt;/button&gt;
      &lt;/div&gt;
      &lt;div
        class=&quot;calendar-grid&quot;
      &gt;
        &lt;div
          class=&quot;calendar-time-header&quot;
        /&gt;
        &lt;div
          class=&quot;calendar-day-header&quot;
        &gt;
          Mon, Jan 8
        &lt;/div&gt;
        &lt;div
          class=&quot;calendar-day-header&quot;
        &gt;
          Tue, Jan 9
        &lt;/div&gt;
        &lt;div
          class=&quot;calendar-day-header&quot;
        &gt;
          Wed, Jan 10
        &lt;/div&gt;
        &lt;div
          class=&quot;calendar-day-header&quot;
        &gt;
          Thu, Jan 11
        &lt;/div&gt;
        &lt;div
          class=&quot;calendar-day-header&quot;
        &gt;
          Fri, Jan 12
        &lt;/div&gt;
        &lt;div
          class=&quot;calendar-day-header&quot;
        &gt;
          Sat, Jan 13
        &lt;/div&gt;
        &lt;div
          class=&quot;calendar-day-header&quot;
        &gt;
          Sun, Jan 14
        &lt;/div&gt;
        &lt;div
          class=&quot;calendar-time-label&quot;
        &gt;
          09:00
        &lt;/div&gt;
        &lt;div
          class=&quot;calendar-slot-container&quot;
        /&gt;
        &lt;div
          class=&quot;calendar-slot-container&quot;
        /&gt;
        &lt;div
          class=&quot;calendar-slot-container&quot;
        /&gt;
        &lt;div
          class=&quot;calendar-slot-container&quot;
        /&gt;
        &lt;div
          class=&quot;calendar-slot-container&quot;
        /&gt;
        &lt;div
          class=&quot;calendar-slot-disabled&quot;
        /&gt;
        &lt;div
          class=&quot;calendar-slot-disabled&quot;
        /&gt;
        &lt;div
          class=&quot;calendar-time-label&quot;
        &gt;
          09:30
        &lt;/div&gt;
        &lt;div
          class=&quot;calendar-slot-container&quot;
        /&gt;
        &lt;div
          class=&quot;calendar-slot-container&quot;
        /&gt;
        &lt;div
          class=&quot;calendar-slot-container&quot;
        /&gt;
        &lt;div
          class=&quot;calendar-slot-container&quot;
        /&gt;
        &lt;div
          class=&quot;calendar-slot-container&quot;
        /&gt;
        &lt;div
          class=&quot;calendar-slot-disabled&quot;
        /&gt;
        &lt;div
          class=&quot;calendar-slot-disabled&quot;
        /&gt;
        &lt;div
          class=&quot;calendar-time-label&quot;
        &gt;
          10:00
        &lt;/div&gt;
        &lt;div
          class=&quot;calendar-slot-container&quot;
        /&gt;
        &lt;div
          class=&quot;calendar-slot-container&quot;
        /&gt;
        &lt;div
          class=&quot;calendar-slot-container&quot;
        /&gt;
        &lt;div
          class=&quot;calendar-slot-container&quot;
        /&gt;
        &lt;div
          class=&quot;calendar-slot-container&quot;
        /&gt;
        &lt;div
          class=&quot;calendar-slot-disabled&quot;
        /&gt;
        &lt;div
          class=&quot;calendar-slot-disabled&quot;
        /&gt;
        &lt;div
          class=&quot;calendar-time-label&quot;
        &gt;
          10:30
        &lt;/div&gt;
        &lt;div
          class=&quot;calendar-slot-container&quot;
        /&gt;
        &lt;div
          class=&quot;calendar-slot-container&quot;
        /&gt;
        &lt;div
          class=&quot;calendar-slot-container&quot;
        /&gt;
        &lt;div
          class=&quot;calendar-slot-container&quot;
        /&gt;
        &lt;div
          class=&quot;calendar-slot-container&quot;
        /&gt;
        &lt;div
          class=&quot;calendar-slot-disabled&quot;
        /&gt;
        &lt;div
          class=&quot;calendar-slot-disabled&quot;
        /&gt;
        &lt;div
          class=&quot;calendar-time-label&quot;
        &gt;
          11:00
        &lt;/div&gt;
        &lt;div
          class=&quot;calendar-slot-container&quot;
        /&gt;
        &lt;div
          class=&quot;calendar-slot-container&quot;
        /&gt;
        &lt;div
          class=&quot;calendar-slot-container&quot;
        /&gt;
        &lt;div
          class=&quot;calendar-slot-container&quot;
        /&gt;
        &lt;div
          class=&quot;calendar-slot-container&quot;
        /&gt;
        &lt;div
          class=&quot;calendar-slot-disabled&quot;
        /&gt;
        &lt;div
          class=&quot;calendar-slot-disabled&quot;
        /&gt;
        &lt;div
          class=&quot;calendar-time-label&quot;
        &gt;
          11:30
        &lt;/div&gt;
        &lt;div
          class=&quot;calendar-slot-container&quot;
        /&gt;
        &lt;div
          class=&quot;calendar-slot-container&quot;
        /&gt;
        &lt;div
          class=&quot;calendar-slot-container&quot;
        /&gt;
        &lt;div
          class=&quot;calendar-slot-container&quot;
        /&gt;
        &lt;div
          class=&quot;calendar-slot-container&quot;
        /&gt;
        &lt;div
          class=&quot;calendar-slot-disabled&quot;
        /&gt;
        &lt;div
          class=&quot;calendar-slot-disabled&quot;
        /&gt;
        &lt;div
          class=&quot;calendar-time-label&quot;
        &gt;
          14:00
        &lt;/div&gt;
        &lt;div
          class=&quot;calendar-slot-container&quot;
        /&gt;
        &lt;div
          class=&quot;calendar-slot-container&quot;
        /&gt;
        &lt;div
          class=&quot;calendar-slot-container&quot;
        /&gt;
        &lt;div
          class=&quot;calendar-slot-container&quot;
        /&gt;
        &lt;div
          class=&quot;calendar-slot-container&quot;
        /&gt;
        &lt;div
          class=&quot;calendar-slot-disabled&quot;
        /&gt;
        &lt;div
          class=&quot;calendar-slot-disabled&quot;
        /&gt;
        &lt;div
          class=&quot;calendar-time-label&quot;
        &gt;
          14:30
        &lt;/div&gt;
        &lt;div
          class=&quot;calendar-slot-container&quot;
        /&gt;
        &lt;div
          class=&quot;calendar-slot-container&quot;
        /&gt;
        &lt;div
          class=&quot;calendar-slot-container&quot;
        /&gt;
        &lt;div
          class=&quot;calendar-slot-container&quot;
        /&gt;
        &lt;div
          class=&quot;calendar-slot-container&quot;
        /&gt;
        &lt;div
          class=&quot;calendar-slot-disabled&quot;
        /&gt;
        &lt;div
          class=&quot;calendar-slot-disabled&quot;
        /&gt;
        &lt;div
          class=&quot;calendar-time-label&quot;
        &gt;
          15:00
        &lt;/div&gt;
        &lt;div
          class=&quot;calendar-slot-container&quot;
        /&gt;
        &lt;div
          class=&quot;calendar-slot-container&quot;
        /&gt;
        &lt;div
          class=&quot;calendar-slot-container&quot;
        /&gt;
        &lt;div
          class=&quot;calendar-slot-container&quot;
        /&gt;
        &lt;div
          class=&quot;calendar-slot-container&quot;
        /&gt;
        &lt;div
          class=&quot;calendar-slot-disabled&quot;
        /&gt;
        &lt;div
          class=&quot;calendar-slot-disabled&quot;
        /&gt;
        &lt;div
          class=&quot;calendar-time-label&quot;
        &gt;
          15:30
        &lt;/div&gt;
        &lt;div
          class=&quot;calendar-slot-container&quot;
        /&gt;
        &lt;div
          class=&quot;calendar-slot-container&quot;
        /&gt;
        &lt;div
          class=&quot;calendar-slot-container&quot;
        /&gt;
        &lt;div
          class=&quot;calendar-slot-container&quot;
        /&gt;
        &lt;div
          class=&quot;calendar-slot-container&quot;
        /&gt;
        &lt;div
          class=&quot;calendar-slot-disabled&quot;
        /&gt;
        &lt;div
          class=&quot;calendar-slot-disabled&quot;
        /&gt;
        &lt;div
          class=&quot;calendar-time-label&quot;
        &gt;
          16:00
        &lt;/div&gt;
        &lt;div
          class=&quot;calendar-slot-container&quot;
        /&gt;
        &lt;div
          class=&quot;calendar-slot-container&quot;
        /&gt;
        &lt;div
          class=&quot;calendar-slot-container&quot;
        /&gt;
        &lt;div
          class=&quot;calendar-slot-container&quot;
        /&gt;
        &lt;div
          class=&quot;calendar-slot-container&quot;
        /&gt;
        &lt;div
          class=&quot;calendar-slot-disabled&quot;
        /&gt;
        &lt;div
          class=&quot;calendar-slot-disabled&quot;
        /&gt;
        &lt;div
          class=&quot;calendar-time-label&quot;
        &gt;
          16:30
        &lt;/div&gt;
        &lt;div
          class=&quot;calendar-slot-container&quot;
        /&gt;
        &lt;div
          class=&quot;calendar-slot-container&quot;
        /&gt;
        &lt;div
          class=&quot;calendar-slot-container&quot;
        /&gt;
        &lt;div
          class=&quot;calendar-slot-container&quot;
        /&gt;
        &lt;div
          class=&quot;calendar-slot-container&quot;
        /&gt;
        &lt;div
          class=&quot;calendar-slot-disabled&quot;
        /&gt;
        &lt;div
          class=&quot;calendar-slot-disabled&quot;
        /&gt;
      &lt;/div&gt;
      &lt;div
        class=&quot;calendar-legend&quot;
      &gt;
        &lt;div
          class=&quot;legend-item&quot;
        &gt;
          &lt;div
            class=&quot;legend-color available&quot;
          /&gt;
          &lt;span&gt;
            Available
          &lt;/span&gt;
        &lt;/div&gt;
        &lt;div
          class=&quot;legend-item&quot;
        &gt;
          &lt;div
            class=&quot;legend-color selected&quot;
          /&gt;
          &lt;span&gt;
            Selected
          &lt;/span&gt;
        &lt;/div&gt;
        &lt;div
          class=&quot;legend-item&quot;
        &gt;
          &lt;div
            class=&quot;legend-color booked&quot;
          /&gt;
          &lt;span&gt;
            Booked
          &lt;/span&gt;
        &lt;/div&gt;
      &lt;/div&gt;
    &lt;/div&gt;
  &lt;/div&gt;
&lt;/body&gt;
    at Object.getElementError (/Users/nathanaronson/amp/dog-training-scheduler/node_modules/@testing-library/dom/dist/config.js:37:19)
    at /Users/nathanaronson/amp/dog-training-scheduler/node_modules/@testing-library/dom/dist/query-helpers.js:76:38
    at getAllByText (/Users/nathanaronson/amp/dog-training-scheduler/node_modules/@testing-library/dom/dist/query-helpers.js:109:15)
    at Object.&lt;anonymous&gt; (/Users/nathanaronson/amp/dog-training-scheduler/src/components/Calendar.test.tsx:231:31)
    at Promise.then.completed (/Users/nathanaronson/amp/dog-training-scheduler/node_modules/jest-circus/build/utils.js:391:28)
    at new Promise (&lt;anonymous&gt;)
    at callAsyncCircusFn (/Users/nathanaronson/amp/dog-training-scheduler/node_modules/jest-circus/build/utils.js:316:10)
    at _callCircusTest (/Users/nathanaronson/amp/dog-training-scheduler/node_modules/jest-circus/build/run.js:218:40)
    at processTicksAndRejections (node:internal/process/task_queues:105:5)
    at _runTest (/Users/nathanaronson/amp/dog-training-scheduler/node_modules/jest-circus/build/run.js:155:3)
    at _runTestsForDescribeBlock (/Users/nathanaronson/amp/dog-training-scheduler/node_modules/jest-circus/build/run.js:66:9)
    at _runTestsForDescribeBlock (/Users/nathanaronson/amp/dog-training-scheduler/node_modules/jest-circus/build/run.js:60:9)
    at run (/Users/nathanaronson/amp/dog-training-scheduler/node_modules/jest-circus/build/run.js:25:3)
    at runAndTransformResultsToJestFormat (/Users/nathanaronson/amp/dog-training-scheduler/node_modules/jest-circus/build/legacy-code-todo-rewrite/jestAdapterInit.js:170:21)
    at jestAdapter (/Users/nathanaronson/amp/dog-training-scheduler/node_modules/jest-circus/build/legacy-code-todo-rewrite/jestAdapter.js:82:19)
    at runTestInternal (/Users/nathanaronson/amp/dog-training-scheduler/node_modules/jest-runner/build/runTest.js:389:16)
    at runTest (/Users/nathanaronson/amp/dog-training-scheduler/node_modules/jest-runner/build/runTest.js:475:34)
    at Object.worker (/Users/nathanaronson/amp/dog-training-scheduler/node_modules/jest-runner/build/testWorker.js:133:12)</failure>
    </testcase>
    <testcase classname="Calendar Component displays legend correctly" name="Calendar Component displays legend correctly" time="0.078">
    </testcase>
    <testcase classname="Calendar Component handles empty slots array" name="Calendar Component handles empty slots array" time="0.025">
    </testcase>
    <testcase classname="Calendar Component handles slots for different durations in same time slot" name="Calendar Component handles slots for different durations in same time slot" time="0.062">
      <failure>TestingLibraryElementError: Unable to find an element with the text: 30m. This could be because the text is broken up by multiple elements. In this case, you can provide a function for your text matcher to make your matcher more flexible.

Ignored nodes: comments, script, style
&lt;body&gt;
  &lt;div&gt;
    &lt;div
      class=&quot;calendar-container&quot;
    &gt;
      &lt;div
        class=&quot;calendar-header&quot;
      &gt;
        &lt;button
          aria-label=&quot;Previous week&quot;
          class=&quot;calendar-nav-btn&quot;
        &gt;
          ←
        &lt;/button&gt;
        &lt;h3&gt;
          January 2024
        &lt;/h3&gt;
        &lt;button
          aria-label=&quot;Next week&quot;
          class=&quot;calendar-nav-btn&quot;
        &gt;
          →
        &lt;/button&gt;
      &lt;/div&gt;
      &lt;div
        class=&quot;calendar-grid&quot;
      &gt;
        &lt;div
          class=&quot;calendar-time-header&quot;
        /&gt;
        &lt;div
          class=&quot;calendar-day-header&quot;
        &gt;
          Mon, Jan 8
        &lt;/div&gt;
        &lt;div
          class=&quot;calendar-day-header&quot;
        &gt;
          Tue, Jan 9
        &lt;/div&gt;
        &lt;div
          class=&quot;calendar-day-header&quot;
        &gt;
          Wed, Jan 10
        &lt;/div&gt;
        &lt;div
          class=&quot;calendar-day-header&quot;
        &gt;
          Thu, Jan 11
        &lt;/div&gt;
        &lt;div
          class=&quot;calendar-day-header&quot;
        &gt;
          Fri, Jan 12
        &lt;/div&gt;
        &lt;div
          class=&quot;calendar-day-header&quot;
        &gt;
          Sat, Jan 13
        &lt;/div&gt;
        &lt;div
          class=&quot;calendar-day-header&quot;
        &gt;
          Sun, Jan 14
        &lt;/div&gt;
        &lt;div
          class=&quot;calendar-time-label&quot;
        &gt;
          09:00
        &lt;/div&gt;
        &lt;div
          class=&quot;calendar-slot-container&quot;
        /&gt;
        &lt;div
          class=&quot;calendar-slot-container&quot;
        /&gt;
        &lt;div
          class=&quot;calendar-slot-container&quot;
        /&gt;
        &lt;div
          class=&quot;calendar-slot-container&quot;
        /&gt;
        &lt;div
          class=&quot;calendar-slot-container&quot;
        /&gt;
        &lt;div
          class=&quot;calendar-slot-disabled&quot;
        /&gt;
        &lt;div
          class=&quot;calendar-slot-disabled&quot;
        /&gt;
        &lt;div
          class=&quot;calendar-time-label&quot;
        &gt;
          09:30
        &lt;/div&gt;
        &lt;div
          class=&quot;calendar-slot-container&quot;
        /&gt;
        &lt;div
          class=&quot;calendar-slot-container&quot;
        /&gt;
        &lt;div
          class=&quot;calendar-slot-container&quot;
        /&gt;
        &lt;div
          class=&quot;calendar-slot-container&quot;
        /&gt;
        &lt;div
          class=&quot;calendar-slot-container&quot;
        /&gt;
        &lt;div
          class=&quot;calendar-slot-disabled&quot;
        /&gt;
        &lt;div
          class=&quot;calendar-slot-disabled&quot;
        /&gt;
        &lt;div
          class=&quot;calendar-time-label&quot;
        &gt;
          10:00
        &lt;/div&gt;
        &lt;div
          class=&quot;calendar-slot-container&quot;
        /&gt;
        &lt;div
          class=&quot;calendar-slot-container&quot;
        /&gt;
        &lt;div
          class=&quot;calendar-slot-container&quot;
        /&gt;
        &lt;div
          class=&quot;calendar-slot-container&quot;
        /&gt;
        &lt;div
          class=&quot;calendar-slot-container&quot;
        /&gt;
        &lt;div
          class=&quot;calendar-slot-disabled&quot;
        /&gt;
        &lt;div
          class=&quot;calendar-slot-disabled&quot;
        /&gt;
        &lt;div
          class=&quot;calendar-time-label&quot;
        &gt;
          10:30
        &lt;/div&gt;
        &lt;div
          class=&quot;calendar-slot-container&quot;
        /&gt;
        &lt;div
          class=&quot;calendar-slot-container&quot;
        /&gt;
        &lt;div
          class=&quot;calendar-slot-container&quot;
        /&gt;
        &lt;div
          class=&quot;calendar-slot-container&quot;
        /&gt;
        &lt;div
          class=&quot;calendar-slot-container&quot;
        /&gt;
        &lt;div
          class=&quot;calendar-slot-disabled&quot;
        /&gt;
        &lt;div
          class=&quot;calendar-slot-disabled&quot;
        /&gt;
        &lt;div
          class=&quot;calendar-time-label&quot;
        &gt;
          11:00
        &lt;/div&gt;
        &lt;div
          class=&quot;calendar-slot-container&quot;
        /&gt;
        &lt;div
          class=&quot;calendar-slot-container&quot;
        /&gt;
        &lt;div
          class=&quot;calendar-slot-container&quot;
        /&gt;
        &lt;div
          class=&quot;calendar-slot-container&quot;
        /&gt;
        &lt;div
          class=&quot;calendar-slot-container&quot;
        /&gt;
        &lt;div
          class=&quot;calendar-slot-disabled&quot;
        /&gt;
        &lt;div
          class=&quot;calendar-slot-disabled&quot;
        /&gt;
        &lt;div
          class=&quot;calendar-time-label&quot;
        &gt;
          11:30
        &lt;/div&gt;
        &lt;div
          class=&quot;calendar-slot-container&quot;
        /&gt;
        &lt;div
          class=&quot;calendar-slot-container&quot;
        /&gt;
        &lt;div
          class=&quot;calendar-slot-container&quot;
        /&gt;
        &lt;div
          class=&quot;calendar-slot-container&quot;
        /&gt;
        &lt;div
          class=&quot;calendar-slot-container&quot;
        /&gt;
        &lt;div
          class=&quot;calendar-slot-disabled&quot;
        /&gt;
        &lt;div
          class=&quot;calendar-slot-disabled&quot;
        /&gt;
        &lt;div
          class=&quot;calendar-time-label&quot;
        &gt;
          14:00
        &lt;/div&gt;
        &lt;div
          class=&quot;calendar-slot-container&quot;
        /&gt;
        &lt;div
          class=&quot;calendar-slot-container&quot;
        /&gt;
        &lt;div
          class=&quot;calendar-slot-container&quot;
        /&gt;
        &lt;div
          class=&quot;calendar-slot-container&quot;
        /&gt;
        &lt;div
          class=&quot;calendar-slot-container&quot;
        /&gt;
        &lt;div
          class=&quot;calendar-slot-disabled&quot;
        /&gt;
        &lt;div
          class=&quot;calendar-slot-disabled&quot;
        /&gt;
        &lt;div
          class=&quot;calendar-time-label&quot;
        &gt;
          14:30
        &lt;/div&gt;
        &lt;div
          class=&quot;calendar-slot-container&quot;
        /&gt;
        &lt;div
          class=&quot;calendar-slot-container&quot;
        /&gt;
        &lt;div
          class=&quot;calendar-slot-container&quot;
        /&gt;
        &lt;div
          class=&quot;calendar-slot-container&quot;
        /&gt;
        &lt;div
          class=&quot;calendar-slot-container&quot;
        /&gt;
        &lt;div
          class=&quot;calendar-slot-disabled&quot;
        /&gt;
        &lt;div
          class=&quot;calendar-slot-disabled&quot;
        /&gt;
        &lt;div
          class=&quot;calendar-time-label&quot;
        &gt;
          15:00
        &lt;/div&gt;
        &lt;div
          class=&quot;calendar-slot-container&quot;
        /&gt;
        &lt;div
          class=&quot;calendar-slot-container&quot;
        /&gt;
        &lt;div
          class=&quot;calendar-slot-container&quot;
        /&gt;
        &lt;div
          class=&quot;calendar-slot-container&quot;
        /&gt;
        &lt;div
          class=&quot;calendar-slot-container&quot;
        /&gt;
        &lt;div
          class=&quot;calendar-slot-disabled&quot;
        /&gt;
        &lt;div
          class=&quot;calendar-slot-disabled&quot;
        /&gt;
        &lt;div
          class=&quot;calendar-time-label&quot;
        &gt;
          15:30
        &lt;/div&gt;
        &lt;div
          class=&quot;calendar-slot-container&quot;
        /&gt;
        &lt;div
          class=&quot;calendar-slot-container&quot;
        /&gt;
        &lt;div
          class=&quot;calendar-slot-container&quot;
        /&gt;
        &lt;div
          class=&quot;calendar-slot-container&quot;
        /&gt;
        &lt;div
          class=&quot;calendar-slot-container&quot;
        /&gt;
        &lt;div
          class=&quot;calendar-slot-disabled&quot;
        /&gt;
        &lt;div
          class=&quot;calendar-slot-disabled&quot;
        /&gt;
        &lt;div
          class=&quot;calendar-time-label&quot;
        &gt;
          16:00
        &lt;/div&gt;
        &lt;div
          class=&quot;calendar-slot-container&quot;
        /&gt;
        &lt;div
          class=&quot;calendar-slot-container&quot;
        /&gt;
        &lt;div
          class=&quot;calendar-slot-container&quot;
        /&gt;
        &lt;div
          class=&quot;calendar-slot-container&quot;
        /&gt;
        &lt;div
          class=&quot;calendar-slot-container&quot;
        /&gt;
        &lt;div
          class=&quot;calendar-slot-disabled&quot;
        /&gt;
        &lt;div
          class=&quot;calendar-slot-disabled&quot;
        /&gt;
        &lt;div
          class=&quot;calendar-time-label&quot;
        &gt;
          16:30
        &lt;/div&gt;
        &lt;div
          class=&quot;calendar-slot-container&quot;
        /&gt;
        &lt;div
          class=&quot;calendar-slot-container&quot;
        /&gt;
        &lt;div
          class=&quot;calendar-slot-container&quot;
        /&gt;
        &lt;div
          class=&quot;calendar-slot-container&quot;
        /&gt;
        &lt;div
          class=&quot;calendar-slot-container&quot;
        /&gt;
        &lt;div
          class=&quot;calendar-slot-disabled&quot;
        /&gt;
        &lt;div
          class=&quot;calendar-slot-disabled&quot;
        /&gt;
      &lt;/div&gt;
      &lt;div
        class=&quot;calendar-legend&quot;
      &gt;
        &lt;div
          class=&quot;legend-item&quot;
        &gt;
          &lt;div
            class=&quot;legend-color available&quot;
          /&gt;
          &lt;span&gt;
            Available
          &lt;/span&gt;
        &lt;/div&gt;
        &lt;div
          class=&quot;legend-item&quot;
        &gt;
          &lt;div
            class=&quot;legend-color selected&quot;
          /&gt;
          &lt;span&gt;
            Selected
          &lt;/span&gt;
        &lt;/div&gt;
        &lt;div
          class=&quot;legend-item&quot;
        &gt;
          &lt;div
            class=&quot;legend-color booked&quot;
          /&gt;
          &lt;span&gt;
            Booked
          &lt;/span&gt;
        &lt;/div&gt;
      &lt;/div&gt;
    &lt;/div&gt;
  &lt;/div&gt;
&lt;/body&gt;
    at Object.getElementError (/Users/nathanaronson/amp/dog-training-scheduler/node_modules/@testing-library/dom/dist/config.js:37:19)
    at /Users/nathanaronson/amp/dog-training-scheduler/node_modules/@testing-library/dom/dist/query-helpers.js:76:38
    at /Users/nathanaronson/amp/dog-training-scheduler/node_modules/@testing-library/dom/dist/query-helpers.js:52:17
    at getByText (/Users/nathanaronson/amp/dog-training-scheduler/node_modules/@testing-library/dom/dist/query-helpers.js:95:19)
    at Object.&lt;anonymous&gt; (/Users/nathanaronson/amp/dog-training-scheduler/src/components/Calendar.test.tsx:284:19)
    at Promise.then.completed (/Users/nathanaronson/amp/dog-training-scheduler/node_modules/jest-circus/build/utils.js:391:28)
    at new Promise (&lt;anonymous&gt;)
    at callAsyncCircusFn (/Users/nathanaronson/amp/dog-training-scheduler/node_modules/jest-circus/build/utils.js:316:10)
    at _callCircusTest (/Users/nathanaronson/amp/dog-training-scheduler/node_modules/jest-circus/build/run.js:218:40)
    at processTicksAndRejections (node:internal/process/task_queues:105:5)
    at _runTest (/Users/nathanaronson/amp/dog-training-scheduler/node_modules/jest-circus/build/run.js:155:3)
    at _runTestsForDescribeBlock (/Users/nathanaronson/amp/dog-training-scheduler/node_modules/jest-circus/build/run.js:66:9)
    at _runTestsForDescribeBlock (/Users/nathanaronson/amp/dog-training-scheduler/node_modules/jest-circus/build/run.js:60:9)
    at run (/Users/nathanaronson/amp/dog-training-scheduler/node_modules/jest-circus/build/run.js:25:3)
    at runAndTransformResultsToJestFormat (/Users/nathanaronson/amp/dog-training-scheduler/node_modules/jest-circus/build/legacy-code-todo-rewrite/jestAdapterInit.js:170:21)
    at jestAdapter (/Users/nathanaronson/amp/dog-training-scheduler/node_modules/jest-circus/build/legacy-code-todo-rewrite/jestAdapter.js:82:19)
    at runTestInternal (/Users/nathanaronson/amp/dog-training-scheduler/node_modules/jest-runner/build/runTest.js:389:16)
    at runTest (/Users/nathanaronson/amp/dog-training-scheduler/node_modules/jest-runner/build/runTest.js:475:34)
    at Object.worker (/Users/nathanaronson/amp/dog-training-scheduler/node_modules/jest-runner/build/testWorker.js:133:12)</failure>
    </testcase>
    <testcase classname="Calendar Component formats dates correctly for display" name="Calendar Component formats dates correctly for display" time="0.026">
    </testcase>
  </testsuite>
  <testsuite name="OwnerSchedule Component" errors="0" failures="1" skipped="0" timestamp="2025-08-11T01:15:58" time="1.454" tests="5">
    <testcase classname="OwnerSchedule Component renders schedule interface correctly" name="OwnerSchedule Component renders schedule interface correctly" time="0.086">
    </testcase>
    <testcase classname="OwnerSchedule Component exports appointment to Google Calendar correctly" name="OwnerSchedule Component exports appointment to Google Calendar correctly" time="0.013">
      <failure>Error: expect(jest.fn()).toHaveBeenCalledWith(...expected)

Expected: StringContaining &quot;https://calendar.google.com/calendar/render?action=TEMPLATE&quot;, &quot;_blank&quot;

Number of calls: 0
    at Object.&lt;anonymous&gt; (/Users/nathanaronson/amp/dog-training-scheduler/src/components/OwnerSchedule.test.tsx:92:28)
    at Promise.then.completed (/Users/nathanaronson/amp/dog-training-scheduler/node_modules/jest-circus/build/utils.js:391:28)
    at new Promise (&lt;anonymous&gt;)
    at callAsyncCircusFn (/Users/nathanaronson/amp/dog-training-scheduler/node_modules/jest-circus/build/utils.js:316:10)
    at _callCircusTest (/Users/nathanaronson/amp/dog-training-scheduler/node_modules/jest-circus/build/run.js:218:40)
    at processTicksAndRejections (node:internal/process/task_queues:105:5)
    at _runTest (/Users/nathanaronson/amp/dog-training-scheduler/node_modules/jest-circus/build/run.js:155:3)
    at _runTestsForDescribeBlock (/Users/nathanaronson/amp/dog-training-scheduler/node_modules/jest-circus/build/run.js:66:9)
    at _runTestsForDescribeBlock (/Users/nathanaronson/amp/dog-training-scheduler/node_modules/jest-circus/build/run.js:60:9)
    at run (/Users/nathanaronson/amp/dog-training-scheduler/node_modules/jest-circus/build/run.js:25:3)
    at runAndTransformResultsToJestFormat (/Users/nathanaronson/amp/dog-training-scheduler/node_modules/jest-circus/build/legacy-code-todo-rewrite/jestAdapterInit.js:170:21)
    at jestAdapter (/Users/nathanaronson/amp/dog-training-scheduler/node_modules/jest-circus/build/legacy-code-todo-rewrite/jestAdapter.js:82:19)
    at runTestInternal (/Users/nathanaronson/amp/dog-training-scheduler/node_modules/jest-runner/build/runTest.js:389:16)
    at runTest (/Users/nathanaronson/amp/dog-training-scheduler/node_modules/jest-runner/build/runTest.js:475:34)
    at Object.worker (/Users/nathanaronson/amp/dog-training-scheduler/node_modules/jest-runner/build/testWorker.js:133:12)</failure>
    </testcase>
    <testcase classname="OwnerSchedule Component handles multiple appointments with confirmation" name="OwnerSchedule Component handles multiple appointments with confirmation" time="0.005">
    </testcase>
    <testcase classname="OwnerSchedule Component handles empty schedule gracefully" name="OwnerSchedule Component handles empty schedule gracefully" time="0.006">
    </testcase>
    <testcase classname="OwnerSchedule Component generates ICS file download correctly" name="OwnerSchedule Component generates ICS file download correctly" time="0.019">
    </testcase>
  </testsuite>
  <testsuite name="UserProfile Component" errors="0" failures="0" skipped="0" timestamp="2025-08-11T01:15:58" time="1.735" tests="14">
    <testcase classname="UserProfile Component renders user profile in view mode initially" name="UserProfile Component renders user profile in view mode initially" time="0.052">
    </testcase>
    <testcase classname="UserProfile Component displays owner role correctly" name="UserProfile Component displays owner role correctly" time="0.015">
    </testcase>
    <testcase classname="UserProfile Component switches to edit mode when Edit Profile is clicked" name="UserProfile Component switches to edit mode when Edit Profile is clicked" time="0.054">
    </testcase>
    <testcase classname="UserProfile Component allows customer to edit name and dog name" name="UserProfile Component allows customer to edit name and dog name" time="0.16">
    </testcase>
    <testcase classname="UserProfile Component shows password change fields when checkbox is checked" name="UserProfile Component shows password change fields when checkbox is checked" time="0.036">
    </testcase>
    <testcase classname="UserProfile Component validates password change requirements" name="UserProfile Component validates password change requirements" time="0.069">
    </testcase>
    <testcase classname="UserProfile Component validates new password length" name="UserProfile Component validates new password length" time="0.114">
    </testcase>
    <testcase classname="UserProfile Component validates password confirmation match" name="UserProfile Component validates password confirmation match" time="0.318">
    </testcase>
    <testcase classname="UserProfile Component validates current password is correct" name="UserProfile Component validates current password is correct" time="0.144">
    </testcase>
    <testcase classname="UserProfile Component successfully changes password with valid inputs" name="UserProfile Component successfully changes password with valid inputs" time="0.12">
    </testcase>
    <testcase classname="UserProfile Component cancels editing and resets form" name="UserProfile Component cancels editing and resets form" time="0.052">
    </testcase>
    <testcase classname="UserProfile Component updates localStorage for customer changes" name="UserProfile Component updates localStorage for customer changes" time="0.062">
    </testcase>
    <testcase classname="UserProfile Component disables email field editing" name="UserProfile Component disables email field editing" time="0.008">
    </testcase>
    <testcase classname="UserProfile Component shows correct role badge styling" name="UserProfile Component shows correct role badge styling" time="0.013">
    </testcase>
  </testsuite>
  <testsuite name="Login Component" errors="0" failures="7" skipped="0" timestamp="2025-08-11T01:15:58" time="1.904" tests="12">
    <testcase classname="Login Component renders login page with customer login selected by default" name="Login Component renders login page with customer login selected by default" time="0.09">
    </testcase>
    <testcase classname="Login Component switches between customer and owner login modes" name="Login Component switches between customer and owner login modes" time="0.058">
    </testcase>
    <testcase classname="Login Component shows signup form when &quot;Create Account&quot; is clicked" name="Login Component shows signup form when &quot;Create Account&quot; is clicked" time="0.035">
    </testcase>
    <testcase classname="Login Component validates required fields during customer signup" name="Login Component validates required fields during customer signup" time="0.22">
      <failure>TestingLibraryElementError: Unable to find an accessible element with the role &quot;button&quot; and name `/sign up/i`

Here are the accessible roles:

  heading:

  Name &quot;Welcome to Next Step Paws&quot;:
  &lt;h2 /&gt;

  --------------------------------------------------
  paragraph:

  Name &quot;&quot;:
  &lt;p /&gt;

  --------------------------------------------------
  button:

  Name &quot;Customer Login&quot;:
  &lt;button
    class=&quot;type-btn active&quot;
    type=&quot;button&quot;
  /&gt;

  Name &quot;Owner Login&quot;:
  &lt;button
    class=&quot;type-btn &quot;
    type=&quot;button&quot;
  /&gt;

  Name &quot;Create Account&quot;:
  &lt;button
    class=&quot;btn login-btn&quot;
    type=&quot;submit&quot;
  /&gt;

  Name &quot;Sign In&quot;:
  &lt;button
    class=&quot;link-btn&quot;
    type=&quot;button&quot;
  /&gt;

  --------------------------------------------------
  textbox:

  Name &quot;&quot;:
  &lt;input
    placeholder=&quot;Your Name&quot;
    required=&quot;&quot;
    type=&quot;text&quot;
    value=&quot;&quot;
  /&gt;

  Name &quot;&quot;:
  &lt;input
    placeholder=&quot;Your Dog&apos;s Name&quot;
    required=&quot;&quot;
    type=&quot;text&quot;
    value=&quot;&quot;
  /&gt;

  Name &quot;&quot;:
  &lt;input
    placeholder=&quot;Email Address&quot;
    required=&quot;&quot;
    type=&quot;email&quot;
    value=&quot;&quot;
  /&gt;

  --------------------------------------------------

Ignored nodes: comments, script, style
&lt;body&gt;
  &lt;div&gt;
    &lt;div
      class=&quot;login-container&quot;
    &gt;
      &lt;div
        class=&quot;login-card&quot;
      &gt;
        &lt;div
          class=&quot;login-header&quot;
        &gt;
          &lt;h2&gt;
            Welcome to Next Step Paws
          &lt;/h2&gt;
          &lt;p&gt;
            Please sign in to access your account
          &lt;/p&gt;
        &lt;/div&gt;
        &lt;div
          class=&quot;login-type-selector&quot;
        &gt;
          &lt;button
            class=&quot;type-btn active&quot;
            type=&quot;button&quot;
          &gt;
            Customer Login
          &lt;/button&gt;
          &lt;button
            class=&quot;type-btn &quot;
            type=&quot;button&quot;
          &gt;
            Owner Login
          &lt;/button&gt;
        &lt;/div&gt;
        &lt;form
          class=&quot;login-form&quot;
        &gt;
          &lt;input
            placeholder=&quot;Your Name&quot;
            required=&quot;&quot;
            type=&quot;text&quot;
            value=&quot;&quot;
          /&gt;
          &lt;input
            placeholder=&quot;Your Dog&apos;s Name&quot;
            required=&quot;&quot;
            type=&quot;text&quot;
            value=&quot;&quot;
          /&gt;
          &lt;input
            placeholder=&quot;Email Address&quot;
            required=&quot;&quot;
            type=&quot;email&quot;
            value=&quot;&quot;
          /&gt;
          &lt;input
            placeholder=&quot;Password&quot;
            required=&quot;&quot;
            type=&quot;password&quot;
            value=&quot;&quot;
          /&gt;
          &lt;button
            class=&quot;btn login-btn&quot;
            type=&quot;submit&quot;
          &gt;
            Create Account
          &lt;/button&gt;
          &lt;div
            class=&quot;signup-toggle&quot;
          &gt;
            Already have an account?
             
            &lt;button
              class=&quot;link-btn&quot;
              type=&quot;button&quot;
            &gt;
              Sign In
            &lt;/button&gt;
          &lt;/div&gt;
        &lt;/form&gt;
      &lt;/div&gt;
    &lt;/div&gt;
  &lt;/div&gt;
&lt;/body&gt;
    at Object.getElementError (/Users/nathanaronson/amp/dog-training-scheduler/node_modules/@testing-library/dom/dist/config.js:37:19)
    at /Users/nathanaronson/amp/dog-training-scheduler/node_modules/@testing-library/dom/dist/query-helpers.js:76:38
    at /Users/nathanaronson/amp/dog-training-scheduler/node_modules/@testing-library/dom/dist/query-helpers.js:52:17
    at getByRole (/Users/nathanaronson/amp/dog-training-scheduler/node_modules/@testing-library/dom/dist/query-helpers.js:95:19)
    at Object.&lt;anonymous&gt; (/Users/nathanaronson/amp/dog-training-scheduler/src/components/Login.test.tsx:67:34)
    at processTicksAndRejections (node:internal/process/task_queues:105:5)</failure>
    </testcase>
    <testcase classname="Login Component validates password length during signup" name="Login Component validates password length during signup" time="0.239">
      <failure>TestingLibraryElementError: Unable to find an accessible element with the role &quot;button&quot; and name `/sign up/i`

Here are the accessible roles:

  heading:

  Name &quot;Welcome to Next Step Paws&quot;:
  &lt;h2 /&gt;

  --------------------------------------------------
  paragraph:

  Name &quot;&quot;:
  &lt;p /&gt;

  --------------------------------------------------
  button:

  Name &quot;Customer Login&quot;:
  &lt;button
    class=&quot;type-btn active&quot;
    type=&quot;button&quot;
  /&gt;

  Name &quot;Owner Login&quot;:
  &lt;button
    class=&quot;type-btn &quot;
    type=&quot;button&quot;
  /&gt;

  Name &quot;Create Account&quot;:
  &lt;button
    class=&quot;btn login-btn&quot;
    type=&quot;submit&quot;
  /&gt;

  Name &quot;Sign In&quot;:
  &lt;button
    class=&quot;link-btn&quot;
    type=&quot;button&quot;
  /&gt;

  --------------------------------------------------
  textbox:

  Name &quot;&quot;:
  &lt;input
    placeholder=&quot;Your Name&quot;
    required=&quot;&quot;
    type=&quot;text&quot;
    value=&quot;John Doe&quot;
  /&gt;

  Name &quot;&quot;:
  &lt;input
    placeholder=&quot;Your Dog&apos;s Name&quot;
    required=&quot;&quot;
    type=&quot;text&quot;
    value=&quot;Buddy&quot;
  /&gt;

  Name &quot;&quot;:
  &lt;input
    placeholder=&quot;Email Address&quot;
    required=&quot;&quot;
    type=&quot;email&quot;
    value=&quot;john@example.com&quot;
  /&gt;

  --------------------------------------------------

Ignored nodes: comments, script, style
&lt;body&gt;
  &lt;div&gt;
    &lt;div
      class=&quot;login-container&quot;
    &gt;
      &lt;div
        class=&quot;login-card&quot;
      &gt;
        &lt;div
          class=&quot;login-header&quot;
        &gt;
          &lt;h2&gt;
            Welcome to Next Step Paws
          &lt;/h2&gt;
          &lt;p&gt;
            Please sign in to access your account
          &lt;/p&gt;
        &lt;/div&gt;
        &lt;div
          class=&quot;login-type-selector&quot;
        &gt;
          &lt;button
            class=&quot;type-btn active&quot;
            type=&quot;button&quot;
          &gt;
            Customer Login
          &lt;/button&gt;
          &lt;button
            class=&quot;type-btn &quot;
            type=&quot;button&quot;
          &gt;
            Owner Login
          &lt;/button&gt;
        &lt;/div&gt;
        &lt;form
          class=&quot;login-form&quot;
        &gt;
          &lt;input
            placeholder=&quot;Your Name&quot;
            required=&quot;&quot;
            type=&quot;text&quot;
            value=&quot;John Doe&quot;
          /&gt;
          &lt;input
            placeholder=&quot;Your Dog&apos;s Name&quot;
            required=&quot;&quot;
            type=&quot;text&quot;
            value=&quot;Buddy&quot;
          /&gt;
          &lt;input
            placeholder=&quot;Email Address&quot;
            required=&quot;&quot;
            type=&quot;email&quot;
            value=&quot;john@example.com&quot;
          /&gt;
          &lt;input
            placeholder=&quot;Password&quot;
            required=&quot;&quot;
            type=&quot;password&quot;
            value=&quot;123&quot;
          /&gt;
          &lt;button
            class=&quot;btn login-btn&quot;
            type=&quot;submit&quot;
          &gt;
            Create Account
          &lt;/button&gt;
          &lt;div
            class=&quot;signup-toggle&quot;
          &gt;
            Already have an account?
             
            &lt;button
              class=&quot;link-btn&quot;
              type=&quot;button&quot;
            &gt;
              Sign In
            &lt;/button&gt;
          &lt;/div&gt;
        &lt;/form&gt;
      &lt;/div&gt;
    &lt;/div&gt;
  &lt;/div&gt;
&lt;/body&gt;
    at Object.getElementError (/Users/nathanaronson/amp/dog-training-scheduler/node_modules/@testing-library/dom/dist/config.js:37:19)
    at /Users/nathanaronson/amp/dog-training-scheduler/node_modules/@testing-library/dom/dist/query-helpers.js:76:38
    at /Users/nathanaronson/amp/dog-training-scheduler/node_modules/@testing-library/dom/dist/query-helpers.js:52:17
    at getByRole (/Users/nathanaronson/amp/dog-training-scheduler/node_modules/@testing-library/dom/dist/query-helpers.js:95:19)
    at Object.&lt;anonymous&gt; (/Users/nathanaronson/amp/dog-training-scheduler/src/components/Login.test.tsx:86:34)
    at processTicksAndRejections (node:internal/process/task_queues:105:5)</failure>
    </testcase>
    <testcase classname="Login Component successfully creates new customer account" name="Login Component successfully creates new customer account" time="0.326">
      <failure>TestingLibraryElementError: Unable to find an accessible element with the role &quot;button&quot; and name `/sign up/i`

Here are the accessible roles:

  heading:

  Name &quot;Welcome to Next Step Paws&quot;:
  &lt;h2 /&gt;

  --------------------------------------------------
  paragraph:

  Name &quot;&quot;:
  &lt;p /&gt;

  --------------------------------------------------
  button:

  Name &quot;Customer Login&quot;:
  &lt;button
    class=&quot;type-btn active&quot;
    type=&quot;button&quot;
  /&gt;

  Name &quot;Owner Login&quot;:
  &lt;button
    class=&quot;type-btn &quot;
    type=&quot;button&quot;
  /&gt;

  Name &quot;Create Account&quot;:
  &lt;button
    class=&quot;btn login-btn&quot;
    type=&quot;submit&quot;
  /&gt;

  Name &quot;Sign In&quot;:
  &lt;button
    class=&quot;link-btn&quot;
    type=&quot;button&quot;
  /&gt;

  --------------------------------------------------
  textbox:

  Name &quot;&quot;:
  &lt;input
    placeholder=&quot;Your Name&quot;
    required=&quot;&quot;
    type=&quot;text&quot;
    value=&quot;John Doe&quot;
  /&gt;

  Name &quot;&quot;:
  &lt;input
    placeholder=&quot;Your Dog&apos;s Name&quot;
    required=&quot;&quot;
    type=&quot;text&quot;
    value=&quot;Buddy&quot;
  /&gt;

  Name &quot;&quot;:
  &lt;input
    placeholder=&quot;Email Address&quot;
    required=&quot;&quot;
    type=&quot;email&quot;
    value=&quot;john@example.com&quot;
  /&gt;

  --------------------------------------------------

Ignored nodes: comments, script, style
&lt;body&gt;
  &lt;div&gt;
    &lt;div
      class=&quot;login-container&quot;
    &gt;
      &lt;div
        class=&quot;login-card&quot;
      &gt;
        &lt;div
          class=&quot;login-header&quot;
        &gt;
          &lt;h2&gt;
            Welcome to Next Step Paws
          &lt;/h2&gt;
          &lt;p&gt;
            Please sign in to access your account
          &lt;/p&gt;
        &lt;/div&gt;
        &lt;div
          class=&quot;login-type-selector&quot;
        &gt;
          &lt;button
            class=&quot;type-btn active&quot;
            type=&quot;button&quot;
          &gt;
            Customer Login
          &lt;/button&gt;
          &lt;button
            class=&quot;type-btn &quot;
            type=&quot;button&quot;
          &gt;
            Owner Login
          &lt;/button&gt;
        &lt;/div&gt;
        &lt;form
          class=&quot;login-form&quot;
        &gt;
          &lt;input
            placeholder=&quot;Your Name&quot;
            required=&quot;&quot;
            type=&quot;text&quot;
            value=&quot;John Doe&quot;
          /&gt;
          &lt;input
            placeholder=&quot;Your Dog&apos;s Name&quot;
            required=&quot;&quot;
            type=&quot;text&quot;
            value=&quot;Buddy&quot;
          /&gt;
          &lt;input
            placeholder=&quot;Email Address&quot;
            required=&quot;&quot;
            type=&quot;email&quot;
            value=&quot;john@example.com&quot;
          /&gt;
          &lt;input
            placeholder=&quot;Password&quot;
            required=&quot;&quot;
            type=&quot;password&quot;
            value=&quot;password123&quot;
          /&gt;
          &lt;button
            class=&quot;btn login-btn&quot;
            type=&quot;submit&quot;
          &gt;
            Create Account
          &lt;/button&gt;
          &lt;div
            class=&quot;signup-toggle&quot;
          &gt;
            Already have an account?
             
            &lt;button
              class=&quot;link-btn&quot;
              type=&quot;button&quot;
            &gt;
              Sign In
            &lt;/button&gt;
          &lt;/div&gt;
        &lt;/form&gt;
      &lt;/div&gt;
    &lt;/div&gt;
  &lt;/div&gt;
&lt;/body&gt;
    at Object.getElementError (/Users/nathanaronson/amp/dog-training-scheduler/node_modules/@testing-library/dom/dist/config.js:37:19)
    at /Users/nathanaronson/amp/dog-training-scheduler/node_modules/@testing-library/dom/dist/query-helpers.js:76:38
    at /Users/nathanaronson/amp/dog-training-scheduler/node_modules/@testing-library/dom/dist/query-helpers.js:52:17
    at getByRole (/Users/nathanaronson/amp/dog-training-scheduler/node_modules/@testing-library/dom/dist/query-helpers.js:95:19)
    at Object.&lt;anonymous&gt; (/Users/nathanaronson/amp/dog-training-scheduler/src/components/Login.test.tsx:105:34)
    at processTicksAndRejections (node:internal/process/task_queues:105:5)</failure>
    </testcase>
    <testcase classname="Login Component prevents duplicate customer registration" name="Login Component prevents duplicate customer registration" time="0.123">
      <failure>TestingLibraryElementError: Unable to find an accessible element with the role &quot;button&quot; and name `/sign up/i`

Here are the accessible roles:

  heading:

  Name &quot;Welcome to Next Step Paws&quot;:
  &lt;h2 /&gt;

  --------------------------------------------------
  paragraph:

  Name &quot;&quot;:
  &lt;p /&gt;

  --------------------------------------------------
  button:

  Name &quot;Customer Login&quot;:
  &lt;button
    class=&quot;type-btn active&quot;
    type=&quot;button&quot;
  /&gt;

  Name &quot;Owner Login&quot;:
  &lt;button
    class=&quot;type-btn &quot;
    type=&quot;button&quot;
  /&gt;

  Name &quot;Create Account&quot;:
  &lt;button
    class=&quot;btn login-btn&quot;
    type=&quot;submit&quot;
  /&gt;

  Name &quot;Sign In&quot;:
  &lt;button
    class=&quot;link-btn&quot;
    type=&quot;button&quot;
  /&gt;

  --------------------------------------------------
  textbox:

  Name &quot;&quot;:
  &lt;input
    placeholder=&quot;Your Name&quot;
    required=&quot;&quot;
    type=&quot;text&quot;
    value=&quot;Jane Doe&quot;
  /&gt;

  Name &quot;&quot;:
  &lt;input
    placeholder=&quot;Your Dog&apos;s Name&quot;
    required=&quot;&quot;
    type=&quot;text&quot;
    value=&quot;Max&quot;
  /&gt;

  Name &quot;&quot;:
  &lt;input
    placeholder=&quot;Email Address&quot;
    required=&quot;&quot;
    type=&quot;email&quot;
    value=&quot;john@example.com&quot;
  /&gt;

  --------------------------------------------------

Ignored nodes: comments, script, style
&lt;body&gt;
  &lt;div&gt;
    &lt;div
      class=&quot;login-container&quot;
    &gt;
      &lt;div
        class=&quot;login-card&quot;
      &gt;
        &lt;div
          class=&quot;login-header&quot;
        &gt;
          &lt;h2&gt;
            Welcome to Next Step Paws
          &lt;/h2&gt;
          &lt;p&gt;
            Please sign in to access your account
          &lt;/p&gt;
        &lt;/div&gt;
        &lt;div
          class=&quot;login-type-selector&quot;
        &gt;
          &lt;button
            class=&quot;type-btn active&quot;
            type=&quot;button&quot;
          &gt;
            Customer Login
          &lt;/button&gt;
          &lt;button
            class=&quot;type-btn &quot;
            type=&quot;button&quot;
          &gt;
            Owner Login
          &lt;/button&gt;
        &lt;/div&gt;
        &lt;form
          class=&quot;login-form&quot;
        &gt;
          &lt;input
            placeholder=&quot;Your Name&quot;
            required=&quot;&quot;
            type=&quot;text&quot;
            value=&quot;Jane Doe&quot;
          /&gt;
          &lt;input
            placeholder=&quot;Your Dog&apos;s Name&quot;
            required=&quot;&quot;
            type=&quot;text&quot;
            value=&quot;Max&quot;
          /&gt;
          &lt;input
            placeholder=&quot;Email Address&quot;
            required=&quot;&quot;
            type=&quot;email&quot;
            value=&quot;john@example.com&quot;
          /&gt;
          &lt;input
            placeholder=&quot;Password&quot;
            required=&quot;&quot;
            type=&quot;password&quot;
            value=&quot;password123&quot;
          /&gt;
          &lt;button
            class=&quot;btn login-btn&quot;
            type=&quot;submit&quot;
          &gt;
            Create Account
          &lt;/button&gt;
          &lt;div
            class=&quot;signup-toggle&quot;
          &gt;
            Already have an account?
             
            &lt;button
              class=&quot;link-btn&quot;
              type=&quot;button&quot;
            &gt;
              Sign In
            &lt;/button&gt;
          &lt;/div&gt;
        &lt;/form&gt;
      &lt;/div&gt;
    &lt;/div&gt;
  &lt;/div&gt;
&lt;/body&gt;
    at Object.getElementError (/Users/nathanaronson/amp/dog-training-scheduler/node_modules/@testing-library/dom/dist/config.js:37:19)
    at /Users/nathanaronson/amp/dog-training-scheduler/node_modules/@testing-library/dom/dist/query-helpers.js:76:38
    at /Users/nathanaronson/amp/dog-training-scheduler/node_modules/@testing-library/dom/dist/query-helpers.js:52:17
    at getByRole (/Users/nathanaronson/amp/dog-training-scheduler/node_modules/@testing-library/dom/dist/query-helpers.js:95:19)
    at Object.&lt;anonymous&gt; (/Users/nathanaronson/amp/dog-training-scheduler/src/components/Login.test.tsx:139:34)
    at processTicksAndRejections (node:internal/process/task_queues:105:5)</failure>
    </testcase>
    <testcase classname="Login Component successfully logs in existing customer with correct password" name="Login Component successfully logs in existing customer with correct password" time="0.118">
      <failure>TestingLibraryElementError: Unable to find an accessible element with the role &quot;button&quot; and name `/sign in as customer/i`

Here are the accessible roles:

  heading:

  Name &quot;Welcome to Next Step Paws&quot;:
  &lt;h2 /&gt;

  --------------------------------------------------
  paragraph:

  Name &quot;&quot;:
  &lt;p /&gt;

  --------------------------------------------------
  button:

  Name &quot;Customer Login&quot;:
  &lt;button
    class=&quot;type-btn active&quot;
    type=&quot;button&quot;
  /&gt;

  Name &quot;Owner Login&quot;:
  &lt;button
    class=&quot;type-btn &quot;
    type=&quot;button&quot;
  /&gt;

  Name &quot;Sign In&quot;:
  &lt;button
    class=&quot;btn login-btn&quot;
    type=&quot;submit&quot;
  /&gt;

  Name &quot;Create Account&quot;:
  &lt;button
    class=&quot;link-btn&quot;
    type=&quot;button&quot;
  /&gt;

  --------------------------------------------------
  textbox:

  Name &quot;&quot;:
  &lt;input
    placeholder=&quot;Email Address&quot;
    required=&quot;&quot;
    type=&quot;email&quot;
    value=&quot;john@example.com&quot;
  /&gt;

  --------------------------------------------------

Ignored nodes: comments, script, style
&lt;body&gt;
  &lt;div&gt;
    &lt;div
      class=&quot;login-container&quot;
    &gt;
      &lt;div
        class=&quot;login-card&quot;
      &gt;
        &lt;div
          class=&quot;login-header&quot;
        &gt;
          &lt;h2&gt;
            Welcome to Next Step Paws
          &lt;/h2&gt;
          &lt;p&gt;
            Please sign in to access your account
          &lt;/p&gt;
        &lt;/div&gt;
        &lt;div
          class=&quot;login-type-selector&quot;
        &gt;
          &lt;button
            class=&quot;type-btn active&quot;
            type=&quot;button&quot;
          &gt;
            Customer Login
          &lt;/button&gt;
          &lt;button
            class=&quot;type-btn &quot;
            type=&quot;button&quot;
          &gt;
            Owner Login
          &lt;/button&gt;
        &lt;/div&gt;
        &lt;form
          class=&quot;login-form&quot;
        &gt;
          &lt;input
            placeholder=&quot;Email Address&quot;
            required=&quot;&quot;
            type=&quot;email&quot;
            value=&quot;john@example.com&quot;
          /&gt;
          &lt;input
            placeholder=&quot;Password&quot;
            required=&quot;&quot;
            type=&quot;password&quot;
            value=&quot;password123&quot;
          /&gt;
          &lt;button
            class=&quot;btn login-btn&quot;
            type=&quot;submit&quot;
          &gt;
            Sign In
          &lt;/button&gt;
          &lt;div
            class=&quot;signup-toggle&quot;
          &gt;
            New customer?
             
            &lt;button
              class=&quot;link-btn&quot;
              type=&quot;button&quot;
            &gt;
              Create Account
            &lt;/button&gt;
          &lt;/div&gt;
        &lt;/form&gt;
      &lt;/div&gt;
    &lt;/div&gt;
  &lt;/div&gt;
&lt;/body&gt;
    at Object.getElementError (/Users/nathanaronson/amp/dog-training-scheduler/node_modules/@testing-library/dom/dist/config.js:37:19)
    at /Users/nathanaronson/amp/dog-training-scheduler/node_modules/@testing-library/dom/dist/query-helpers.js:76:38
    at /Users/nathanaronson/amp/dog-training-scheduler/node_modules/@testing-library/dom/dist/query-helpers.js:52:17
    at getByRole (/Users/nathanaronson/amp/dog-training-scheduler/node_modules/@testing-library/dom/dist/query-helpers.js:95:19)
    at Object.&lt;anonymous&gt; (/Users/nathanaronson/amp/dog-training-scheduler/src/components/Login.test.tsx:165:34)
    at processTicksAndRejections (node:internal/process/task_queues:105:5)</failure>
    </testcase>
    <testcase classname="Login Component rejects customer login with incorrect password" name="Login Component rejects customer login with incorrect password" time="0.063">
      <failure>TestingLibraryElementError: Unable to find an accessible element with the role &quot;button&quot; and name `/sign in as customer/i`

Here are the accessible roles:

  heading:

  Name &quot;Welcome to Next Step Paws&quot;:
  &lt;h2 /&gt;

  --------------------------------------------------
  paragraph:

  Name &quot;&quot;:
  &lt;p /&gt;

  --------------------------------------------------
  button:

  Name &quot;Customer Login&quot;:
  &lt;button
    class=&quot;type-btn active&quot;
    type=&quot;button&quot;
  /&gt;

  Name &quot;Owner Login&quot;:
  &lt;button
    class=&quot;type-btn &quot;
    type=&quot;button&quot;
  /&gt;

  Name &quot;Sign In&quot;:
  &lt;button
    class=&quot;btn login-btn&quot;
    type=&quot;submit&quot;
  /&gt;

  Name &quot;Create Account&quot;:
  &lt;button
    class=&quot;link-btn&quot;
    type=&quot;button&quot;
  /&gt;

  --------------------------------------------------
  textbox:

  Name &quot;&quot;:
  &lt;input
    placeholder=&quot;Email Address&quot;
    required=&quot;&quot;
    type=&quot;email&quot;
    value=&quot;john@example.com&quot;
  /&gt;

  --------------------------------------------------

Ignored nodes: comments, script, style
&lt;body&gt;
  &lt;div&gt;
    &lt;div
      class=&quot;login-container&quot;
    &gt;
      &lt;div
        class=&quot;login-card&quot;
      &gt;
        &lt;div
          class=&quot;login-header&quot;
        &gt;
          &lt;h2&gt;
            Welcome to Next Step Paws
          &lt;/h2&gt;
          &lt;p&gt;
            Please sign in to access your account
          &lt;/p&gt;
        &lt;/div&gt;
        &lt;div
          class=&quot;login-type-selector&quot;
        &gt;
          &lt;button
            class=&quot;type-btn active&quot;
            type=&quot;button&quot;
          &gt;
            Customer Login
          &lt;/button&gt;
          &lt;button
            class=&quot;type-btn &quot;
            type=&quot;button&quot;
          &gt;
            Owner Login
          &lt;/button&gt;
        &lt;/div&gt;
        &lt;form
          class=&quot;login-form&quot;
        &gt;
          &lt;input
            placeholder=&quot;Email Address&quot;
            required=&quot;&quot;
            type=&quot;email&quot;
            value=&quot;john@example.com&quot;
          /&gt;
          &lt;input
            placeholder=&quot;Password&quot;
            required=&quot;&quot;
            type=&quot;password&quot;
            value=&quot;wrongpassword&quot;
          /&gt;
          &lt;button
            class=&quot;btn login-btn&quot;
            type=&quot;submit&quot;
          &gt;
            Sign In
          &lt;/button&gt;
          &lt;div
            class=&quot;signup-toggle&quot;
          &gt;
            New customer?
             
            &lt;button
              class=&quot;link-btn&quot;
              type=&quot;button&quot;
            &gt;
              Create Account
            &lt;/button&gt;
          &lt;/div&gt;
        &lt;/form&gt;
      &lt;/div&gt;
    &lt;/div&gt;
  &lt;/div&gt;
&lt;/body&gt;
    at Object.getElementError (/Users/nathanaronson/amp/dog-training-scheduler/node_modules/@testing-library/dom/dist/config.js:37:19)
    at /Users/nathanaronson/amp/dog-training-scheduler/node_modules/@testing-library/dom/dist/query-helpers.js:76:38
    at /Users/nathanaronson/amp/dog-training-scheduler/node_modules/@testing-library/dom/dist/query-helpers.js:52:17
    at getByRole (/Users/nathanaronson/amp/dog-training-scheduler/node_modules/@testing-library/dom/dist/query-helpers.js:95:19)
    at Object.&lt;anonymous&gt; (/Users/nathanaronson/amp/dog-training-scheduler/src/components/Login.test.tsx:195:34)
    at processTicksAndRejections (node:internal/process/task_queues:105:5)</failure>
    </testcase>
    <testcase classname="Login Component successfully logs in owner with correct credentials" name="Login Component successfully logs in owner with correct credentials" time="0.034">
    </testcase>
    <testcase classname="Login Component rejects owner login with incorrect credentials" name="Login Component rejects owner login with incorrect credentials" time="0.029">
    </testcase>
    <testcase classname="Login Component validates required fields for login" name="Login Component validates required fields for login" time="0.022">
      <failure>TestingLibraryElementError: Unable to find an accessible element with the role &quot;button&quot; and name `/sign in as customer/i`

Here are the accessible roles:

  heading:

  Name &quot;Welcome to Next Step Paws&quot;:
  &lt;h2 /&gt;

  --------------------------------------------------
  paragraph:

  Name &quot;&quot;:
  &lt;p /&gt;

  --------------------------------------------------
  button:

  Name &quot;Customer Login&quot;:
  &lt;button
    class=&quot;type-btn active&quot;
    type=&quot;button&quot;
  /&gt;

  Name &quot;Owner Login&quot;:
  &lt;button
    class=&quot;type-btn &quot;
    type=&quot;button&quot;
  /&gt;

  Name &quot;Sign In&quot;:
  &lt;button
    class=&quot;btn login-btn&quot;
    type=&quot;submit&quot;
  /&gt;

  Name &quot;Create Account&quot;:
  &lt;button
    class=&quot;link-btn&quot;
    type=&quot;button&quot;
  /&gt;

  --------------------------------------------------
  textbox:

  Name &quot;&quot;:
  &lt;input
    placeholder=&quot;Email Address&quot;
    required=&quot;&quot;
    type=&quot;email&quot;
    value=&quot;&quot;
  /&gt;

  --------------------------------------------------

Ignored nodes: comments, script, style
&lt;body&gt;
  &lt;div&gt;
    &lt;div
      class=&quot;login-container&quot;
    &gt;
      &lt;div
        class=&quot;login-card&quot;
      &gt;
        &lt;div
          class=&quot;login-header&quot;
        &gt;
          &lt;h2&gt;
            Welcome to Next Step Paws
          &lt;/h2&gt;
          &lt;p&gt;
            Please sign in to access your account
          &lt;/p&gt;
        &lt;/div&gt;
        &lt;div
          class=&quot;login-type-selector&quot;
        &gt;
          &lt;button
            class=&quot;type-btn active&quot;
            type=&quot;button&quot;
          &gt;
            Customer Login
          &lt;/button&gt;
          &lt;button
            class=&quot;type-btn &quot;
            type=&quot;button&quot;
          &gt;
            Owner Login
          &lt;/button&gt;
        &lt;/div&gt;
        &lt;form
          class=&quot;login-form&quot;
        &gt;
          &lt;input
            placeholder=&quot;Email Address&quot;
            required=&quot;&quot;
            type=&quot;email&quot;
            value=&quot;&quot;
          /&gt;
          &lt;input
            placeholder=&quot;Password&quot;
            required=&quot;&quot;
            type=&quot;password&quot;
            value=&quot;&quot;
          /&gt;
          &lt;button
            class=&quot;btn login-btn&quot;
            type=&quot;submit&quot;
          &gt;
            Sign In
          &lt;/button&gt;
          &lt;div
            class=&quot;signup-toggle&quot;
          &gt;
            New customer?
             
            &lt;button
              class=&quot;link-btn&quot;
              type=&quot;button&quot;
            &gt;
              Create Account
            &lt;/button&gt;
          &lt;/div&gt;
        &lt;/form&gt;
      &lt;/div&gt;
    &lt;/div&gt;
  &lt;/div&gt;
&lt;/body&gt;
    at Object.getElementError (/Users/nathanaronson/amp/dog-training-scheduler/node_modules/@testing-library/dom/dist/config.js:37:19)
    at /Users/nathanaronson/amp/dog-training-scheduler/node_modules/@testing-library/dom/dist/query-helpers.js:76:38
    at /Users/nathanaronson/amp/dog-training-scheduler/node_modules/@testing-library/dom/dist/query-helpers.js:52:17
    at getByRole (/Users/nathanaronson/amp/dog-training-scheduler/node_modules/@testing-library/dom/dist/query-helpers.js:95:19)
    at Object.&lt;anonymous&gt; (/Users/nathanaronson/amp/dog-training-scheduler/src/components/Login.test.tsx:245:34)
    at Promise.then.completed (/Users/nathanaronson/amp/dog-training-scheduler/node_modules/jest-circus/build/utils.js:391:28)
    at new Promise (&lt;anonymous&gt;)
    at callAsyncCircusFn (/Users/nathanaronson/amp/dog-training-scheduler/node_modules/jest-circus/build/utils.js:316:10)
    at _callCircusTest (/Users/nathanaronson/amp/dog-training-scheduler/node_modules/jest-circus/build/run.js:218:40)
    at processTicksAndRejections (node:internal/process/task_queues:105:5)
    at _runTest (/Users/nathanaronson/amp/dog-training-scheduler/node_modules/jest-circus/build/run.js:155:3)
    at _runTestsForDescribeBlock (/Users/nathanaronson/amp/dog-training-scheduler/node_modules/jest-circus/build/run.js:66:9)
    at _runTestsForDescribeBlock (/Users/nathanaronson/amp/dog-training-scheduler/node_modules/jest-circus/build/run.js:60:9)
    at run (/Users/nathanaronson/amp/dog-training-scheduler/node_modules/jest-circus/build/run.js:25:3)
    at runAndTransformResultsToJestFormat (/Users/nathanaronson/amp/dog-training-scheduler/node_modules/jest-circus/build/legacy-code-todo-rewrite/jestAdapterInit.js:170:21)
    at jestAdapter (/Users/nathanaronson/amp/dog-training-scheduler/node_modules/jest-circus/build/legacy-code-todo-rewrite/jestAdapter.js:82:19)
    at runTestInternal (/Users/nathanaronson/amp/dog-training-scheduler/node_modules/jest-runner/build/runTest.js:389:16)
    at runTest (/Users/nathanaronson/amp/dog-training-scheduler/node_modules/jest-runner/build/runTest.js:475:34)
    at Object.worker (/Users/nathanaronson/amp/dog-training-scheduler/node_modules/jest-runner/build/testWorker.js:133:12)</failure>
    </testcase>
  </testsuite>
  <testsuite name="ContactUs Component" errors="0" failures="0" skipped="0" timestamp="2025-08-11T01:15:58" time="2.5" tests="11">
    <testcase classname="ContactUs Component renders contact form with all fields" name="ContactUs Component renders contact form with all fields" time="0.132">
    </testcase>
    <testcase classname="ContactUs Component displays contact information" name="ContactUs Component displays contact information" time="0.027">
    </testcase>
    <testcase classname="ContactUs Component validates required fields" name="ContactUs Component validates required fields" time="0.03">
    </testcase>
    <testcase classname="ContactUs Component successfully submits contact form" name="ContactUs Component successfully submits contact form" time="0.908">
    </testcase>
    <testcase classname="ContactUs Component shows success message after submission" name="ContactUs Component shows success message after submission" time="0.221">
    </testcase>
    <testcase classname="ContactUs Component resets form after success timeout" name="ContactUs Component resets form after success timeout" time="0.148">
    </testcase>
    <testcase classname="ContactUs Component handles service type selection" name="ContactUs Component handles service type selection" time="0.017">
    </testcase>
    <testcase classname="ContactUs Component handles optional fields correctly" name="ContactUs Component handles optional fields correctly" time="0.138">
    </testcase>
    <testcase classname="ContactUs Component preserves existing contact submissions" name="ContactUs Component preserves existing contact submissions" time="0.168">
    </testcase>
    <testcase classname="ContactUs Component creates submission with correct structure" name="ContactUs Component creates submission with correct structure" time="0.187">
    </testcase>
    <testcase classname="ContactUs Component displays all service type options" name="ContactUs Component displays all service type options" time="0.003">
    </testcase>
  </testsuite>
  <testsuite name="User Workflow Integration Tests" errors="0" failures="2" skipped="0" timestamp="2025-08-11T01:15:58" time="2.85" tests="10">
    <testcase classname="User Workflow Integration Tests Customer Onboarding Flow guides new customer through complete onboarding process" name="User Workflow Integration Tests Customer Onboarding Flow guides new customer through complete onboarding process" time="0.684">
      <failure>TestingLibraryElementError: Found multiple elements with the display value: .

Here are the matching elements:

Ignored nodes: comments, script, style
&lt;input
  id=&quot;breed&quot;
  name=&quot;breed&quot;
  placeholder=&quot;e.g., Golden Retriever, Mixed&quot;
  required=&quot;&quot;
  type=&quot;text&quot;
  value=&quot;&quot;
/&gt;

Ignored nodes: comments, script, style
&lt;textarea
  id=&quot;medicalConditions&quot;
  name=&quot;medicalConditions&quot;
  placeholder=&quot;List any medical conditions, allergies, or physical limitations...&quot;
  rows=&quot;3&quot;
/&gt;

Ignored nodes: comments, script, style
&lt;textarea
  id=&quot;currentMedications&quot;
  name=&quot;currentMedications&quot;
  placeholder=&quot;List any medications your dog is currently taking...&quot;
  rows=&quot;2&quot;
/&gt;

Ignored nodes: comments, script, style
&lt;textarea
  id=&quot;vetInfo&quot;
  name=&quot;vetInfo&quot;
  placeholder=&quot;Vet name, clinic, and phone number...&quot;
  rows=&quot;2&quot;
/&gt;

Ignored nodes: comments, script, style
&lt;textarea
  id=&quot;behaviorConcerns&quot;
  name=&quot;behaviorConcerns&quot;
  placeholder=&quot;Describe any behavior issues: jumping, pulling, barking, aggression, anxiety, etc...&quot;
  rows=&quot;4&quot;
/&gt;

Ignored nodes: comments, script, style
&lt;textarea
  id=&quot;trainingGoals&quot;
  name=&quot;trainingGoals&quot;
  placeholder=&quot;What would you like to achieve through training?&quot;
  rows=&quot;3&quot;
/&gt;

Ignored nodes: comments, script, style
&lt;textarea
  id=&quot;previousTraining&quot;
  name=&quot;previousTraining&quot;
  placeholder=&quot;Describe any previous training, classes, or methods used...&quot;
  rows=&quot;3&quot;
/&gt;

Ignored nodes: comments, script, style
&lt;input
  id=&quot;emergencyContact&quot;
  name=&quot;emergencyContact&quot;
  placeholder=&quot;Name of emergency contact&quot;
  required=&quot;&quot;
  type=&quot;text&quot;
  value=&quot;&quot;
/&gt;

Ignored nodes: comments, script, style
&lt;input
  id=&quot;emergencyPhone&quot;
  name=&quot;emergencyPhone&quot;
  placeholder=&quot;(555) 123-4567&quot;
  required=&quot;&quot;
  type=&quot;tel&quot;
  value=&quot;&quot;
/&gt;

Ignored nodes: comments, script, style
&lt;textarea
  id=&quot;specialInstructions&quot;
  name=&quot;specialInstructions&quot;
  placeholder=&quot;Any other information that would help us provide better care for your dog...&quot;
  rows=&quot;3&quot;
/&gt;

(If this is intentional, then use the `*AllBy*` variant of the query (like `queryAllByText`, `getAllByText`, or `findAllByText`)).

Ignored nodes: comments, script, style
&lt;body&gt;
  &lt;div&gt;
    &lt;div
      class=&quot;intake-container&quot;
    &gt;
      &lt;div
        class=&quot;card&quot;
      &gt;
        &lt;h2&gt;
          🐕 Dog Intake Form
        &lt;/h2&gt;
        &lt;p
          class=&quot;intake-intro&quot;
        &gt;
          Please provide detailed information about your dog to help us create the best training plan.
        &lt;/p&gt;
        &lt;form
          class=&quot;intake-form&quot;
        &gt;
          &lt;div
            class=&quot;form-section&quot;
          &gt;
            &lt;h3&gt;
              Basic Information
            &lt;/h3&gt;
            &lt;div
              class=&quot;form-row&quot;
            &gt;
              &lt;div
                class=&quot;form-group&quot;
              &gt;
                &lt;label
                  for=&quot;dogName&quot;
                &gt;
                  Dog&apos;s Name *
                &lt;/label&gt;
                &lt;input
                  id=&quot;dogName&quot;
                  name=&quot;dogName&quot;
                  placeholder=&quot;e.g., Buddy&quot;
                  required=&quot;&quot;
                  type=&quot;text&quot;
                  value=&quot;Buddy&quot;
                /&gt;
              &lt;/div&gt;
              &lt;div
                class=&quot;form-group&quot;
              &gt;
                &lt;label
                  for=&quot;breed&quot;
                &gt;
                  Breed *
                &lt;/label&gt;
                &lt;input
                  id=&quot;breed&quot;
                  name=&quot;breed&quot;
                  placeholder=&quot;e.g., Golden Retriever, Mixed&quot;
                  required=&quot;&quot;
                  type=&quot;text&quot;
                  value=&quot;&quot;
                /&gt;
              &lt;/div&gt;
            &lt;/div&gt;
            &lt;div
              class=&quot;form-row&quot;
            &gt;
              &lt;div
                class=&quot;form-group&quot;
              &gt;
                &lt;label
                  for=&quot;age&quot;
                &gt;
                  Age (years) *
                &lt;/label&gt;
                &lt;input
                  id=&quot;age&quot;
                  max=&quot;30&quot;
                  min=&quot;0&quot;
                  name=&quot;age&quot;
                  placeholder=&quot;e.g., 2.5&quot;
                  required=&quot;&quot;
                  step=&quot;0.5&quot;
                  type=&quot;number&quot;
                  value=&quot;0&quot;
                /&gt;
              &lt;/div&gt;
              &lt;div
                class=&quot;form-group&quot;
              &gt;
                &lt;label
                  for=&quot;weight&quot;
                &gt;
                  Weight (lbs) *
                &lt;/label&gt;
                &lt;input
                  id=&quot;weight&quot;
                  max=&quot;300&quot;
                  min=&quot;1&quot;
                  name=&quot;weight&quot;
                  placeholder=&quot;e.g., 65&quot;
                  required=&quot;&quot;
                  type=&quot;number&quot;
                  value=&quot;0&quot;
                /&gt;
              &lt;/div&gt;
              &lt;div
                class=&quot;form-group&quot;
              &gt;
                &lt;label
                  for=&quot;sex&quot;
                &gt;
                  Sex
                &lt;/label&gt;
                &lt;select
                  id=&quot;sex&quot;
                  name=&quot;sex&quot;
                &gt;
                  &lt;option
                    value=&quot;male&quot;
                  &gt;
                    Male
                  &lt;/option&gt;
                  &lt;option
                    value=&quot;female&quot;
                  &gt;
                    Female
                  &lt;/option&gt;
                &lt;/select&gt;
              &lt;/div&gt;
            &lt;/div&gt;
            &lt;div
              class=&quot;checkbox-group&quot;
            &gt;
              &lt;label
                class=&quot;checkbox-label&quot;
              &gt;
                &lt;input
                  name=&quot;spayedNeutered&quot;
                  type=&quot;checkbox&quot;
                /&gt;
                Spayed/Neutered
              &lt;/label&gt;
              &lt;label
                class=&quot;checkbox-label required-checkbox&quot;
              &gt;
                &lt;input
                  name=&quot;vaccinationUpToDate&quot;
                  required=&quot;&quot;
                  type=&quot;checkbox&quot;
                /&gt;
                Current on all vaccinations (DHPP, Rabies, Bordetella) *
              &lt;/label&gt;
            &lt;/div&gt;
          &lt;/div&gt;
          &lt;div
            class=&quot;form-section&quot;
          &gt;
            &lt;h3&gt;
              Health Information
            &lt;/h3&gt;
            &lt;div
              class=&quot;form-group&quot;
            &gt;
              &lt;label
                for=&quot;medicalConditions&quot;
              &gt;
                Medical Conditions/Allergies
              &lt;/label&gt;
              &lt;textarea
                id=&quot;medicalConditions&quot;
                name=&quot;medicalConditions&quot;
                placeholder=&quot;List any medical conditions, allergies, or physical limitations...&quot;
                rows=&quot;3&quot;
              /&gt;
            &lt;/div&gt;
            &lt;div
              class=&quot;form-group&quot;
            &gt;
              &lt;label
                for=&quot;currentMedications&quot;
              &gt;
                Current Medications
              &lt;/label&gt;
              &lt;textarea
                id=&quot;currentMedications&quot;
                name=&quot;currentMedications&quot;
                placeholder=&quot;List any medications your dog is currently taking...&quot;
                rows=&quot;2&quot;
              /&gt;
            &lt;/div&gt;
            &lt;div
              class=&quot;form-group&quot;
            &gt;
              &lt;label
                for=&quot;vetInfo&quot;
              &gt;
                Veterinarian Information
              &lt;/label&gt;
              &lt;textarea
                id=&quot;vetInfo&quot;
                name=&quot;vetInfo&quot;
                placeholder=&quot;Vet name, clinic, and phone number...&quot;
                rows=&quot;2&quot;
              /&gt;
            &lt;/div&gt;
          &lt;/div&gt;
          &lt;div
            class=&quot;form-section&quot;
          &gt;
            &lt;h3&gt;
              Behavior &amp; Training Background
            &lt;/h3&gt;
            &lt;div
              class=&quot;form-row&quot;
            &gt;
              &lt;div
                class=&quot;form-group&quot;
              &gt;
                &lt;label
                  for=&quot;energyLevel&quot;
                &gt;
                  Energy Level
                &lt;/label&gt;
                &lt;select
                  id=&quot;energyLevel&quot;
                  name=&quot;energyLevel&quot;
                &gt;
                  &lt;option
                    value=&quot;low&quot;
                  &gt;
                    Low - Calm, prefers to rest
                  &lt;/option&gt;
                  &lt;option
                    value=&quot;medium&quot;
                  &gt;
                    Medium - Moderate activity
                  &lt;/option&gt;
                  &lt;option
                    value=&quot;high&quot;
                  &gt;
                    High - Very active, needs lots of exercise
                  &lt;/option&gt;
                &lt;/select&gt;
              &lt;/div&gt;
              &lt;div
                class=&quot;form-group&quot;
              &gt;
                &lt;label
                  for=&quot;socialization&quot;
                &gt;
                  Socialization Level
                &lt;/label&gt;
                &lt;select
                  id=&quot;socialization&quot;
                  name=&quot;socialization&quot;
                &gt;
                  &lt;option
                    value=&quot;excellent&quot;
                  &gt;
                    Excellent - Great with people and dogs
                  &lt;/option&gt;
                  &lt;option
                    value=&quot;good&quot;
                  &gt;
                    Good - Generally friendly
                  &lt;/option&gt;
                  &lt;option
                    value=&quot;fair&quot;
                  &gt;
                    Fair - Selective about interactions
                  &lt;/option&gt;
                  &lt;option
                    value=&quot;poor&quot;
                  &gt;
                    Poor - Fearful or reactive
                  &lt;/option&gt;
                &lt;/select&gt;
              &lt;/div&gt;
            &lt;/div&gt;
            &lt;div
              class=&quot;form-group&quot;
            &gt;
              &lt;label
                for=&quot;behaviorConcerns&quot;
              &gt;
                Behavior Concerns
              &lt;/label&gt;
              &lt;textarea
                id=&quot;behaviorConcerns&quot;
                name=&quot;behaviorConcerns&quot;
                placeholder=&quot;Describe any behavior issues: jumping, pulling, barking, aggression, anxiety, etc...&quot;
                rows=&quot;4&quot;
              /&gt;
            &lt;/div&gt;
            &lt;div
              class=&quot;form-group&quot;
            &gt;
              &lt;label
                for=&quot;trainingGoals&quot;
              &gt;
                Training Goals
              &lt;/label&gt;
              &lt;textarea
                id=&quot;trainingGoals&quot;
                name=&quot;trainingGoals&quot;
                placeholder=&quot;What would you like to achieve through training?&quot;
                rows=&quot;3&quot;
              /&gt;
            &lt;/div&gt;
            &lt;div
              class=&quot;form-group&quot;
            &gt;
              &lt;label
                for=&quot;previousTraining&quot;
              &gt;
                Previous Training Experience
              &lt;/label&gt;
              &lt;textarea
                id=&quot;previousTraining&quot;
                name=&quot;previousTraining&quot;
                placeholder=&quot;Describe any previous training, classes, or methods used...&quot;
                rows=&quot;3&quot;
              /&gt;
            &lt;/div&gt;
          &lt;/div&gt;
          &lt;div
            class=&quot;form-section&quot;
          &gt;
            &lt;h3&gt;
              Emergency Contact
            &lt;/h3&gt;
            &lt;div
              class=&quot;form-row&quot;
            &gt;
              &lt;div
                class=&quot;form-group&quot;
              &gt;
                &lt;label
                  for=&quot;emergencyContact&quot;
                &gt;
                  Emergency Contact Name *
                &lt;/label&gt;
                &lt;input
                  id=&quot;emergencyContact&quot;
                  name=&quot;emergencyContact&quot;
                  placeholder=&quot;Name of emergency contact&quot;
                  required=&quot;&quot;
                  type=&quot;text&quot;
                  value=&quot;&quot;
                /&gt;
              &lt;/div&gt;
              &lt;div
                class=&quot;form-group&quot;
              &gt;
                &lt;label
                  for=&quot;emergencyPhone&quot;
                &gt;
                  Emergency Contact Phone *
                &lt;/label&gt;
                &lt;input
                  id=&quot;emergencyPhone&quot;
                  name=&quot;emergencyPhone&quot;
                  placeholder=&quot;(555) 123-4567&quot;
                  required=&quot;&quot;
                  type=&quot;tel&quot;
                  value=&quot;&quot;
                /&gt;
              &lt;/div&gt;
            &lt;/div&gt;
          &lt;/div&gt;
          &lt;div
            class=&quot;form-section&quot;
          &gt;
            &lt;h3&gt;
              Additional Information
            &lt;/h3&gt;
            &lt;div
              class=&quot;form-group&quot;
            &gt;
              &lt;label
                for=&quot;specialInstructions&quot;
              &gt;
                Special Instructions or Notes
              &lt;/label&gt;
              &lt;textarea
                id=&quot;specialInstructions&quot;
                name=&quot;specialInstructions&quot;
                placeholder=&quot;Any other information that would help us provide better care for your dog...&quot;
                rows=&quot;3&quot;
              /&gt;
            &lt;/div&gt;
          &lt;/div&gt;
          &lt;div
            class=&quot;form-actions&quot;
          &gt;
            &lt;button
              class=&quot;btn submit-btn&quot;
              type=&quot;submit&quot;
            &gt;
              Complete Intake Form 📋
            &lt;/button&gt;
          &lt;/div&gt;
        &lt;/form&gt;
      &lt;/div&gt;
    &lt;/div&gt;
  &lt;/div&gt;
&lt;/body&gt;
    at Object.getElementError (/Users/nathanaronson/amp/dog-training-scheduler/node_modules/@testing-library/dom/dist/config.js:37:19)
    at getElementError (/Users/nathanaronson/amp/dog-training-scheduler/node_modules/@testing-library/dom/dist/query-helpers.js:20:35)
    at getMultipleElementsFoundError (/Users/nathanaronson/amp/dog-training-scheduler/node_modules/@testing-library/dom/dist/query-helpers.js:23:10)
    at /Users/nathanaronson/amp/dog-training-scheduler/node_modules/@testing-library/dom/dist/query-helpers.js:55:13
    at getByDisplayValue (/Users/nathanaronson/amp/dog-training-scheduler/node_modules/@testing-library/dom/dist/query-helpers.js:95:19)
    at Object.&lt;anonymous&gt; (/Users/nathanaronson/amp/dog-training-scheduler/src/__tests__/integration/UserWorkflow.test.tsx:62:35)</failure>
    </testcase>
    <testcase classname="User Workflow Integration Tests Customer Onboarding Flow blocks access to main app without completed onboarding" name="User Workflow Integration Tests Customer Onboarding Flow blocks access to main app without completed onboarding" time="0.009">
    </testcase>
    <testcase classname="User Workflow Integration Tests Customer Booking Flow allows customer to book a private lesson" name="User Workflow Integration Tests Customer Booking Flow allows customer to book a private lesson" time="0.093">
    </testcase>
    <testcase classname="User Workflow Integration Tests Customer Booking Flow allows customer to enroll in group class" name="User Workflow Integration Tests Customer Booking Flow allows customer to enroll in group class" time="0.115">
    </testcase>
    <testcase classname="User Workflow Integration Tests Owner Workflow allows owner to access all management features" name="User Workflow Integration Tests Owner Workflow allows owner to access all management features" time="1.147">
      <failure>Error: Unable to find an element with the text: Owner Dashboard. This could be because the text is broken up by multiple elements. In this case, you can provide a function for your text matcher to make your matcher more flexible.

Ignored nodes: comments, script, style
&lt;body&gt;
  &lt;div&gt;
    &lt;div
      class=&quot;App&quot;
    &gt;
      &lt;header
        class=&quot;header&quot;
      &gt;
        &lt;div
          class=&quot;header-content&quot;
        &gt;
          &lt;div
            class=&quot;logo&quot;
          &gt;
            &lt;span
              class=&quot;poodle-icon&quot;
            &gt;
              🐕
            &lt;/span&gt;
            &lt;h1&gt;
              Next Step Paws
            &lt;/h1&gt;
            &lt;span
              class=&quot;poodle-icon&quot;
            &gt;
              🐕
            &lt;/span&gt;
          &lt;/div&gt;
          &lt;p
            class=&quot;tagline&quot;
          &gt;
            Professional dog training with personalized care
          &lt;/p&gt;
        &lt;/div&gt;
      &lt;/header&gt;
      &lt;div
        class=&quot;user-header&quot;
      &gt;
        &lt;div
          class=&quot;user-info&quot;
        &gt;
          &lt;span&gt;
            Welcome, 
            Next Step Paws Owner
            ! (
            owner
            )
          &lt;/span&gt;
        &lt;/div&gt;
        &lt;div
          class=&quot;user-actions&quot;
        &gt;
          &lt;button
            class=&quot;btn profile-btn&quot;
          &gt;
            Profile
          &lt;/button&gt;
          &lt;button
            class=&quot;btn logout-btn&quot;
          &gt;
            Logout
          &lt;/button&gt;
        &lt;/div&gt;
      &lt;/div&gt;
      &lt;nav
        class=&quot;main-nav&quot;
      &gt;
        &lt;button
          class=&quot;nav-btn &quot;
        &gt;
          Group Classes
        &lt;/button&gt;
        &lt;button
          class=&quot;nav-btn &quot;
        &gt;
          Private Lessons
        &lt;/button&gt;
        &lt;button
          class=&quot;nav-btn &quot;
        &gt;
          Contact Us
        &lt;/button&gt;
        &lt;button
          class=&quot;nav-btn &quot;
        &gt;
          Set Availability
        &lt;/button&gt;
        &lt;button
          class=&quot;nav-btn &quot;
        &gt;
          Lesson Notes
        &lt;/button&gt;
        &lt;button
          class=&quot;nav-btn active&quot;
        &gt;
          Dashboard
        &lt;/button&gt;
      &lt;/nav&gt;
      &lt;main
        class=&quot;main-content&quot;
      &gt;
        &lt;div
          class=&quot;owner-dashboard&quot;
        &gt;
          &lt;div
            class=&quot;dashboard-header&quot;
          &gt;
            &lt;h2&gt;
              🐕 Owner Dashboard 🐕
            &lt;/h2&gt;
            &lt;p&gt;
              Manage your canine training business
            &lt;/p&gt;
          &lt;/div&gt;
          &lt;nav
            class=&quot;dashboard-nav&quot;
          &gt;
            &lt;button
              class=&quot;nav-btn active&quot;
            &gt;
              📅 Available Slots
            &lt;/button&gt;
            &lt;button
              class=&quot;nav-btn &quot;
            &gt;
              📝 Bookings (
              0
              )
            &lt;/button&gt;
            &lt;button
              class=&quot;nav-btn &quot;
            &gt;
              🐕 Group Classes
            &lt;/button&gt;
            &lt;button
              class=&quot;nav-btn &quot;
            &gt;
              ✏️ Manage Classes
            &lt;/button&gt;
          &lt;/nav&gt;
          &lt;div
            class=&quot;dashboard-section&quot;
          &gt;
            &lt;div
              class=&quot;card&quot;
            &gt;
              &lt;h3&gt;
                Add Available Time Slots
              &lt;/h3&gt;
              &lt;div
                class=&quot;slot-creator&quot;
              &gt;
                &lt;div
                  class=&quot;calendar-section&quot;
                &gt;
                  &lt;h4&gt;
                    Select Dates
                  &lt;/h4&gt;
                  &lt;div
                    class=&quot;calendar&quot;
                  &gt;
                    &lt;div
                      class=&quot;calendar-header&quot;
                    &gt;
                      &lt;button
                        class=&quot;nav-btn small&quot;
                        type=&quot;button&quot;
                      &gt;
                        ←
                      &lt;/button&gt;
                      &lt;h5&gt;
                        August
                         
                        2025
                      &lt;/h5&gt;
                      &lt;button
                        class=&quot;nav-btn small&quot;
                        type=&quot;button&quot;
                      &gt;
                        →
                      &lt;/button&gt;
                    &lt;/div&gt;
                    &lt;div
                      class=&quot;calendar-grid&quot;
                    &gt;
                      &lt;div
                        class=&quot;day-header&quot;
                      &gt;
                        Sun
                      &lt;/div&gt;
                      &lt;div
                        class=&quot;day-header&quot;
                      &gt;
                        Mon
                      &lt;/div&gt;
                      &lt;div
                        class=&quot;day-header&quot;
                      &gt;
                        Tue
                      &lt;/div&gt;
                      &lt;div
                        class=&quot;day-header&quot;
                      &gt;
                        Wed
                      &lt;/div&gt;
                      &lt;div
                        class=&quot;day-header&quot;
                      &gt;
                        Thu
                      &lt;/div&gt;
                      &lt;div
                        class=&quot;day-header&quot;
                      &gt;
                        Fri
                      &lt;/div&gt;
                      &lt;div
                        class=&quot;day-header&quot;
                      &gt;
                        Sat
                      &lt;/div&gt;
                      &lt;div
                        class=&quot;calendar-cell&quot;
                      /&gt;
                      &lt;div
                        class=&quot;calendar-cell&quot;
                      /&gt;
                      &lt;div
                        class=&quot;calendar-cell&quot;
                      /&gt;
                      &lt;div
                        class=&quot;calendar-cell&quot;
                      /&gt;
                      &lt;div
                        class=&quot;calendar-cell&quot;
                      /&gt;
                      &lt;div
                        class=&quot;calendar-cell&quot;
                      &gt;
                        &lt;button
                          class=&quot;date-btn  past&quot;
                          disabled=&quot;&quot;
                          type=&quot;button&quot;
                        &gt;
                          1
                        &lt;/button&gt;
                      &lt;/div&gt;
                      &lt;div
                        class=&quot;calendar-cell&quot;
                      &gt;
                        &lt;button
                          class=&quot;date-btn  past&quot;
                          disabled=&quot;&quot;
                          type=&quot;button&quot;
                        &gt;
                          2
                        &lt;/button&gt;
                      &lt;/div&gt;
                      &lt;div
                        class=&quot;calendar-cell&quot;
                      &gt;
                        &lt;button
                          class=&quot;date-btn  past&quot;
                          disabled=&quot;&quot;
                          type=&quot;button&quot;
                        &gt;
                          3
                        &lt;/button&gt;
                      &lt;/div&gt;
                      &lt;div
                        class=&quot;calendar-cell&quot;
                      &gt;
                        &lt;button
                          class=&quot;date-btn  past&quot;
                          disabled=&quot;&quot;
                          type=&quot;button&quot;
                        &gt;
                          4
                        &lt;/button&gt;
                      &lt;/div&gt;
                      &lt;div
                        class=&quot;calendar-cell&quot;
                      &gt;
                        &lt;button
                          class=&quot;date-btn  past&quot;
                          disabled=&quot;&quot;
                          type=&quot;button&quot;
                        &gt;
                          5
                        &lt;/button&gt;
                      &lt;/div&gt;
                      &lt;div
                        class=&quot;calendar-cell&quot;
                      &gt;
                        &lt;button
                          class=&quot;date-btn  past&quot;
                          disabled=&quot;&quot;
                          type=&quot;button&quot;
                        &gt;
                          6
                        &lt;/button&gt;
                      &lt;/div&gt;
                      &lt;div
                        class=&quot;calendar-cell&quot;
                      &gt;
                        &lt;button
                          class=&quot;date-btn  past&quot;
                          disabled=&quot;&quot;
                          type=&quot;button&quot;
                        &gt;
                          7
                        &lt;/button&gt;
                      &lt;/div&gt;
                      &lt;div
                        class=&quot;calendar-cell&quot;
                      &gt;
                        &lt;button
                          class=&quot;date-btn  past&quot;
                          disabled=&quot;&quot;
                          type=&quot;button&quot;
                        &gt;
                          8
                        &lt;/button&gt;
                      &lt;/div&gt;
                      &lt;div
                        class=&quot;calendar-cell&quot;
                      &gt;
                        &lt;button
                          class=&quot;date-btn  past&quot;
                          disabled=&quot;&quot;
                          type=&quot;button&quot;
                        &gt;
                          9
                        &lt;/button&gt;
                      &lt;/div&gt;
                      &lt;div
                        class=&quot;calendar-cell&quot;
                      &gt;
                        &lt;button
                          class=&quot;date-btn  &quot;
                          type=&quot;button&quot;
                        &gt;
                          10
                        &lt;/button&gt;
                      &lt;/div&gt;
                      &lt;div
                        class=&quot;calendar-cell&quot;
                      &gt;
                        &lt;button
                          class=&quot;date-btn  &quot;
                          type=&quot;button&quot;
                        &gt;
                          11
                        &lt;/button&gt;
                      &lt;/div&gt;
                      &lt;div
                        class=&quot;calendar-cell&quot;
                      &gt;
                        &lt;button
                          class=&quot;date-btn  &quot;
                          type=&quot;button&quot;
                        &gt;
                          12
                        &lt;/button&gt;
                      &lt;/div&gt;
                      &lt;div
                        class=&quot;calendar-cell&quot;
                      &gt;
                        &lt;button
                          class=&quot;date-btn  &quot;
                          type=&quot;button&quot;
                        &gt;
                          13
                        &lt;/button&gt;
                      &lt;/div&gt;
                      &lt;div
                        class=&quot;calendar-cell&quot;
                      &gt;
                        &lt;button
                          class=&quot;date-btn  &quot;
                          type=&quot;button&quot;
                        &gt;
                          14
                        &lt;/button&gt;
                      &lt;/div&gt;
                      &lt;div
                        class=&quot;calendar-cell&quot;
                      &gt;
                        &lt;button
                          class=&quot;date-btn  &quot;
                          type=&quot;button&quot;
                        &gt;
                          15
                        &lt;/button&gt;
                      &lt;/div&gt;
                      &lt;div
                        class=&quot;calendar-cell&quot;
                      &gt;
                        &lt;button
                          class=&quot;date-btn  &quot;
                          type=&quot;button&quot;
                        &gt;
                          16
                        &lt;/button&gt;
                      &lt;/div&gt;
                      &lt;div
                        class=&quot;calendar-cell&quot;
                      &gt;
                        &lt;button
                          class=&quot;date-btn  &quot;
                          type=&quot;button&quot;
                        &gt;
                          17
                        &lt;/button&gt;
                      &lt;/div&gt;
                      &lt;div
                        class=&quot;calendar-cell&quot;
                      &gt;
                        &lt;button
                          class=&quot;date-btn  &quot;
                          type=&quot;button&quot;
                        &gt;
                          18
                        &lt;/button&gt;
                      &lt;/div&gt;
                      &lt;div
                        class=&quot;calendar-cell&quot;
                      &gt;
                        &lt;button
                          class=&quot;date-btn  &quot;
                          type=&quot;button&quot;
                        &gt;
                          19
                        &lt;/button&gt;
                      &lt;/div&gt;
                      &lt;div
                        class=&quot;calendar-cell&quot;
                      &gt;
                        &lt;button
                          class=&quot;date-btn  &quot;
                          type=&quot;button&quot;
                        &gt;
                          20
                        &lt;/button&gt;
                      &lt;/div&gt;
                      &lt;div
                        class=&quot;calendar-cell&quot;
                      &gt;
                        &lt;button
                          class=&quot;date-btn  &quot;
                          type=&quot;button&quot;
                        &gt;
                          21
                        &lt;/button&gt;
                      &lt;/div&gt;
                      &lt;div
                        class=&quot;calendar-cell&quot;
                      &gt;
                        &lt;button
                          class=&quot;date-btn  &quot;
                          type=&quot;button&quot;
                        &gt;
                          22
                        &lt;/button&gt;
                      &lt;/div&gt;
                      &lt;div
                        class=&quot;calendar-cell&quot;
                      &gt;
                        &lt;button
                          class=&quot;date-btn  &quot;
                          type=&quot;button&quot;
                        &gt;
                          23
                        &lt;/button&gt;
                      &lt;/div&gt;
                      &lt;div
                        class=&quot;calendar-cell&quot;
                      &gt;
                        &lt;button
                          class=&quot;date-btn  &quot;
                          type=&quot;button&quot;
                        &gt;
                          24
                        &lt;/button&gt;
                      &lt;/div&gt;
                      &lt;div
                        class=&quot;calendar-cell&quot;
                      &gt;
                        &lt;button
                          class=&quot;date-btn  &quot;
                          type=&quot;button&quot;
                        &gt;
                          25
                        &lt;/button&gt;
                      &lt;/div&gt;
                      &lt;div
                        class=&quot;calendar-cell&quot;
                      &gt;
                        &lt;button
                          class=&quot;date-btn  &quot;
                          type=&quot;button&quot;
                        &gt;
                          26
                        &lt;/button&gt;
                      &lt;/div&gt;
                      &lt;div
                        class=&quot;calendar-cell&quot;
                      &gt;
                        &lt;button
                          class=&quot;date-btn  &quot;
                          type=&quot;button&quot;
                        &gt;
                          27
                        &lt;/button&gt;
                      &lt;/div&gt;
                      &lt;div
                        class=&quot;calendar-cell&quot;
                      &gt;
                        &lt;button
                          class=&quot;date-btn  &quot;
                          type=&quot;button&quot;
                        &gt;
                          28
                        &lt;/button&gt;
                      &lt;/div&gt;
                      &lt;div
                        class=&quot;calendar-cell&quot;
                      &gt;
                        &lt;button
                          class=&quot;date-btn  &quot;
                          type=&quot;button&quot;
                        &gt;
                          29
                        &lt;/button&gt;
                      &lt;/div&gt;
                      &lt;div
                        class=&quot;calendar-cell&quot;
                      &gt;
                        &lt;button
                          class=&quot;date-btn  &quot;
                          type=&quot;button&quot;
                        &gt;
                          30
                        &lt;/button&gt;
                      &lt;/div&gt;
                      &lt;div
                        class=&quot;calendar-cell&quot;
                      &gt;
                        &lt;button
                          class=&quot;date-btn  &quot;
                          type=&quot;button&quot;
                        &gt;
                          31
                        &lt;/button&gt;
                      &lt;/div&gt;
                    &lt;/div&gt;
                  &lt;/div&gt;
                &lt;/div&gt;
                &lt;div
                  class=&quot;time-section&quot;
                &gt;
                  &lt;h4&gt;
                    Select Time Slots
                  &lt;/h4&gt;
                  &lt;div
                    class=&quot;time-grid&quot;
                  &gt;
                    &lt;label
                      class=&quot;time-option&quot;
                    &gt;
                      &lt;input
                        type=&quot;checkbox&quot;
                      /&gt;
                      &lt;span
                        class=&quot;time-label&quot;
                      &gt;
                        9:00 AM
                      &lt;/span&gt;
                    &lt;/label&gt;
                    &lt;label
                      class=&quot;time-option&quot;
                    &gt;
                      &lt;input
                        type=&quot;checkbox&quot;
                      /&gt;
                      &lt;span
                        class=&quot;time-label&quot;
                      &gt;
                        10:00 AM
                      &lt;/span&gt;
                    &lt;/label&gt;
                    &lt;label
                      class=&quot;time-option&quot;
                    &gt;
                      &lt;input
                        type=&quot;checkbox&quot;
                      /&gt;
                      &lt;span
                        class=&quot;time-label&quot;
                      &gt;
                        11:00 AM
                      &lt;/span&gt;
                    &lt;/label&gt;
                    &lt;label
                      class=&quot;time-option&quot;
                    &gt;
                      &lt;input
                        type=&quot;checkbox&quot;
                      /&gt;
                      &lt;span
                        class=&quot;time-label&quot;
                      &gt;
                        12:00 PM
                      &lt;/span&gt;
                    &lt;/label&gt;
                    &lt;label
                      class=&quot;time-option&quot;
                    &gt;
                      &lt;input
                        type=&quot;checkbox&quot;
                      /&gt;
                      &lt;span
                        class=&quot;time-label&quot;
                      &gt;
                        1:00 PM
                      &lt;/span&gt;
                    &lt;/label&gt;
                    &lt;label
                      class=&quot;time-option&quot;
                    &gt;
                      &lt;input
                        type=&quot;checkbox&quot;
                      /&gt;
                      &lt;span
                        class=&quot;time-label&quot;
                      &gt;
                        2:00 PM
                      &lt;/span&gt;
                    &lt;/label&gt;
                    &lt;label
                      class=&quot;time-option&quot;
                    &gt;
                      &lt;input
                        type=&quot;checkbox&quot;
                      /&gt;
                      &lt;span
                        class=&quot;time-label&quot;
                      &gt;
                        3:00 PM
                      &lt;/span&gt;
                    &lt;/label&gt;
                    &lt;label
                      class=&quot;time-option&quot;
                    &gt;
                      &lt;input
                        type=&quot;checkbox&quot;
                      /&gt;
                      &lt;span
                        class=&quot;time-label&quot;
                      &gt;
                        4:00 PM
                      &lt;/span&gt;
                    &lt;/label&gt;
                    &lt;label
                      class=&quot;time-option&quot;
                    &gt;
                      &lt;input
                        type=&quot;checkbox&quot;
                      /&gt;
                      &lt;span
                        class=&quot;time-label&quot;
                      &gt;
                        5:00 PM
                      &lt;/span&gt;
                    &lt;/label&gt;
                  &lt;/div&gt;
                &lt;/div&gt;
                &lt;div
                  class=&quot;add-slots-action&quot;
                &gt;
                  &lt;button
                    class=&quot;btn add-slots-btn&quot;
                    disabled=&quot;&quot;
                  &gt;
                    Add 
                    0
                     Time Slots
                  &lt;/button&gt;
                &lt;/div&gt;
              &lt;/div&gt;
            &lt;/div&gt;
            &lt;div
              class=&quot;card&quot;
            &gt;
              &lt;h3&gt;
                Available Slots (
                0
                )
              &lt;/h3&gt;
              &lt;div
                class=&quot;slots-grid&quot;
              &gt;
                &lt;p
                  class=&quot;no-items&quot;
                &gt;
                  No available slots. Add some above!
                &lt;/p&gt;
              &lt;/div&gt;
            &lt;/div&gt;
          &lt;/div&gt;
        &lt;/div&gt;
      &lt;/main&gt;
    &lt;/div&gt;
  &lt;/div&gt;
&lt;/body&gt;
    at waitForWrapper (/Users/nathanaronson/amp/dog-training-scheduler/node_modules/@testing-library/dom/dist/wait-for.js:163:27)
    at Object.&lt;anonymous&gt; (/Users/nathanaronson/amp/dog-training-scheduler/src/__tests__/integration/UserWorkflow.test.tsx:205:20)</failure>
    </testcase>
    <testcase classname="User Workflow Integration Tests Profile Management allows user to update their profile" name="User Workflow Integration Tests Profile Management allows user to update their profile" time="0.034">
    </testcase>
    <testcase classname="User Workflow Integration Tests Navigation and State Persistence maintains user session across navigation" name="User Workflow Integration Tests Navigation and State Persistence maintains user session across navigation" time="0.043">
    </testcase>
    <testcase classname="User Workflow Integration Tests Navigation and State Persistence handles logout correctly" name="User Workflow Integration Tests Navigation and State Persistence handles logout correctly" time="0.012">
    </testcase>
    <testcase classname="User Workflow Integration Tests Error Handling handles localStorage errors gracefully" name="User Workflow Integration Tests Error Handling handles localStorage errors gracefully" time="0.002">
    </testcase>
    <testcase classname="User Workflow Integration Tests Error Handling handles invalid JSON in localStorage" name="User Workflow Integration Tests Error Handling handles invalid JSON in localStorage" time="0.001">
    </testcase>
  </testsuite>
</testsuites>